******************************************************************************
                  TI ARM Linker PC v16.9.1                     
******************************************************************************
>> Linked Tue Nov 07 23:17:34 2017

OUTPUT FILE NAME:   <Copy of lab9.out>
ENTRY POINT SYMBOL: "_c_int00"  address: 00004839


MEMORY CONFIGURATION

         name            origin    length      used     unused   attr    fill
----------------------  --------  ---------  --------  --------  ----  --------
  FLASH                 00000000   00040000  00004e9a  0003b166  R  X
  SRAM                  20000000   00008000  000012ec  00006d14  RW X


SEGMENT ALLOCATION MAP

run origin  load origin   length   init length attrs members
----------  ----------- ---------- ----------- ----- -------
00000000    00000000    00004ea0   00004ea0    r-x
  00000000    00000000    0000026c   0000026c    r-- .intvecs
  0000026c    0000026c    0000494e   0000494e    r-x .text
  00004bc0    00004bc0    00000298   00000298    r-- .const
  00004e58    00004e58    00000048   00000048    r-- .cinit
20000000    20000000    000012ec   00000000    rw-
  20000000    20000000    0000026c   00000000    rw- .vtable
  2000026c    2000026c    00001000   00000000    rw- .stack
  2000126c    2000126c    00000064   00000000    rw- .bss
  200012d0    200012d0    0000001c   00000000    rw- .data


SECTION ALLOCATION MAP

 output                                  attributes/
section   page    origin      length       input sections
--------  ----  ----------  ----------   ----------------
.intvecs   0    00000000    0000026c     
                  00000000    0000026c     tm4c123gh6pm_startup_ccs.obj (.intvecs)

.text      0    0000026c    0000494e     
                  0000026c    0000113e     rtsv7M4_T_le_v4SPD16_eabi.lib : _printfi.obj (.text)
                  000013aa    00000002                                   : mpu_init.obj (.text)
                  000013ac    000009ac                                   : e_pow.obj (.text)
                  00001d58    00000994     lab9.obj (.text)
                  000026ec    00000738     rtsv7M4_T_le_v4SPD16_eabi.lib : k_rem_pio2.obj (.text)
                  00002e24    000005c4                                   : s_sin.obj (.text)
                  000033e8    000002ec     lcd.obj (.text)
                  000036d4    000001f4     rtsv7M4_T_le_v4SPD16_eabi.lib : ull_div_t2.obj (.text)
                  000038c8    000001b6                                   : fd_add_t2.obj (.text)
                  00003a7e    00000002                                   : startup.obj (.text)
                  00003a80    00000174                                   : k_sin.obj (.text)
                  00003bf4    00000170                                   : e_sqrt.obj (.text)
                  00003d64    0000016c                                   : k_cos.obj (.text)
                  00003ed0    00000158     timer.obj (.text)
                  00004028    00000136     rtsv7M4_T_le_v4SPD16_eabi.lib : fd_div_t2.obj (.text)
                  0000415e    000000fc                                   : fd_mul_t2.obj (.text)
                  0000425a    00000002     --HOLE-- [fill = 0]
                  0000425c    000000fc                                   : s_scalbn.obj (.text)
                  00004358    000000f8                                   : s_floor.obj (.text)
                  00004450    0000009c                                   : memcpy_t2.obj (.text)
                  000044ec    00000088                                   : vsnprintf.obj (.text)
                  00004574    00000086                                   : fd_cmp_t2.obj (.text:__aeabi_cdcmple)
                  000045fa    00000086                                   : fd_cmp_t2.obj (.text:__aeabi_cdrcmple)
                  00004680    0000007a                                   : memset_t2.obj (.text)
                  000046fa    00000002     --HOLE-- [fill = 0]
                  000046fc    00000070                                   : autoinit.obj (.text)
                  0000476c    00000068                                   : copy_decompress_lzss.obj (.text:decompress:lzss)
                  000047d4    00000064                                   : s_frexp.obj (.text)
                  00004838    00000054                                   : boot.obj (.text)
                  0000488c    00000054                                   : exit.obj (.text)
                  000048e0    00000054                                   : ltoa.obj (.text)
                  00004934    0000004c                                   : atoi.obj (.text)
                  00004980    0000004c                                   : cpy_tbl.obj (.text)
                  000049cc    00000048                                   : fd_toi_t2.obj (.text)
                  00004a14    00000038                                   : fs_tod_t2.obj (.text)
                  00004a4c    00000034     driverlib.lib : interrupt.obj (.text:IntRegister)
                  00004a80    0000002e     rtsv7M4_T_le_v4SPD16_eabi.lib : i_tofd_t2.obj (.text)
                  00004aae    0000001c                                   : memccpy.obj (.text)
                  00004aca    00000002     --HOLE-- [fill = 0]
                  00004acc    00000018                                   : args_main.obj (.text)
                  00004ae4    00000018                                   : strcmp.obj (.text)
                  00004afc    00000016                                   : strchr.obj (.text)
                  00004b12    00000002     --HOLE-- [fill = 0]
                  00004b14    00000014                                   : _lock.obj (.text)
                  00004b28    00000014                                   : s_copysign.obj (.text)
                  00004b3c    00000014                                   : strcpy.obj (.text)
                  00004b50    00000014                                   : strlen.obj (.text)
                  00004b64    00000010     driverlib.lib : interrupt.obj (.text:IntMasterEnable)
                  00004b74    00000010     lcd.obj (.text:lcd_clear)
                  00004b84    0000000e     rtsv7M4_T_le_v4SPD16_eabi.lib : copy_decompress_none.obj (.text:decompress:none)
                  00004b92    0000000c     driverlib.lib : cpu.obj (.text:CPUcpsie)
                  00004b9e    0000000c     rtsv7M4_T_le_v4SPD16_eabi.lib : copy_zero_init.obj (.text:decompress:ZI)
                  00004baa    0000000c     tm4c123gh6pm_startup_ccs.obj (.text)
                  00004bb6    00000004     rtsv7M4_T_le_v4SPD16_eabi.lib : pre_init.obj (.text)

.const     0    00004bc0    00000298     
                  00004bc0    00000158     rtsv7M4_T_le_v4SPD16_eabi.lib : k_rem_pio2.obj (.const:$O1$$)
                  00004d18    00000101                                   : ctype.obj (.const:.string:_ctypes_)
                  00004e19    00000004     lcd.obj (.const:.string:lineAddress$1)
                  00004e1d    00000003     --HOLE-- [fill = 0]
                  00004e20    00000030     rtsv7M4_T_le_v4SPD16_eabi.lib : e_pow.obj (.const:$O1$$)
                  00004e50    00000004     lcd.obj (.const:.string:lineAddresses$2)
                  00004e54    00000004     lab9.obj (.const)

.cinit     0    00004e58    00000048     
                  00004e58    00000011     (.cinit..data.load) [load image, compression = lzss]
                  00004e69    00000003     --HOLE-- [fill = 0]
                  00004e6c    0000000c     (__TI_handler_table)
                  00004e78    00000008     (.cinit..bss.load) [load image, compression = zero_init]
                  00004e80    00000008     (.cinit..vtable.load) [load image, compression = zero_init]
                  00004e88    00000018     (__TI_cinit_table)

.init_array 
*          0    00000000    00000000     UNINITIALIZED

.vtable    0    20000000    0000026c     UNINITIALIZED
                  20000000    0000026c     driverlib.lib : interrupt.obj (.vtable)

.stack     0    2000026c    00001000     UNINITIALIZED
                  2000026c    00001000     --HOLE--

.bss       0    2000126c    00000064     UNINITIALIZED
                  2000126c    00000054     lcd.obj (.bss:lastbuffer$3)
                  200012c0    00000004     (.common:clock_edge)
                  200012c4    00000004     (.common:falling_time)
                  200012c8    00000004     (.common:read_clock_edge)
                  200012cc    00000004     (.common:rising_time)

.data      0    200012d0    0000001c     UNINITIALIZED
                  200012d0    0000000c     rtsv7M4_T_le_v4SPD16_eabi.lib : exit.obj (.data:$O1$$)
                  200012dc    00000008                                   : _lock.obj (.data:$O1$$)
                  200012e4    00000004                                   : errno.obj (.data)
                  200012e8    00000004                                   : stkdepth_vars.obj (.data)

MODULE SUMMARY

       Module                         code    ro data   rw data
       ------                         ----    -------   -------
    .\
       lab9.obj                       2452    4         16     
       lcd.obj                        764     8         84     
       tm4c123gh6pm_startup_ccs.obj   12      620       0      
       timer.obj                      344     0         0      
    +--+------------------------------+-------+---------+---------+
       Total:                         3572    632       100    
                                                               
    C:/ti/TivaWare_C_Series-2.1.2.111/driverlib/ccs/Debug/driverlib.lib
       interrupt.obj                  68      0         620    
       cpu.obj                        12      0         0      
    +--+------------------------------+-------+---------+---------+
       Total:                         80      0         620    
                                                               
    C:\ti\ccsv7\tools\compiler\ti-cgt-arm_16.9.1.LTS\lib\rtsv7M4_T_le_v4SPD16_eabi.lib
       _printfi.obj                   4414    0         0      
       e_pow.obj                      2476    48        0      
       k_rem_pio2.obj                 1848    344       0      
       s_sin.obj                      1476    0         0      
       ull_div_t2.obj                 500     0         0      
       fd_add_t2.obj                  438     0         0      
       k_sin.obj                      372     0         0      
       e_sqrt.obj                     368     0         0      
       k_cos.obj                      364     0         0      
       fd_div_t2.obj                  310     0         0      
       fd_cmp_t2.obj                  268     0         0      
       ctype.obj                      0       257       0      
       fd_mul_t2.obj                  252     0         0      
       s_scalbn.obj                   252     0         0      
       s_floor.obj                    248     0         0      
       memcpy_t2.obj                  156     0         0      
       vsnprintf.obj                  136     0         0      
       memset_t2.obj                  122     0         0      
       autoinit.obj                   112     0         0      
       copy_decompress_lzss.obj       104     0         0      
       s_frexp.obj                    100     0         0      
       exit.obj                       84      0         12     
       boot.obj                       84      0         0      
       ltoa.obj                       84      0         0      
       atoi.obj                       76      0         0      
       cpy_tbl.obj                    76      0         0      
       fd_toi_t2.obj                  72      0         0      
       fs_tod_t2.obj                  56      0         0      
       i_tofd_t2.obj                  46      0         0      
       _lock.obj                      20      0         8      
       memccpy.obj                    28      0         0      
       args_main.obj                  24      0         0      
       strcmp.obj                     24      0         0      
       strchr.obj                     22      0         0      
       s_copysign.obj                 20      0         0      
       strcpy.obj                     20      0         0      
       strlen.obj                     20      0         0      
       copy_decompress_none.obj       14      0         0      
       copy_zero_init.obj             12      0         0      
       errno.obj                      0       0         4      
       pre_init.obj                   4       0         0      
       stkdepth_vars.obj              0       0         4      
       mpu_init.obj                   2       0         0      
       startup.obj                    2       0         0      
    +--+------------------------------+-------+---------+---------+
       Total:                         15106   649       28     
                                                               
       Stack:                         0       0         4096   
       Linker Generated:              0       69        0      
    +--+------------------------------+-------+---------+---------+
       Grand Total:                   18758   1350      4844   


LINKER GENERATED COPY TABLES

__TI_cinit_table @ 00004e88 records: 3, size/record: 8, table size: 24
	.data: load addr=00004e58, load size=00000011 bytes, run addr=200012d0, run size=0000001c bytes, compression=lzss
	.bss: load addr=00004e78, load size=00000008 bytes, run addr=2000126c, run size=00000064 bytes, compression=zero_init
	.vtable: load addr=00004e80, load size=00000008 bytes, run addr=20000000, run size=0000026c bytes, compression=zero_init


LINKER GENERATED HANDLER TABLE

__TI_handler_table @ 00004e6c records: 3, size/record: 4, table size: 12
	index: 0, handler: __TI_zero_init
	index: 1, handler: __TI_decompress_lzss
	index: 2, handler: __TI_decompress_none


GLOBAL SYMBOLS: SORTED ALPHABETICALLY BY Name 

address   name                           
-------   ----                           
0000205f  ADC0_getDistance               
00001fcf  ADC0_init                      
00002041  ADC0_readData                  
0000488d  C$$EXIT                        
00004b93  CPUcpsie                       
00004b65  IntMasterEnable                
00004a4d  IntRegister                    
00004bab  ResetISR                       
UNDEFED   SHT$$INIT_ARRAY$$Base          
UNDEFED   SHT$$INIT_ARRAY$$Limit         
00001f99  TIMER3B_Handler                
0000228d  WiFi_start                     
2000126c  __STACK_END                    
00001000  __STACK_SIZE                   
2000046c  __STACK_TOP                    
00004e88  __TI_CINIT_Base                
00004ea0  __TI_CINIT_Limit               
00004e6c  __TI_Handler_Table_Base        
00004e78  __TI_Handler_Table_Limit       
000046fd  __TI_auto_init                 
200012d0  __TI_cleanup_ptr               
0000476d  __TI_decompress_lzss           
00004b85  __TI_decompress_none           
200012d4  __TI_dtors_ptr                 
200012d8  __TI_enable_exit_profile_output
ffffffff  __TI_pprof_out_hndl            
00000ab1  __TI_printfi                   
ffffffff  __TI_prof_data_size            
ffffffff  __TI_prof_data_start           
00000000  __TI_static_base__             
00004b9f  __TI_zero_init                 
00004575  __aeabi_cdcmpeq                
00004575  __aeabi_cdcmple                
000045fb  __aeabi_cdrcmple               
000049cd  __aeabi_d2iz                   
000038d3  __aeabi_dadd                   
00004029  __aeabi_ddiv                   
0000415f  __aeabi_dmul                   
000038c9  __aeabi_dsub                   
00004a15  __aeabi_f2d                    
00004a81  __aeabi_i2d                    
00004681  __aeabi_memclr                 
00004681  __aeabi_memclr4                
00004681  __aeabi_memclr8                
00004451  __aeabi_memcpy                 
00004451  __aeabi_memcpy4                
00004451  __aeabi_memcpy8                
00004683  __aeabi_memset                 
00004683  __aeabi_memset4                
00004683  __aeabi_memset8                
000036d5  __aeabi_uldivmod               
ffffffff  __binit__                      
ffffffff  __c_args__                     
00003d65  __kernel_cos                   
000026ed  __kernel_rem_pio2              
00003a81  __kernel_sin                   
000013ab  __mpu_init                     
2000026c  __stack                        
00004acd  _args_main                     
00004839  _c_int00                       
00004d18  _ctypes_                       
200012dc  _lock                          
00004b23  _nop                           
00004b1b  _register_lock                 
00004b15  _register_unlock               
00003a7f  _system_post_cinit             
00004bb7  _system_pre_init               
200012e0  _unlock                        
00004891  abort                          
00004935  atoi                           
ffffffff  binit                          
00001f7f  check_overflow                 
200012c0  clock_edge                     
00004981  copy_in                        
00004b29  copysign                       
00004b29  copysignl                      
200012e4  errno                          
00004899  exit                           
200012c4  falling_time                   
00004359  floor                          
00004359  floorl                         
000047d5  frexp                          
000047d5  frexpl                         
20000000  g_pfnRAMVectors                
00000000  g_pfnVectors                   
00004b75  lcd_clear                      
00003581  lcd_gotoLine                   
000033e9  lcd_init                       
000035e7  lcd_printf                     
000034a9  lcd_putc                       
000034e1  lcd_puts                       
000034ff  lcd_sendCommand                
0000353d  lcd_sendNibble                 
000035a9  lcd_setCursorPos               
0000425d  ldexp                          
0000425d  ldexpl                         
000048e1  ltoa                           
00002361  main                           
200012e8  main_func_sp                   
00004e54  max_pulse_period               
00004aaf  memccpy                        
00004451  memcpy                         
00004689  memset                         
00001e45  ping_init                      
000013ad  pow                            
000013ad  powl                           
200012c8  read_clock_edge                
200012cc  rising_time                    
0000425d  scalbn                         
0000425d  scalbnl                        
00001eeb  send_pulse                     
00001df9  servo_angle                    
00001d59  servo_init                     
00002e25  sin                            
00002e25  sinl                           
00003bf5  sqrt                           
00003bf5  sqrtl                          
00004afd  strchr                         
00004ae5  strcmp                         
00004b3d  strcpy                         
00004b51  strlen                         
00003fe1  timer_getClock                 
00003f95  timer_startClock               
00003f2f  timer_startTimer               
00003fe7  timer_stopClock                
00003f7f  timer_stopTimer                
00003f05  timer_waitMicros               
00003ed1  timer_waitMillis               
000020e1  uart_init                      
00002179  uart_receive                   
000021ad  uart_sendChar                  
00002209  uart_sendEmptyString           
000021e1  uart_sendString                
000044ed  vsnprintf                      
00002233  waitForChar                    


GLOBAL SYMBOLS: SORTED BY Symbol Address 

address   name                           
-------   ----                           
00000000  __TI_static_base__             
00000000  g_pfnVectors                   
00000ab1  __TI_printfi                   
00001000  __STACK_SIZE                   
000013ab  __mpu_init                     
000013ad  pow                            
000013ad  powl                           
00001d59  servo_init                     
00001df9  servo_angle                    
00001e45  ping_init                      
00001eeb  send_pulse                     
00001f7f  check_overflow                 
00001f99  TIMER3B_Handler                
00001fcf  ADC0_init                      
00002041  ADC0_readData                  
0000205f  ADC0_getDistance               
000020e1  uart_init                      
00002179  uart_receive                   
000021ad  uart_sendChar                  
000021e1  uart_sendString                
00002209  uart_sendEmptyString           
00002233  waitForChar                    
0000228d  WiFi_start                     
00002361  main                           
000026ed  __kernel_rem_pio2              
00002e25  sin                            
00002e25  sinl                           
000033e9  lcd_init                       
000034a9  lcd_putc                       
000034e1  lcd_puts                       
000034ff  lcd_sendCommand                
0000353d  lcd_sendNibble                 
00003581  lcd_gotoLine                   
000035a9  lcd_setCursorPos               
000035e7  lcd_printf                     
000036d5  __aeabi_uldivmod               
000038c9  __aeabi_dsub                   
000038d3  __aeabi_dadd                   
00003a7f  _system_post_cinit             
00003a81  __kernel_sin                   
00003bf5  sqrt                           
00003bf5  sqrtl                          
00003d65  __kernel_cos                   
00003ed1  timer_waitMillis               
00003f05  timer_waitMicros               
00003f2f  timer_startTimer               
00003f7f  timer_stopTimer                
00003f95  timer_startClock               
00003fe1  timer_getClock                 
00003fe7  timer_stopClock                
00004029  __aeabi_ddiv                   
0000415f  __aeabi_dmul                   
0000425d  ldexp                          
0000425d  ldexpl                         
0000425d  scalbn                         
0000425d  scalbnl                        
00004359  floor                          
00004359  floorl                         
00004451  __aeabi_memcpy                 
00004451  __aeabi_memcpy4                
00004451  __aeabi_memcpy8                
00004451  memcpy                         
000044ed  vsnprintf                      
00004575  __aeabi_cdcmpeq                
00004575  __aeabi_cdcmple                
000045fb  __aeabi_cdrcmple               
00004681  __aeabi_memclr                 
00004681  __aeabi_memclr4                
00004681  __aeabi_memclr8                
00004683  __aeabi_memset                 
00004683  __aeabi_memset4                
00004683  __aeabi_memset8                
00004689  memset                         
000046fd  __TI_auto_init                 
0000476d  __TI_decompress_lzss           
000047d5  frexp                          
000047d5  frexpl                         
00004839  _c_int00                       
0000488d  C$$EXIT                        
00004891  abort                          
00004899  exit                           
000048e1  ltoa                           
00004935  atoi                           
00004981  copy_in                        
000049cd  __aeabi_d2iz                   
00004a15  __aeabi_f2d                    
00004a4d  IntRegister                    
00004a81  __aeabi_i2d                    
00004aaf  memccpy                        
00004acd  _args_main                     
00004ae5  strcmp                         
00004afd  strchr                         
00004b15  _register_unlock               
00004b1b  _register_lock                 
00004b23  _nop                           
00004b29  copysign                       
00004b29  copysignl                      
00004b3d  strcpy                         
00004b51  strlen                         
00004b65  IntMasterEnable                
00004b75  lcd_clear                      
00004b85  __TI_decompress_none           
00004b93  CPUcpsie                       
00004b9f  __TI_zero_init                 
00004bab  ResetISR                       
00004bb7  _system_pre_init               
00004d18  _ctypes_                       
00004e54  max_pulse_period               
00004e6c  __TI_Handler_Table_Base        
00004e78  __TI_Handler_Table_Limit       
00004e88  __TI_CINIT_Base                
00004ea0  __TI_CINIT_Limit               
20000000  g_pfnRAMVectors                
2000026c  __stack                        
2000046c  __STACK_TOP                    
2000126c  __STACK_END                    
200012c0  clock_edge                     
200012c4  falling_time                   
200012c8  read_clock_edge                
200012cc  rising_time                    
200012d0  __TI_cleanup_ptr               
200012d4  __TI_dtors_ptr                 
200012d8  __TI_enable_exit_profile_output
200012dc  _lock                          
200012e0  _unlock                        
200012e4  errno                          
200012e8  main_func_sp                   
ffffffff  __TI_pprof_out_hndl            
ffffffff  __TI_prof_data_size            
ffffffff  __TI_prof_data_start           
ffffffff  __binit__                      
ffffffff  __c_args__                     
ffffffff  binit                          
UNDEFED   SHT$$INIT_ARRAY$$Base          
UNDEFED   SHT$$INIT_ARRAY$$Limit         

[135 symbols]
