<?xml version="1.0"?>
<link_info>
   <banner>TI ARM Linker PC v16.9.1.LTS</banner>
   <copyright>Copyright (c) 1996-2015 Texas Instruments Incorporated</copyright>
   <link_time>0x5a2b26fa</link_time>
   <link_errors>0x0</link_errors>
   <output_file>Final Project.out</output_file>
   <entry_point>
      <name>_c_int00</name>
      <address>0x5ee9</address>
   </entry_point>
   <input_file_list>
      <input_file id="fl-2">
         <path>.\</path>
         <kind>object</kind>
         <file>WiFi.obj</file>
         <name>WiFi.obj</name>
      </input_file>
      <input_file id="fl-3">
         <path>.\</path>
         <kind>object</kind>
         <file>ir.obj</file>
         <name>ir.obj</name>
      </input_file>
      <input_file id="fl-4">
         <path>.\</path>
         <kind>object</kind>
         <file>lcd.obj</file>
         <name>lcd.obj</name>
      </input_file>
      <input_file id="fl-5">
         <path>.\</path>
         <kind>object</kind>
         <file>main.obj</file>
         <name>main.obj</name>
      </input_file>
      <input_file id="fl-6">
         <path>.\</path>
         <kind>object</kind>
         <file>movement.obj</file>
         <name>movement.obj</name>
      </input_file>
      <input_file id="fl-7">
         <path>.\</path>
         <kind>object</kind>
         <file>open_interface.obj</file>
         <name>open_interface.obj</name>
      </input_file>
      <input_file id="fl-8">
         <path>.\</path>
         <kind>object</kind>
         <file>ping.obj</file>
         <name>ping.obj</name>
      </input_file>
      <input_file id="fl-9">
         <path>.\</path>
         <kind>object</kind>
         <file>servo.obj</file>
         <name>servo.obj</name>
      </input_file>
      <input_file id="fl-a">
         <path>.\</path>
         <kind>object</kind>
         <file>timer.obj</file>
         <name>timer.obj</name>
      </input_file>
      <input_file id="fl-b">
         <path>.\</path>
         <kind>object</kind>
         <file>tm4c123gh6pm_startup_ccs.obj</file>
         <name>tm4c123gh6pm_startup_ccs.obj</name>
      </input_file>
      <input_file id="fl-c">
         <path>.\</path>
         <kind>object</kind>
         <file>uart.obj</file>
         <name>uart.obj</name>
      </input_file>
      <input_file id="fl-c7">
         <path>C:\ti\ccsv7\tools\compiler\ti-cgt-arm_16.9.1.LTS\lib\</path>
         <kind>archive</kind>
         <file>rtsv7M4_T_le_v4SPD16_eabi.lib</file>
         <name>boot.obj</name>
      </input_file>
      <input_file id="fl-c8">
         <path>C:\ti\ccsv7\tools\compiler\ti-cgt-arm_16.9.1.LTS\lib\</path>
         <kind>archive</kind>
         <file>rtsv7M4_T_le_v4SPD16_eabi.lib</file>
         <name>copy_decompress_lzss.obj</name>
      </input_file>
      <input_file id="fl-c9">
         <path>C:\ti\ccsv7\tools\compiler\ti-cgt-arm_16.9.1.LTS\lib\</path>
         <kind>archive</kind>
         <file>rtsv7M4_T_le_v4SPD16_eabi.lib</file>
         <name>copy_decompress_none.obj</name>
      </input_file>
      <input_file id="fl-ca">
         <path>C:\ti\ccsv7\tools\compiler\ti-cgt-arm_16.9.1.LTS\lib\</path>
         <kind>archive</kind>
         <file>rtsv7M4_T_le_v4SPD16_eabi.lib</file>
         <name>copy_zero_init.obj</name>
      </input_file>
      <input_file id="fl-cb">
         <path>C:\ti\ccsv7\tools\compiler\ti-cgt-arm_16.9.1.LTS\lib\</path>
         <kind>archive</kind>
         <file>rtsv7M4_T_le_v4SPD16_eabi.lib</file>
         <name>e_pow.obj</name>
      </input_file>
      <input_file id="fl-cc">
         <path>C:\ti\ccsv7\tools\compiler\ti-cgt-arm_16.9.1.LTS\lib\</path>
         <kind>archive</kind>
         <file>rtsv7M4_T_le_v4SPD16_eabi.lib</file>
         <name>e_sqrt.obj</name>
      </input_file>
      <input_file id="fl-cd">
         <path>C:\ti\ccsv7\tools\compiler\ti-cgt-arm_16.9.1.LTS\lib\</path>
         <kind>archive</kind>
         <file>rtsv7M4_T_le_v4SPD16_eabi.lib</file>
         <name>errno.obj</name>
      </input_file>
      <input_file id="fl-ce">
         <path>C:\ti\ccsv7\tools\compiler\ti-cgt-arm_16.9.1.LTS\lib\</path>
         <kind>archive</kind>
         <file>rtsv7M4_T_le_v4SPD16_eabi.lib</file>
         <name>exit.obj</name>
      </input_file>
      <input_file id="fl-cf">
         <path>C:\ti\ccsv7\tools\compiler\ti-cgt-arm_16.9.1.LTS\lib\</path>
         <kind>archive</kind>
         <file>rtsv7M4_T_le_v4SPD16_eabi.lib</file>
         <name>fd_add_t2.obj</name>
      </input_file>
      <input_file id="fl-d0">
         <path>C:\ti\ccsv7\tools\compiler\ti-cgt-arm_16.9.1.LTS\lib\</path>
         <kind>archive</kind>
         <file>rtsv7M4_T_le_v4SPD16_eabi.lib</file>
         <name>fd_cmp_t2.obj</name>
      </input_file>
      <input_file id="fl-d1">
         <path>C:\ti\ccsv7\tools\compiler\ti-cgt-arm_16.9.1.LTS\lib\</path>
         <kind>archive</kind>
         <file>rtsv7M4_T_le_v4SPD16_eabi.lib</file>
         <name>fd_div_t2.obj</name>
      </input_file>
      <input_file id="fl-d2">
         <path>C:\ti\ccsv7\tools\compiler\ti-cgt-arm_16.9.1.LTS\lib\</path>
         <kind>archive</kind>
         <file>rtsv7M4_T_le_v4SPD16_eabi.lib</file>
         <name>fd_mul_t2.obj</name>
      </input_file>
      <input_file id="fl-d3">
         <path>C:\ti\ccsv7\tools\compiler\ti-cgt-arm_16.9.1.LTS\lib\</path>
         <kind>archive</kind>
         <file>rtsv7M4_T_le_v4SPD16_eabi.lib</file>
         <name>fd_toi_t2.obj</name>
      </input_file>
      <input_file id="fl-d4">
         <path>C:\ti\ccsv7\tools\compiler\ti-cgt-arm_16.9.1.LTS\lib\</path>
         <kind>archive</kind>
         <file>rtsv7M4_T_le_v4SPD16_eabi.lib</file>
         <name>fd_tos_t2.obj</name>
      </input_file>
      <input_file id="fl-d5">
         <path>C:\ti\ccsv7\tools\compiler\ti-cgt-arm_16.9.1.LTS\lib\</path>
         <kind>archive</kind>
         <file>rtsv7M4_T_le_v4SPD16_eabi.lib</file>
         <name>fs_tod_t2.obj</name>
      </input_file>
      <input_file id="fl-d6">
         <path>C:\ti\ccsv7\tools\compiler\ti-cgt-arm_16.9.1.LTS\lib\</path>
         <kind>archive</kind>
         <file>rtsv7M4_T_le_v4SPD16_eabi.lib</file>
         <name>i_tofd_t2.obj</name>
      </input_file>
      <input_file id="fl-d7">
         <path>C:\ti\ccsv7\tools\compiler\ti-cgt-arm_16.9.1.LTS\lib\</path>
         <kind>archive</kind>
         <file>rtsv7M4_T_le_v4SPD16_eabi.lib</file>
         <name>memcpy_t2.obj</name>
      </input_file>
      <input_file id="fl-d8">
         <path>C:\ti\ccsv7\tools\compiler\ti-cgt-arm_16.9.1.LTS\lib\</path>
         <kind>archive</kind>
         <file>rtsv7M4_T_le_v4SPD16_eabi.lib</file>
         <name>memory.obj</name>
      </input_file>
      <input_file id="fl-d9">
         <path>C:\ti\ccsv7\tools\compiler\ti-cgt-arm_16.9.1.LTS\lib\</path>
         <kind>archive</kind>
         <file>rtsv7M4_T_le_v4SPD16_eabi.lib</file>
         <name>memset_t2.obj</name>
      </input_file>
      <input_file id="fl-da">
         <path>C:\ti\ccsv7\tools\compiler\ti-cgt-arm_16.9.1.LTS\lib\</path>
         <kind>archive</kind>
         <file>rtsv7M4_T_le_v4SPD16_eabi.lib</file>
         <name>mpu_init.obj</name>
      </input_file>
      <input_file id="fl-db">
         <path>C:\ti\ccsv7\tools\compiler\ti-cgt-arm_16.9.1.LTS\lib\</path>
         <kind>archive</kind>
         <file>rtsv7M4_T_le_v4SPD16_eabi.lib</file>
         <name>pre_init.obj</name>
      </input_file>
      <input_file id="fl-dc">
         <path>C:\ti\ccsv7\tools\compiler\ti-cgt-arm_16.9.1.LTS\lib\</path>
         <kind>archive</kind>
         <file>rtsv7M4_T_le_v4SPD16_eabi.lib</file>
         <name>s_cos.obj</name>
      </input_file>
      <input_file id="fl-dd">
         <path>C:\ti\ccsv7\tools\compiler\ti-cgt-arm_16.9.1.LTS\lib\</path>
         <kind>archive</kind>
         <file>rtsv7M4_T_le_v4SPD16_eabi.lib</file>
         <name>s_scalbn.obj</name>
      </input_file>
      <input_file id="fl-de">
         <path>C:\ti\ccsv7\tools\compiler\ti-cgt-arm_16.9.1.LTS\lib\</path>
         <kind>archive</kind>
         <file>rtsv7M4_T_le_v4SPD16_eabi.lib</file>
         <name>sprintf.obj</name>
      </input_file>
      <input_file id="fl-df">
         <path>C:\ti\ccsv7\tools\compiler\ti-cgt-arm_16.9.1.LTS\lib\</path>
         <kind>archive</kind>
         <file>rtsv7M4_T_le_v4SPD16_eabi.lib</file>
         <name>stkdepth_vars.obj</name>
      </input_file>
      <input_file id="fl-e0">
         <path>C:\ti\ccsv7\tools\compiler\ti-cgt-arm_16.9.1.LTS\lib\</path>
         <kind>archive</kind>
         <file>rtsv7M4_T_le_v4SPD16_eabi.lib</file>
         <name>strcmp.obj</name>
      </input_file>
      <input_file id="fl-e1">
         <path>C:\ti\ccsv7\tools\compiler\ti-cgt-arm_16.9.1.LTS\lib\</path>
         <kind>archive</kind>
         <file>rtsv7M4_T_le_v4SPD16_eabi.lib</file>
         <name>strcpy.obj</name>
      </input_file>
      <input_file id="fl-e2">
         <path>C:\ti\ccsv7\tools\compiler\ti-cgt-arm_16.9.1.LTS\lib\</path>
         <kind>archive</kind>
         <file>rtsv7M4_T_le_v4SPD16_eabi.lib</file>
         <name>strlen.obj</name>
      </input_file>
      <input_file id="fl-e3">
         <path>C:\ti\ccsv7\tools\compiler\ti-cgt-arm_16.9.1.LTS\lib\</path>
         <kind>archive</kind>
         <file>rtsv7M4_T_le_v4SPD16_eabi.lib</file>
         <name>u_tofd_t2.obj</name>
      </input_file>
      <input_file id="fl-e4">
         <path>C:\ti\ccsv7\tools\compiler\ti-cgt-arm_16.9.1.LTS\lib\</path>
         <kind>archive</kind>
         <file>rtsv7M4_T_le_v4SPD16_eabi.lib</file>
         <name>vsnprintf.obj</name>
      </input_file>
      <input_file id="fl-e5">
         <path>C:\ti\ccsv7\tools\compiler\ti-cgt-arm_16.9.1.LTS\lib\</path>
         <kind>archive</kind>
         <file>rtsv7M4_T_le_v4SPD16_eabi.lib</file>
         <name>_lock.obj</name>
      </input_file>
      <input_file id="fl-e6">
         <path>C:\ti\ccsv7\tools\compiler\ti-cgt-arm_16.9.1.LTS\lib\</path>
         <kind>archive</kind>
         <file>rtsv7M4_T_le_v4SPD16_eabi.lib</file>
         <name>_printfi.obj</name>
      </input_file>
      <input_file id="fl-e7">
         <path>C:\ti\ccsv7\tools\compiler\ti-cgt-arm_16.9.1.LTS\lib\</path>
         <kind>archive</kind>
         <file>rtsv7M4_T_le_v4SPD16_eabi.lib</file>
         <name>args_main.obj</name>
      </input_file>
      <input_file id="fl-e8">
         <path>C:\ti\ccsv7\tools\compiler\ti-cgt-arm_16.9.1.LTS\lib\</path>
         <kind>archive</kind>
         <file>rtsv7M4_T_le_v4SPD16_eabi.lib</file>
         <name>atoi.obj</name>
      </input_file>
      <input_file id="fl-e9">
         <path>C:\ti\ccsv7\tools\compiler\ti-cgt-arm_16.9.1.LTS\lib\</path>
         <kind>archive</kind>
         <file>rtsv7M4_T_le_v4SPD16_eabi.lib</file>
         <name>autoinit.obj</name>
      </input_file>
      <input_file id="fl-ea">
         <path>C:\ti\ccsv7\tools\compiler\ti-cgt-arm_16.9.1.LTS\lib\</path>
         <kind>archive</kind>
         <file>rtsv7M4_T_le_v4SPD16_eabi.lib</file>
         <name>cpy_tbl.obj</name>
      </input_file>
      <input_file id="fl-eb">
         <path>C:\ti\ccsv7\tools\compiler\ti-cgt-arm_16.9.1.LTS\lib\</path>
         <kind>archive</kind>
         <file>rtsv7M4_T_le_v4SPD16_eabi.lib</file>
         <name>ctype.obj</name>
      </input_file>
      <input_file id="fl-ec">
         <path>C:\ti\ccsv7\tools\compiler\ti-cgt-arm_16.9.1.LTS\lib\</path>
         <kind>archive</kind>
         <file>rtsv7M4_T_le_v4SPD16_eabi.lib</file>
         <name>k_cos.obj</name>
      </input_file>
      <input_file id="fl-ed">
         <path>C:\ti\ccsv7\tools\compiler\ti-cgt-arm_16.9.1.LTS\lib\</path>
         <kind>archive</kind>
         <file>rtsv7M4_T_le_v4SPD16_eabi.lib</file>
         <name>k_rem_pio2.obj</name>
      </input_file>
      <input_file id="fl-ee">
         <path>C:\ti\ccsv7\tools\compiler\ti-cgt-arm_16.9.1.LTS\lib\</path>
         <kind>archive</kind>
         <file>rtsv7M4_T_le_v4SPD16_eabi.lib</file>
         <name>k_sin.obj</name>
      </input_file>
      <input_file id="fl-ef">
         <path>C:\ti\ccsv7\tools\compiler\ti-cgt-arm_16.9.1.LTS\lib\</path>
         <kind>archive</kind>
         <file>rtsv7M4_T_le_v4SPD16_eabi.lib</file>
         <name>ltoa.obj</name>
      </input_file>
      <input_file id="fl-f0">
         <path>C:\ti\ccsv7\tools\compiler\ti-cgt-arm_16.9.1.LTS\lib\</path>
         <kind>archive</kind>
         <file>rtsv7M4_T_le_v4SPD16_eabi.lib</file>
         <name>memccpy.obj</name>
      </input_file>
      <input_file id="fl-f1">
         <path>C:\ti\ccsv7\tools\compiler\ti-cgt-arm_16.9.1.LTS\lib\</path>
         <kind>archive</kind>
         <file>rtsv7M4_T_le_v4SPD16_eabi.lib</file>
         <name>s_copysign.obj</name>
      </input_file>
      <input_file id="fl-f2">
         <path>C:\ti\ccsv7\tools\compiler\ti-cgt-arm_16.9.1.LTS\lib\</path>
         <kind>archive</kind>
         <file>rtsv7M4_T_le_v4SPD16_eabi.lib</file>
         <name>s_floor.obj</name>
      </input_file>
      <input_file id="fl-f3">
         <path>C:\ti\ccsv7\tools\compiler\ti-cgt-arm_16.9.1.LTS\lib\</path>
         <kind>archive</kind>
         <file>rtsv7M4_T_le_v4SPD16_eabi.lib</file>
         <name>s_frexp.obj</name>
      </input_file>
      <input_file id="fl-f4">
         <path>C:\ti\ccsv7\tools\compiler\ti-cgt-arm_16.9.1.LTS\lib\</path>
         <kind>archive</kind>
         <file>rtsv7M4_T_le_v4SPD16_eabi.lib</file>
         <name>startup.obj</name>
      </input_file>
      <input_file id="fl-f5">
         <path>C:\ti\ccsv7\tools\compiler\ti-cgt-arm_16.9.1.LTS\lib\</path>
         <kind>archive</kind>
         <file>rtsv7M4_T_le_v4SPD16_eabi.lib</file>
         <name>strchr.obj</name>
      </input_file>
      <input_file id="fl-f6">
         <path>C:\ti\ccsv7\tools\compiler\ti-cgt-arm_16.9.1.LTS\lib\</path>
         <kind>archive</kind>
         <file>rtsv7M4_T_le_v4SPD16_eabi.lib</file>
         <name>ull_div_t2.obj</name>
      </input_file>
      <input_file id="fl-f7">
         <path>C:\ti\TivaWare_C_Series-2.1.2.111\driverlib\ccs\Debug\</path>
         <kind>archive</kind>
         <file>driverlib.lib</file>
         <name>interrupt.obj</name>
      </input_file>
      <input_file id="fl-f8">
         <path>C:\ti\TivaWare_C_Series-2.1.2.111\driverlib\ccs\Debug\</path>
         <kind>archive</kind>
         <file>driverlib.lib</file>
         <name>cpu.obj</name>
      </input_file>
   </input_file_list>
   <object_component_list>
      <object_component id="oc-f">
         <name>.intvecs</name>
         <load_address>0x0</load_address>
         <run_address>0x0</run_address>
         <size>0x26c</size>
         <input_file_ref idref="fl-b"/>
      </object_component>
      <object_component id="oc-1d8">
         <name>.text</name>
         <load_address>0x26c</load_address>
         <run_address>0x26c</run_address>
         <size>0x113e</size>
         <input_file_ref idref="fl-e6"/>
      </object_component>
      <object_component id="oc-5a">
         <name>.text</name>
         <load_address>0x13aa</load_address>
         <run_address>0x13aa</run_address>
         <size>0x2</size>
         <input_file_ref idref="fl-da"/>
      </object_component>
      <object_component id="oc-102">
         <name>.text</name>
         <load_address>0x13ac</load_address>
         <run_address>0x13ac</run_address>
         <size>0xa84</size>
         <input_file_ref idref="fl-7"/>
      </object_component>
      <object_component id="oc-19a">
         <name>.text</name>
         <load_address>0x1e30</load_address>
         <run_address>0x1e30</run_address>
         <size>0x9ac</size>
         <input_file_ref idref="fl-cb"/>
      </object_component>
      <object_component id="oc-1f3">
         <name>.text</name>
         <load_address>0x27dc</load_address>
         <run_address>0x27dc</run_address>
         <size>0x738</size>
         <input_file_ref idref="fl-ed"/>
      </object_component>
      <object_component id="oc-129">
         <name>.text</name>
         <load_address>0x2f14</load_address>
         <run_address>0x2f14</run_address>
         <size>0x5dc</size>
         <input_file_ref idref="fl-dc"/>
      </object_component>
      <object_component id="oc-ae">
         <name>.text</name>
         <load_address>0x34f0</load_address>
         <run_address>0x34f0</run_address>
         <size>0x5a8</size>
         <input_file_ref idref="fl-5"/>
      </object_component>
      <object_component id="oc-108">
         <name>.text</name>
         <load_address>0x3a98</load_address>
         <run_address>0x3a98</run_address>
         <size>0x528</size>
         <input_file_ref idref="fl-6"/>
      </object_component>
      <object_component id="oc-1c1">
         <name>.text</name>
         <load_address>0x3fc0</load_address>
         <run_address>0x3fc0</run_address>
         <size>0x3d0</size>
         <input_file_ref idref="fl-d8"/>
      </object_component>
      <object_component id="oc-de">
         <name>.text</name>
         <load_address>0x4390</load_address>
         <run_address>0x4390</run_address>
         <size>0x2ec</size>
         <input_file_ref idref="fl-4"/>
      </object_component>
      <object_component id="oc-ea">
         <name>.text</name>
         <load_address>0x467c</load_address>
         <run_address>0x467c</run_address>
         <size>0x21c</size>
         <input_file_ref idref="fl-8"/>
      </object_component>
      <object_component id="oc-265">
         <name>.text</name>
         <load_address>0x4898</load_address>
         <run_address>0x4898</run_address>
         <size>0x1f4</size>
         <input_file_ref idref="fl-f6"/>
      </object_component>
      <object_component id="oc-13e">
         <name>.text</name>
         <load_address>0x4a8c</load_address>
         <run_address>0x4a8c</run_address>
         <size>0x1b6</size>
         <input_file_ref idref="fl-cf"/>
      </object_component>
      <object_component id="oc-a6">
         <name>.text</name>
         <load_address>0x4c42</load_address>
         <run_address>0x4c42</run_address>
         <size>0x2</size>
         <input_file_ref idref="fl-f4"/>
      </object_component>
      <object_component id="oc-1f9">
         <name>.text</name>
         <load_address>0x4c44</load_address>
         <run_address>0x4c44</run_address>
         <size>0x174</size>
         <input_file_ref idref="fl-ee"/>
      </object_component>
      <object_component id="oc-143">
         <name>.text</name>
         <load_address>0x4db8</load_address>
         <run_address>0x4db8</run_address>
         <size>0x170</size>
         <input_file_ref idref="fl-cc"/>
      </object_component>
      <object_component id="oc-1e8">
         <name>.text</name>
         <load_address>0x4f28</load_address>
         <run_address>0x4f28</run_address>
         <size>0x16c</size>
         <input_file_ref idref="fl-ec"/>
      </object_component>
      <object_component id="oc-119">
         <name>.text</name>
         <load_address>0x5094</load_address>
         <run_address>0x5094</run_address>
         <size>0x158</size>
         <input_file_ref idref="fl-a"/>
      </object_component>
      <object_component id="oc-134">
         <name>.text</name>
         <load_address>0x51ec</load_address>
         <run_address>0x51ec</run_address>
         <size>0x136</size>
         <input_file_ref idref="fl-d1"/>
      </object_component>
      <object_component id="oc-f6">
         <name>.text</name>
         <load_address>0x5324</load_address>
         <run_address>0x5324</run_address>
         <size>0x134</size>
         <input_file_ref idref="fl-c"/>
      </object_component>
      <object_component id="oc-e4">
         <name>.text</name>
         <load_address>0x5458</load_address>
         <run_address>0x5458</run_address>
         <size>0x118</size>
         <input_file_ref idref="fl-3"/>
      </object_component>
      <object_component id="oc-f0">
         <name>.text</name>
         <load_address>0x5570</load_address>
         <run_address>0x5570</run_address>
         <size>0x100</size>
         <input_file_ref idref="fl-9"/>
      </object_component>
      <object_component id="oc-124">
         <name>.text</name>
         <load_address>0x5670</load_address>
         <run_address>0x5670</run_address>
         <size>0xfc</size>
         <input_file_ref idref="fl-d2"/>
      </object_component>
      <object_component id="oc-23d">
         <name>.text</name>
         <load_address>0x576c</load_address>
         <run_address>0x576c</run_address>
         <size>0xfc</size>
         <input_file_ref idref="fl-dd"/>
      </object_component>
      <object_component id="oc-299">
         <name>.text</name>
         <load_address>0x5868</load_address>
         <run_address>0x5868</run_address>
         <size>0xf8</size>
         <input_file_ref idref="fl-f2"/>
      </object_component>
      <object_component id="oc-fc">
         <name>.text</name>
         <load_address>0x5960</load_address>
         <run_address>0x5960</run_address>
         <size>0xd0</size>
         <input_file_ref idref="fl-2"/>
      </object_component>
      <object_component id="oc-42">
         <name>.text</name>
         <load_address>0x5a30</load_address>
         <run_address>0x5a30</run_address>
         <size>0x9c</size>
         <input_file_ref idref="fl-d7"/>
      </object_component>
      <object_component id="oc-179">
         <name>.text</name>
         <load_address>0x5acc</load_address>
         <run_address>0x5acc</run_address>
         <size>0x88</size>
         <input_file_ref idref="fl-e4"/>
      </object_component>
      <object_component id="oc-1ee">
         <name>.text:__aeabi_cdcmple</name>
         <load_address>0x5b54</load_address>
         <run_address>0x5b54</run_address>
         <size>0x86</size>
         <input_file_ref idref="fl-d0"/>
      </object_component>
      <object_component id="oc-20a">
         <name>.text:__aeabi_cdrcmple</name>
         <load_address>0x5bda</load_address>
         <run_address>0x5bda</run_address>
         <size>0x86</size>
         <input_file_ref idref="fl-d0"/>
      </object_component>
      <object_component id="oc-4e">
         <name>.text</name>
         <load_address>0x5c60</load_address>
         <run_address>0x5c60</run_address>
         <size>0x7a</size>
         <input_file_ref idref="fl-d9"/>
      </object_component>
      <object_component id="oc-66">
         <name>.text</name>
         <load_address>0x5cdc</load_address>
         <run_address>0x5cdc</run_address>
         <size>0x70</size>
         <input_file_ref idref="fl-e9"/>
      </object_component>
      <object_component id="oc-12f">
         <name>.text</name>
         <load_address>0x5d4c</load_address>
         <run_address>0x5d4c</run_address>
         <size>0x6e</size>
         <input_file_ref idref="fl-d4"/>
      </object_component>
      <object_component id="oc-12">
         <name>.text:decompress:lzss</name>
         <load_address>0x5dba</load_address>
         <run_address>0x5dba</run_address>
         <size>0x68</size>
         <input_file_ref idref="fl-c8"/>
      </object_component>
      <object_component id="oc-270">
         <name>.text</name>
         <load_address>0x5e24</load_address>
         <run_address>0x5e24</run_address>
         <size>0x64</size>
         <input_file_ref idref="fl-f3"/>
      </object_component>
      <object_component id="oc-113">
         <name>.text</name>
         <load_address>0x5e88</load_address>
         <run_address>0x5e88</run_address>
         <size>0x60</size>
         <input_file_ref idref="fl-de"/>
      </object_component>
      <object_component id="oc-24">
         <name>.text</name>
         <load_address>0x5ee8</load_address>
         <run_address>0x5ee8</run_address>
         <size>0x54</size>
         <input_file_ref idref="fl-c7"/>
      </object_component>
      <object_component id="oc-72">
         <name>.text</name>
         <load_address>0x5f3c</load_address>
         <run_address>0x5f3c</run_address>
         <size>0x54</size>
         <input_file_ref idref="fl-ce"/>
      </object_component>
      <object_component id="oc-26a">
         <name>.text</name>
         <load_address>0x5f90</load_address>
         <run_address>0x5f90</run_address>
         <size>0x54</size>
         <input_file_ref idref="fl-ef"/>
      </object_component>
      <object_component id="oc-27c">
         <name>.text</name>
         <load_address>0x5fe4</load_address>
         <run_address>0x5fe4</run_address>
         <size>0x4c</size>
         <input_file_ref idref="fl-e8"/>
      </object_component>
      <object_component id="oc-a0">
         <name>.text</name>
         <load_address>0x6030</load_address>
         <run_address>0x6030</run_address>
         <size>0x4c</size>
         <input_file_ref idref="fl-ea"/>
      </object_component>
      <object_component id="oc-10e">
         <name>.text</name>
         <load_address>0x607c</load_address>
         <run_address>0x607c</run_address>
         <size>0x48</size>
         <input_file_ref idref="fl-d3"/>
      </object_component>
      <object_component id="oc-139">
         <name>.text</name>
         <load_address>0x60c4</load_address>
         <run_address>0x60c4</run_address>
         <size>0x38</size>
         <input_file_ref idref="fl-d5"/>
      </object_component>
      <object_component id="oc-1a1">
         <name>.text:IntRegister</name>
         <load_address>0x60fc</load_address>
         <run_address>0x60fc</run_address>
         <size>0x34</size>
         <input_file_ref idref="fl-f7"/>
      </object_component>
      <object_component id="oc-11f">
         <name>.text</name>
         <load_address>0x6130</load_address>
         <run_address>0x6130</run_address>
         <size>0x2e</size>
         <input_file_ref idref="fl-d6"/>
      </object_component>
      <object_component id="oc-195">
         <name>.text</name>
         <load_address>0x615e</load_address>
         <run_address>0x615e</run_address>
         <size>0x20</size>
         <input_file_ref idref="fl-e3"/>
      </object_component>
      <object_component id="oc-282">
         <name>.text</name>
         <load_address>0x617e</load_address>
         <run_address>0x617e</run_address>
         <size>0x1c</size>
         <input_file_ref idref="fl-f0"/>
      </object_component>
      <object_component id="oc-1c7">
         <name>.text:oi_parseInt</name>
         <load_address>0x619a</load_address>
         <run_address>0x619a</run_address>
         <size>0x18</size>
         <input_file_ref idref="fl-7"/>
      </object_component>
      <object_component id="oc-6c">
         <name>.text</name>
         <load_address>0x61b4</load_address>
         <run_address>0x61b4</run_address>
         <size>0x18</size>
         <input_file_ref idref="fl-e7"/>
      </object_component>
      <object_component id="oc-17f">
         <name>.text</name>
         <load_address>0x61cc</load_address>
         <run_address>0x61cc</run_address>
         <size>0x18</size>
         <input_file_ref idref="fl-e0"/>
      </object_component>
      <object_component id="oc-276">
         <name>.text</name>
         <load_address>0x61e4</load_address>
         <run_address>0x61e4</run_address>
         <size>0x16</size>
         <input_file_ref idref="fl-f5"/>
      </object_component>
      <object_component id="oc-15a">
         <name>.text</name>
         <load_address>0x61fc</load_address>
         <run_address>0x61fc</run_address>
         <size>0x14</size>
         <input_file_ref idref="fl-e5"/>
      </object_component>
      <object_component id="oc-2bc">
         <name>.text</name>
         <load_address>0x6210</load_address>
         <run_address>0x6210</run_address>
         <size>0x14</size>
         <input_file_ref idref="fl-f1"/>
      </object_component>
      <object_component id="oc-185">
         <name>.text</name>
         <load_address>0x6224</load_address>
         <run_address>0x6224</run_address>
         <size>0x14</size>
         <input_file_ref idref="fl-e1"/>
      </object_component>
      <object_component id="oc-1b7">
         <name>.text</name>
         <load_address>0x6238</load_address>
         <run_address>0x6238</run_address>
         <size>0x14</size>
         <input_file_ref idref="fl-e2"/>
      </object_component>
      <object_component id="oc-1a7">
         <name>.text:IntMasterEnable</name>
         <load_address>0x624c</load_address>
         <run_address>0x624c</run_address>
         <size>0x10</size>
         <input_file_ref idref="fl-f7"/>
      </object_component>
      <object_component id="oc-172">
         <name>.text:lcd_clear</name>
         <load_address>0x625c</load_address>
         <run_address>0x625c</run_address>
         <size>0x10</size>
         <input_file_ref idref="fl-4"/>
      </object_component>
      <object_component id="oc-18">
         <name>.text:decompress:none</name>
         <load_address>0x626c</load_address>
         <run_address>0x626c</run_address>
         <size>0xe</size>
         <input_file_ref idref="fl-c9"/>
      </object_component>
      <object_component id="oc-24b">
         <name>.text:CPUcpsie</name>
         <load_address>0x627a</load_address>
         <run_address>0x627a</run_address>
         <size>0xc</size>
         <input_file_ref idref="fl-f8"/>
      </object_component>
      <object_component id="oc-1e">
         <name>.text:decompress:ZI</name>
         <load_address>0x6286</load_address>
         <run_address>0x6286</run_address>
         <size>0xc</size>
         <input_file_ref idref="fl-ca"/>
      </object_component>
      <object_component id="oc-2e">
         <name>.text</name>
         <load_address>0x6292</load_address>
         <run_address>0x6292</run_address>
         <size>0xc</size>
         <input_file_ref idref="fl-b"/>
      </object_component>
      <object_component id="oc-60">
         <name>.text</name>
         <load_address>0x629e</load_address>
         <run_address>0x629e</run_address>
         <size>0x4</size>
         <input_file_ref idref="fl-db"/>
      </object_component>
      <object_component id="oc-29f">
         <name>.const:$O1$$</name>
         <load_address>0x62a8</load_address>
         <run_address>0x62a8</run_address>
         <size>0x158</size>
         <input_file_ref idref="fl-ed"/>
      </object_component>
      <object_component id="oc-2d8">
         <name>.const:.string:_ctypes_</name>
         <load_address>0x6400</load_address>
         <run_address>0x6400</run_address>
         <size>0x101</size>
         <input_file_ref idref="fl-eb"/>
      </object_component>
      <object_component id="oc-18b">
         <name>.const:.string:lineAddress$1</name>
         <load_address>0x6501</load_address>
         <run_address>0x6501</run_address>
         <size>0x4</size>
         <input_file_ref idref="fl-4"/>
      </object_component>
      <object_component id="oc-23a">
         <name>.const:$O1$$</name>
         <load_address>0x6508</load_address>
         <run_address>0x6508</run_address>
         <size>0x30</size>
         <input_file_ref idref="fl-cb"/>
      </object_component>
      <object_component id="oc-149">
         <name>.const:.string:$P$T0$1</name>
         <load_address>0x6538</load_address>
         <run_address>0x6538</run_address>
         <size>0x13</size>
         <input_file_ref idref="fl-5"/>
      </object_component>
      <object_component id="oc-14c">
         <name>.const:.string:$P$T1$2</name>
         <load_address>0x654b</load_address>
         <run_address>0x654b</run_address>
         <size>0x13</size>
         <input_file_ref idref="fl-5"/>
      </object_component>
      <object_component id="oc-1cf">
         <name>.const:.string:$P$T0$3</name>
         <load_address>0x655e</load_address>
         <run_address>0x655e</run_address>
         <size>0xf</size>
         <input_file_ref idref="fl-7"/>
      </object_component>
      <object_component id="oc-18c">
         <name>.const:.string:lineAddresses$2</name>
         <load_address>0x656d</load_address>
         <run_address>0x656d</run_address>
         <size>0x4</size>
         <input_file_ref idref="fl-4"/>
      </object_component>
      <object_component id="oc-328">
         <name>.cinit..data.load</name>
         <load_address>0x6578</load_address>
         <run_address>0x6578</run_address>
         <size>0x20</size>
      </object_component>
      <object_component id="oc-325">
         <name>__TI_handler_table</name>
         <load_address>0x6598</load_address>
         <run_address>0x6598</run_address>
         <size>0xc</size>
      </object_component>
      <object_component id="oc-329">
         <name>.cinit..bss.load</name>
         <load_address>0x65a8</load_address>
         <run_address>0x65a8</run_address>
         <size>0x8</size>
      </object_component>
      <object_component id="oc-327">
         <name>.cinit..vtable.load</name>
         <load_address>0x65b0</load_address>
         <run_address>0x65b0</run_address>
         <size>0x8</size>
      </object_component>
      <object_component id="oc-326">
         <name>__TI_cinit_table</name>
         <load_address>0x65b8</load_address>
         <run_address>0x65b8</run_address>
         <size>0x18</size>
      </object_component>
      <object_component id="oc-246">
         <name>.vtable</name>
         <uninitialized>true</uninitialized>
         <run_address>0x20000000</run_address>
         <size>0x26c</size>
         <input_file_ref idref="fl-f7"/>
      </object_component>
      <object_component id="oc-1ce">
         <name>.data</name>
         <load_address>0x200022f0</load_address>
         <run_address>0x200022f0</run_address>
         <size>0x10</size>
         <input_file_ref idref="fl-7"/>
      </object_component>
      <object_component id="oc-1ad">
         <name>.data</name>
         <load_address>0x200022dc</load_address>
         <run_address>0x200022dc</run_address>
         <size>0x14</size>
         <input_file_ref idref="fl-8"/>
      </object_component>
      <object_component id="oc-20f">
         <name>.data</name>
         <load_address>0x20002320</load_address>
         <run_address>0x20002320</run_address>
         <size>0x4</size>
         <input_file_ref idref="fl-cd"/>
      </object_component>
      <object_component id="oc-b6">
         <name>.data:$O1$$</name>
         <load_address>0x20002300</load_address>
         <run_address>0x20002300</run_address>
         <size>0xc</size>
         <input_file_ref idref="fl-ce"/>
      </object_component>
      <object_component id="oc-25b">
         <name>.data:$O1$$</name>
         <load_address>0x2000230c</load_address>
         <run_address>0x2000230c</run_address>
         <size>0xc</size>
         <input_file_ref idref="fl-d8"/>
      </object_component>
      <object_component id="oc-78">
         <name>.data</name>
         <load_address>0x20002324</load_address>
         <run_address>0x20002324</run_address>
         <size>0x4</size>
         <input_file_ref idref="fl-df"/>
      </object_component>
      <object_component id="oc-b9">
         <name>.data:$O1$$</name>
         <load_address>0x20002318</load_address>
         <run_address>0x20002318</run_address>
         <size>0x8</size>
         <input_file_ref idref="fl-e5"/>
      </object_component>
      <object_component id="oc-18d">
         <name>.bss:lastbuffer$3</name>
         <uninitialized>true</uninitialized>
         <run_address>0x20002270</run_address>
         <size>0x54</size>
         <input_file_ref idref="fl-4"/>
      </object_component>
      <object_component id="oc-1d2">
         <name>.bss:firmware$2</name>
         <uninitialized>true</uninitialized>
         <run_address>0x200022c4</run_address>
         <size>0x18</size>
         <input_file_ref idref="fl-7"/>
      </object_component>
      <object_component id="oc-2b">
         <name>.sysmem</name>
         <uninitialized>true</uninitialized>
         <run_address>0x20001270</run_address>
         <size>0x8</size>
         <input_file_ref idref="fl-d8"/>
      </object_component>
      <object_component id="oc-32b">
         <name>.sysmem</name>
         <uninitialized>true</uninitialized>
         <run_address>0x20001270</run_address>
         <size>0x0</size>
      </object_component>
      <object_component id="oc-2a">
         <name>.stack</name>
         <uninitialized>true</uninitialized>
         <run_address>0x2000026c</run_address>
         <size>0x0</size>
         <input_file_ref idref="fl-c7"/>
      </object_component>
      <object_component id="oc-32a">
         <name>.stack</name>
         <uninitialized>true</uninitialized>
         <run_address>0x2000026c</run_address>
         <size>0x0</size>
      </object_component>
      <object_component id="oc-1c0">
         <name>.debug_info</name>
         <load_address>0x0</load_address>
         <run_address>0x0</run_address>
         <size>0x18c</size>
         <input_file_ref idref="fl-2"/>
      </object_component>
      <object_component id="oc-fd">
         <name>.debug_info</name>
         <load_address>0x18c</load_address>
         <run_address>0x18c</run_address>
         <size>0x2ee</size>
         <input_file_ref idref="fl-2"/>
      </object_component>
      <object_component id="oc-3d">
         <name>.debug_info</name>
         <load_address>0x47a</load_address>
         <run_address>0x47a</run_address>
         <size>0x84</size>
         <input_file_ref idref="fl-2"/>
      </object_component>
      <object_component id="oc-83">
         <name>.debug_info</name>
         <load_address>0x4fe</load_address>
         <run_address>0x4fe</run_address>
         <size>0x18b</size>
         <input_file_ref idref="fl-2"/>
      </object_component>
      <object_component id="oc-97">
         <name>.debug_info</name>
         <load_address>0x689</load_address>
         <run_address>0x689</run_address>
         <size>0x2c</size>
         <input_file_ref idref="fl-2"/>
      </object_component>
      <object_component id="oc-190">
         <name>.debug_info</name>
         <load_address>0x6b5</load_address>
         <run_address>0x6b5</run_address>
         <size>0x4e</size>
         <input_file_ref idref="fl-2"/>
      </object_component>
      <object_component id="oc-2b9">
         <name>.debug_info</name>
         <load_address>0x703</load_address>
         <run_address>0x703</run_address>
         <size>0x115</size>
         <input_file_ref idref="fl-3"/>
      </object_component>
      <object_component id="oc-e5">
         <name>.debug_info</name>
         <load_address>0x818</load_address>
         <run_address>0x818</run_address>
         <size>0x186</size>
         <input_file_ref idref="fl-3"/>
      </object_component>
      <object_component id="oc-234">
         <name>.debug_info</name>
         <load_address>0x99e</load_address>
         <run_address>0x99e</run_address>
         <size>0xc8</size>
         <input_file_ref idref="fl-3"/>
      </object_component>
      <object_component id="oc-18f">
         <name>.debug_info</name>
         <load_address>0xa66</load_address>
         <run_address>0xa66</run_address>
         <size>0x1c6</size>
         <input_file_ref idref="fl-4"/>
      </object_component>
      <object_component id="oc-174">
         <name>.debug_info</name>
         <load_address>0xc2c</load_address>
         <run_address>0xc2c</run_address>
         <size>0x111</size>
         <input_file_ref idref="fl-4"/>
      </object_component>
      <object_component id="oc-df">
         <name>.debug_info</name>
         <load_address>0xd3d</load_address>
         <run_address>0xd3d</run_address>
         <size>0x82f</size>
         <input_file_ref idref="fl-4"/>
      </object_component>
      <object_component id="oc-150">
         <name>.debug_info</name>
         <load_address>0x156c</load_address>
         <run_address>0x156c</run_address>
         <size>0x531</size>
         <input_file_ref idref="fl-5"/>
      </object_component>
      <object_component id="oc-14a">
         <name>.debug_info</name>
         <load_address>0x1a9d</load_address>
         <run_address>0x1a9d</run_address>
         <size>0xb8</size>
         <input_file_ref idref="fl-5"/>
      </object_component>
      <object_component id="oc-14d">
         <name>.debug_info</name>
         <load_address>0x1b55</load_address>
         <run_address>0x1b55</run_address>
         <size>0xb8</size>
         <input_file_ref idref="fl-5"/>
      </object_component>
      <object_component id="oc-b1">
         <name>.debug_info</name>
         <load_address>0x1c0d</load_address>
         <run_address>0x1c0d</run_address>
         <size>0x83e</size>
         <input_file_ref idref="fl-5"/>
      </object_component>
      <object_component id="oc-21a">
         <name>.debug_info</name>
         <load_address>0x244b</load_address>
         <run_address>0x244b</run_address>
         <size>0x5aa</size>
         <input_file_ref idref="fl-5"/>
      </object_component>
      <object_component id="oc-1e1">
         <name>.debug_info</name>
         <load_address>0x29f5</load_address>
         <run_address>0x29f5</run_address>
         <size>0x2c</size>
         <input_file_ref idref="fl-5"/>
      </object_component>
      <object_component id="oc-1d6">
         <name>.debug_info</name>
         <load_address>0x2a21</load_address>
         <run_address>0x2a21</run_address>
         <size>0x1e0</size>
         <input_file_ref idref="fl-6"/>
      </object_component>
      <object_component id="oc-109">
         <name>.debug_info</name>
         <load_address>0x2c01</load_address>
         <run_address>0x2c01</run_address>
         <size>0x754</size>
         <input_file_ref idref="fl-6"/>
      </object_component>
      <object_component id="oc-1d4">
         <name>.debug_info</name>
         <load_address>0x3355</load_address>
         <run_address>0x3355</run_address>
         <size>0x277</size>
         <input_file_ref idref="fl-7"/>
      </object_component>
      <object_component id="oc-1d0">
         <name>.debug_info</name>
         <load_address>0x35cc</load_address>
         <run_address>0x35cc</run_address>
         <size>0xc3</size>
         <input_file_ref idref="fl-7"/>
      </object_component>
      <object_component id="oc-1c8">
         <name>.debug_info</name>
         <load_address>0x368f</load_address>
         <run_address>0x368f</run_address>
         <size>0x13b</size>
         <input_file_ref idref="fl-7"/>
      </object_component>
      <object_component id="oc-103">
         <name>.debug_info</name>
         <load_address>0x37ca</load_address>
         <run_address>0x37ca</run_address>
         <size>0x14d5</size>
         <input_file_ref idref="fl-7"/>
      </object_component>
      <object_component id="oc-254">
         <name>.debug_info</name>
         <load_address>0x4c9f</load_address>
         <run_address>0x4c9f</run_address>
         <size>0x1bd</size>
         <input_file_ref idref="fl-8"/>
      </object_component>
      <object_component id="oc-1ae">
         <name>.debug_info</name>
         <load_address>0x4e5c</load_address>
         <run_address>0x4e5c</run_address>
         <size>0x13f</size>
         <input_file_ref idref="fl-8"/>
      </object_component>
      <object_component id="oc-eb">
         <name>.debug_info</name>
         <load_address>0x4f9b</load_address>
         <run_address>0x4f9b</run_address>
         <size>0x282</size>
         <input_file_ref idref="fl-8"/>
      </object_component>
      <object_component id="oc-1b1">
         <name>.debug_info</name>
         <load_address>0x521d</load_address>
         <run_address>0x521d</run_address>
         <size>0x8b</size>
         <input_file_ref idref="fl-8"/>
      </object_component>
      <object_component id="oc-f1">
         <name>.debug_info</name>
         <load_address>0x52a8</load_address>
         <run_address>0x52a8</run_address>
         <size>0x1ac</size>
         <input_file_ref idref="fl-9"/>
      </object_component>
      <object_component id="oc-11c">
         <name>.debug_info</name>
         <load_address>0x5454</load_address>
         <run_address>0x5454</run_address>
         <size>0x3e1</size>
         <input_file_ref idref="fl-a"/>
      </object_component>
      <object_component id="oc-36">
         <name>.debug_info</name>
         <load_address>0x5835</load_address>
         <run_address>0x5835</run_address>
         <size>0xec</size>
         <input_file_ref idref="fl-b"/>
      </object_component>
      <object_component id="oc-10">
         <name>.debug_info</name>
         <load_address>0x5921</load_address>
         <run_address>0x5921</run_address>
         <size>0xd7</size>
         <input_file_ref idref="fl-b"/>
      </object_component>
      <object_component id="oc-30">
         <name>.debug_info</name>
         <load_address>0x59f8</load_address>
         <run_address>0x59f8</run_address>
         <size>0x253</size>
         <input_file_ref idref="fl-b"/>
      </object_component>
      <object_component id="oc-1be">
         <name>.debug_info</name>
         <load_address>0x5c4b</load_address>
         <run_address>0x5c4b</run_address>
         <size>0x10c</size>
         <input_file_ref idref="fl-c"/>
      </object_component>
      <object_component id="oc-fa">
         <name>.debug_info</name>
         <load_address>0x5d57</load_address>
         <run_address>0x5d57</run_address>
         <size>0x27d</size>
         <input_file_ref idref="fl-c"/>
      </object_component>
      <object_component id="oc-25">
         <name>.debug_info</name>
         <load_address>0x5fd4</load_address>
         <run_address>0x5fd4</run_address>
         <size>0x160</size>
         <input_file_ref idref="fl-c7"/>
      </object_component>
      <object_component id="oc-8d">
         <name>.debug_info</name>
         <load_address>0x6134</load_address>
         <run_address>0x6134</run_address>
         <size>0xf9</size>
         <input_file_ref idref="fl-c8"/>
      </object_component>
      <object_component id="oc-13">
         <name>.debug_info</name>
         <load_address>0x622d</load_address>
         <run_address>0x622d</run_address>
         <size>0x245</size>
         <input_file_ref idref="fl-c8"/>
      </object_component>
      <object_component id="oc-38">
         <name>.debug_info</name>
         <load_address>0x6472</load_address>
         <run_address>0x6472</run_address>
         <size>0x60</size>
         <input_file_ref idref="fl-c8"/>
      </object_component>
      <object_component id="oc-88">
         <name>.debug_info</name>
         <load_address>0x64d2</load_address>
         <run_address>0x64d2</run_address>
         <size>0x46</size>
         <input_file_ref idref="fl-c8"/>
      </object_component>
      <object_component id="oc-4d">
         <name>.debug_info</name>
         <load_address>0x6518</load_address>
         <run_address>0x6518</run_address>
         <size>0x140</size>
         <input_file_ref idref="fl-c9"/>
      </object_component>
      <object_component id="oc-1a">
         <name>.debug_info</name>
         <load_address>0x6658</load_address>
         <run_address>0x6658</run_address>
         <size>0x1df</size>
         <input_file_ref idref="fl-c9"/>
      </object_component>
      <object_component id="oc-48">
         <name>.debug_info</name>
         <load_address>0x6837</load_address>
         <run_address>0x6837</run_address>
         <size>0x46</size>
         <input_file_ref idref="fl-c9"/>
      </object_component>
      <object_component id="oc-8f">
         <name>.debug_info</name>
         <load_address>0x687d</load_address>
         <run_address>0x687d</run_address>
         <size>0x2c</size>
         <input_file_ref idref="fl-c9"/>
      </object_component>
      <object_component id="oc-59">
         <name>.debug_info</name>
         <load_address>0x68a9</load_address>
         <run_address>0x68a9</run_address>
         <size>0x12f</size>
         <input_file_ref idref="fl-ca"/>
      </object_component>
      <object_component id="oc-1f">
         <name>.debug_info</name>
         <load_address>0x69d8</load_address>
         <run_address>0x69d8</run_address>
         <size>0x1aa</size>
         <input_file_ref idref="fl-ca"/>
      </object_component>
      <object_component id="oc-54">
         <name>.debug_info</name>
         <load_address>0x6b82</load_address>
         <run_address>0x6b82</run_address>
         <size>0x46</size>
         <input_file_ref idref="fl-ca"/>
      </object_component>
      <object_component id="oc-244">
         <name>.debug_info</name>
         <load_address>0x6bc8</load_address>
         <run_address>0x6bc8</run_address>
         <size>0x201</size>
         <input_file_ref idref="fl-cb"/>
      </object_component>
      <object_component id="oc-23b">
         <name>.debug_info</name>
         <load_address>0x6dc9</load_address>
         <run_address>0x6dc9</run_address>
         <size>0x11d</size>
         <input_file_ref idref="fl-cb"/>
      </object_component>
      <object_component id="oc-19b">
         <name>.debug_info</name>
         <load_address>0x6ee6</load_address>
         <run_address>0x6ee6</run_address>
         <size>0xb75</size>
         <input_file_ref idref="fl-cb"/>
      </object_component>
      <object_component id="oc-201">
         <name>.debug_info</name>
         <load_address>0x7a5b</load_address>
         <run_address>0x7a5b</run_address>
         <size>0x39</size>
         <input_file_ref idref="fl-cb"/>
      </object_component>
      <object_component id="oc-213">
         <name>.debug_info</name>
         <load_address>0x7a94</load_address>
         <run_address>0x7a94</run_address>
         <size>0x149</size>
         <input_file_ref idref="fl-cc"/>
      </object_component>
      <object_component id="oc-144">
         <name>.debug_info</name>
         <load_address>0x7bdd</load_address>
         <run_address>0x7bdd</run_address>
         <size>0x240</size>
         <input_file_ref idref="fl-cc"/>
      </object_component>
      <object_component id="oc-210">
         <name>.debug_info</name>
         <load_address>0x7e1d</load_address>
         <run_address>0x7e1d</run_address>
         <size>0xf3</size>
         <input_file_ref idref="fl-cd"/>
      </object_component>
      <object_component id="oc-bd">
         <name>.debug_info</name>
         <load_address>0x7f10</load_address>
         <run_address>0x7f10</run_address>
         <size>0x234</size>
         <input_file_ref idref="fl-ce"/>
      </object_component>
      <object_component id="oc-b7">
         <name>.debug_info</name>
         <load_address>0x8144</load_address>
         <run_address>0x8144</run_address>
         <size>0x185</size>
         <input_file_ref idref="fl-ce"/>
      </object_component>
      <object_component id="oc-74">
         <name>.debug_info</name>
         <load_address>0x82c9</load_address>
         <run_address>0x82c9</run_address>
         <size>0x214</size>
         <input_file_ref idref="fl-ce"/>
      </object_component>
      <object_component id="oc-13f">
         <name>.debug_info</name>
         <load_address>0x84dd</load_address>
         <run_address>0x84dd</run_address>
         <size>0x144</size>
         <input_file_ref idref="fl-cf"/>
      </object_component>
      <object_component id="oc-1f0">
         <name>.debug_info</name>
         <load_address>0x8621</load_address>
         <run_address>0x8621</run_address>
         <size>0x120</size>
         <input_file_ref idref="fl-d0"/>
      </object_component>
      <object_component id="oc-20b">
         <name>.debug_info</name>
         <load_address>0x8741</load_address>
         <run_address>0x8741</run_address>
         <size>0x122</size>
         <input_file_ref idref="fl-d0"/>
      </object_component>
      <object_component id="oc-135">
         <name>.debug_info</name>
         <load_address>0x8863</load_address>
         <run_address>0x8863</run_address>
         <size>0x132</size>
         <input_file_ref idref="fl-d1"/>
      </object_component>
      <object_component id="oc-125">
         <name>.debug_info</name>
         <load_address>0x8995</load_address>
         <run_address>0x8995</run_address>
         <size>0x132</size>
         <input_file_ref idref="fl-d2"/>
      </object_component>
      <object_component id="oc-111">
         <name>.debug_info</name>
         <load_address>0x8ac7</load_address>
         <run_address>0x8ac7</run_address>
         <size>0x126</size>
         <input_file_ref idref="fl-d3"/>
      </object_component>
      <object_component id="oc-130">
         <name>.debug_info</name>
         <load_address>0x8bed</load_address>
         <run_address>0x8bed</run_address>
         <size>0x136</size>
         <input_file_ref idref="fl-d4"/>
      </object_component>
      <object_component id="oc-13b">
         <name>.debug_info</name>
         <load_address>0x8d23</load_address>
         <run_address>0x8d23</run_address>
         <size>0x124</size>
         <input_file_ref idref="fl-d5"/>
      </object_component>
      <object_component id="oc-120">
         <name>.debug_info</name>
         <load_address>0x8e47</load_address>
         <run_address>0x8e47</run_address>
         <size>0x124</size>
         <input_file_ref idref="fl-d6"/>
      </object_component>
      <object_component id="oc-44">
         <name>.debug_info</name>
         <load_address>0x8f6b</load_address>
         <run_address>0x8f6b</run_address>
         <size>0x111</size>
         <input_file_ref idref="fl-d7"/>
      </object_component>
      <object_component id="oc-7e">
         <name>.debug_info</name>
         <load_address>0x907c</load_address>
         <run_address>0x907c</run_address>
         <size>0x222</size>
         <input_file_ref idref="fl-d8"/>
      </object_component>
      <object_component id="oc-2c">
         <name>.debug_info</name>
         <load_address>0x929e</load_address>
         <run_address>0x929e</run_address>
         <size>0x101</size>
         <input_file_ref idref="fl-d8"/>
      </object_component>
      <object_component id="oc-25c">
         <name>.debug_info</name>
         <load_address>0x939f</load_address>
         <run_address>0x939f</run_address>
         <size>0x14c</size>
         <input_file_ref idref="fl-d8"/>
      </object_component>
      <object_component id="oc-1c4">
         <name>.debug_info</name>
         <load_address>0x94eb</load_address>
         <run_address>0x94eb</run_address>
         <size>0x885</size>
         <input_file_ref idref="fl-d8"/>
      </object_component>
      <object_component id="oc-c3">
         <name>.debug_info</name>
         <load_address>0x9d70</load_address>
         <run_address>0x9d70</run_address>
         <size>0x2c</size>
         <input_file_ref idref="fl-d8"/>
      </object_component>
      <object_component id="oc-c8">
         <name>.debug_info</name>
         <load_address>0x9d9c</load_address>
         <run_address>0x9d9c</run_address>
         <size>0x62</size>
         <input_file_ref idref="fl-d8"/>
      </object_component>
      <object_component id="oc-50">
         <name>.debug_info</name>
         <load_address>0x9dfe</load_address>
         <run_address>0x9dfe</run_address>
         <size>0x13f</size>
         <input_file_ref idref="fl-d9"/>
      </object_component>
      <object_component id="oc-5d">
         <name>.debug_info</name>
         <load_address>0x9f3d</load_address>
         <run_address>0x9f3d</run_address>
         <size>0x138</size>
         <input_file_ref idref="fl-da"/>
      </object_component>
      <object_component id="oc-64">
         <name>.debug_info</name>
         <load_address>0xa075</load_address>
         <run_address>0xa075</run_address>
         <size>0x148</size>
         <input_file_ref idref="fl-db"/>
      </object_component>
      <object_component id="oc-200">
         <name>.debug_info</name>
         <load_address>0xa1bd</load_address>
         <run_address>0xa1bd</run_address>
         <size>0x20b</size>
         <input_file_ref idref="fl-dc"/>
      </object_component>
      <object_component id="oc-12b">
         <name>.debug_info</name>
         <load_address>0xa3c8</load_address>
         <run_address>0xa3c8</run_address>
         <size>0x790</size>
         <input_file_ref idref="fl-dc"/>
      </object_component>
      <object_component id="oc-2c3">
         <name>.debug_info</name>
         <load_address>0xab58</load_address>
         <run_address>0xab58</run_address>
         <size>0x17c</size>
         <input_file_ref idref="fl-dd"/>
      </object_component>
      <object_component id="oc-23e">
         <name>.debug_info</name>
         <load_address>0xacd4</load_address>
         <run_address>0xacd4</run_address>
         <size>0x1d5</size>
         <input_file_ref idref="fl-dd"/>
      </object_component>
      <object_component id="oc-2a5">
         <name>.debug_info</name>
         <load_address>0xaea9</load_address>
         <run_address>0xaea9</run_address>
         <size>0x2c</size>
         <input_file_ref idref="fl-dd"/>
      </object_component>
      <object_component id="oc-1df">
         <name>.debug_info</name>
         <load_address>0xaed5</load_address>
         <run_address>0xaed5</run_address>
         <size>0x1bb</size>
         <input_file_ref idref="fl-de"/>
      </object_component>
      <object_component id="oc-114">
         <name>.debug_info</name>
         <load_address>0xb090</load_address>
         <run_address>0xb090</run_address>
         <size>0x2e4</size>
         <input_file_ref idref="fl-de"/>
      </object_component>
      <object_component id="oc-224">
         <name>.debug_info</name>
         <load_address>0xb374</load_address>
         <run_address>0xb374</run_address>
         <size>0x2c</size>
         <input_file_ref idref="fl-de"/>
      </object_component>
      <object_component id="oc-79">
         <name>.debug_info</name>
         <load_address>0xb3a0</load_address>
         <run_address>0xb3a0</run_address>
         <size>0x109</size>
         <input_file_ref idref="fl-df"/>
      </object_component>
      <object_component id="oc-22f">
         <name>.debug_info</name>
         <load_address>0xb4a9</load_address>
         <run_address>0xb4a9</run_address>
         <size>0xe5</size>
         <input_file_ref idref="fl-e0"/>
      </object_component>
      <object_component id="oc-180">
         <name>.debug_info</name>
         <load_address>0xb58e</load_address>
         <run_address>0xb58e</run_address>
         <size>0x258</size>
         <input_file_ref idref="fl-e0"/>
      </object_component>
      <object_component id="oc-231">
         <name>.debug_info</name>
         <load_address>0xb7e6</load_address>
         <run_address>0xb7e6</run_address>
         <size>0xf0</size>
         <input_file_ref idref="fl-e1"/>
      </object_component>
      <object_component id="oc-187">
         <name>.debug_info</name>
         <load_address>0xb8d6</load_address>
         <run_address>0xb8d6</run_address>
         <size>0x231</size>
         <input_file_ref idref="fl-e1"/>
      </object_component>
      <object_component id="oc-256">
         <name>.debug_info</name>
         <load_address>0xbb07</load_address>
         <run_address>0xbb07</run_address>
         <size>0xea</size>
         <input_file_ref idref="fl-e2"/>
      </object_component>
      <object_component id="oc-1b8">
         <name>.debug_info</name>
         <load_address>0xbbf1</load_address>
         <run_address>0xbbf1</run_address>
         <size>0x22a</size>
         <input_file_ref idref="fl-e2"/>
      </object_component>
      <object_component id="oc-197">
         <name>.debug_info</name>
         <load_address>0xbe1b</load_address>
         <run_address>0xbe1b</run_address>
         <size>0x126</size>
         <input_file_ref idref="fl-e3"/>
      </object_component>
      <object_component id="oc-223">
         <name>.debug_info</name>
         <load_address>0xbf41</load_address>
         <run_address>0xbf41</run_address>
         <size>0x1c8</size>
         <input_file_ref idref="fl-e4"/>
      </object_component>
      <object_component id="oc-17a">
         <name>.debug_info</name>
         <load_address>0xc109</load_address>
         <run_address>0xc109</run_address>
         <size>0x35c</size>
         <input_file_ref idref="fl-e4"/>
      </object_component>
      <object_component id="oc-229">
         <name>.debug_info</name>
         <load_address>0xc465</load_address>
         <run_address>0xc465</run_address>
         <size>0x69</size>
         <input_file_ref idref="fl-e4"/>
      </object_component>
      <object_component id="oc-162">
         <name>.debug_info</name>
         <load_address>0xc4ce</load_address>
         <run_address>0xc4ce</run_address>
         <size>0x124</size>
         <input_file_ref idref="fl-e5"/>
      </object_component>
      <object_component id="oc-ba">
         <name>.debug_info</name>
         <load_address>0xc5f2</load_address>
         <run_address>0xc5f2</run_address>
         <size>0x113</size>
         <input_file_ref idref="fl-e5"/>
      </object_component>
      <object_component id="oc-15b">
         <name>.debug_info</name>
         <load_address>0xc705</load_address>
         <run_address>0xc705</run_address>
         <size>0x21f</size>
         <input_file_ref idref="fl-e5"/>
      </object_component>
      <object_component id="oc-289">
         <name>.debug_info</name>
         <load_address>0xc924</load_address>
         <run_address>0xc924</run_address>
         <size>0x385</size>
         <input_file_ref idref="fl-e6"/>
      </object_component>
      <object_component id="oc-1d9">
         <name>.debug_info</name>
         <load_address>0xcca9</load_address>
         <run_address>0xcca9</run_address>
         <size>0x1543</size>
         <input_file_ref idref="fl-e6"/>
      </object_component>
      <object_component id="oc-28a">
         <name>.debug_info</name>
         <load_address>0xe1ec</load_address>
         <run_address>0xe1ec</run_address>
         <size>0x86</size>
         <input_file_ref idref="fl-e6"/>
      </object_component>
      <object_component id="oc-2e1">
         <name>.debug_info</name>
         <load_address>0xe272</load_address>
         <run_address>0xe272</run_address>
         <size>0x46</size>
         <input_file_ref idref="fl-e6"/>
      </object_component>
      <object_component id="oc-28f">
         <name>.debug_info</name>
         <load_address>0xe2b8</load_address>
         <run_address>0xe2b8</run_address>
         <size>0x39</size>
         <input_file_ref idref="fl-e6"/>
      </object_component>
      <object_component id="oc-b5">
         <name>.debug_info</name>
         <load_address>0xe2f1</load_address>
         <run_address>0xe2f1</run_address>
         <size>0x166</size>
         <input_file_ref idref="fl-e7"/>
      </object_component>
      <object_component id="oc-6e">
         <name>.debug_info</name>
         <load_address>0xe457</load_address>
         <run_address>0xe457</run_address>
         <size>0x167</size>
         <input_file_ref idref="fl-e7"/>
      </object_component>
      <object_component id="oc-153">
         <name>.debug_info</name>
         <load_address>0xe5be</load_address>
         <run_address>0xe5be</run_address>
         <size>0x5e</size>
         <input_file_ref idref="fl-e7"/>
      </object_component>
      <object_component id="oc-2dc">
         <name>.debug_info</name>
         <load_address>0xe61c</load_address>
         <run_address>0xe61c</run_address>
         <size>0x114</size>
         <input_file_ref idref="fl-e8"/>
      </object_component>
      <object_component id="oc-27d">
         <name>.debug_info</name>
         <load_address>0xe730</load_address>
         <run_address>0xe730</run_address>
         <size>0x171</size>
         <input_file_ref idref="fl-e8"/>
      </object_component>
      <object_component id="oc-ad">
         <name>.debug_info</name>
         <load_address>0xe8a1</load_address>
         <run_address>0xe8a1</run_address>
         <size>0x2e9</size>
         <input_file_ref idref="fl-e9"/>
      </object_component>
      <object_component id="oc-69">
         <name>.debug_info</name>
         <load_address>0xeb8a</load_address>
         <run_address>0xeb8a</run_address>
         <size>0x190</size>
         <input_file_ref idref="fl-e9"/>
      </object_component>
      <object_component id="oc-d4">
         <name>.debug_info</name>
         <load_address>0xed1a</load_address>
         <run_address>0xed1a</run_address>
         <size>0x39</size>
         <input_file_ref idref="fl-e9"/>
      </object_component>
      <object_component id="oc-16d">
         <name>.debug_info</name>
         <load_address>0xed53</load_address>
         <run_address>0xed53</run_address>
         <size>0x39</size>
         <input_file_ref idref="fl-e9"/>
      </object_component>
      <object_component id="oc-d9">
         <name>.debug_info</name>
         <load_address>0xed8c</load_address>
         <run_address>0xed8c</run_address>
         <size>0xcd</size>
         <input_file_ref idref="fl-e9"/>
      </object_component>
      <object_component id="oc-d0">
         <name>.debug_info</name>
         <load_address>0xee59</load_address>
         <run_address>0xee59</run_address>
         <size>0x1e0</size>
         <input_file_ref idref="fl-ea"/>
      </object_component>
      <object_component id="oc-a2">
         <name>.debug_info</name>
         <load_address>0xf039</load_address>
         <run_address>0xf039</run_address>
         <size>0x183</size>
         <input_file_ref idref="fl-ea"/>
      </object_component>
      <object_component id="oc-168">
         <name>.debug_info</name>
         <load_address>0xf1bc</load_address>
         <run_address>0xf1bc</run_address>
         <size>0x2c</size>
         <input_file_ref idref="fl-ea"/>
      </object_component>
      <object_component id="oc-2fd">
         <name>.debug_info</name>
         <load_address>0xf1e8</load_address>
         <run_address>0xf1e8</run_address>
         <size>0xee</size>
         <input_file_ref idref="fl-eb"/>
      </object_component>
      <object_component id="oc-2d9">
         <name>.debug_info</name>
         <load_address>0xf2d6</load_address>
         <run_address>0xf2d6</run_address>
         <size>0xfa</size>
         <input_file_ref idref="fl-eb"/>
      </object_component>
      <object_component id="oc-297">
         <name>.debug_info</name>
         <load_address>0xf3d0</load_address>
         <run_address>0xf3d0</run_address>
         <size>0xde</size>
         <input_file_ref idref="fl-ec"/>
      </object_component>
      <object_component id="oc-1e9">
         <name>.debug_info</name>
         <load_address>0xf4ae</load_address>
         <run_address>0xf4ae</run_address>
         <size>0x31c</size>
         <input_file_ref idref="fl-ec"/>
      </object_component>
      <object_component id="oc-2a3">
         <name>.debug_info</name>
         <load_address>0xf7ca</load_address>
         <run_address>0xf7ca</run_address>
         <size>0x200</size>
         <input_file_ref idref="fl-ed"/>
      </object_component>
      <object_component id="oc-2a0">
         <name>.debug_info</name>
         <load_address>0xf9ca</load_address>
         <run_address>0xf9ca</run_address>
         <size>0x12f</size>
         <input_file_ref idref="fl-ed"/>
      </object_component>
      <object_component id="oc-1f4">
         <name>.debug_info</name>
         <load_address>0xfaf9</load_address>
         <run_address>0xfaf9</run_address>
         <size>0x724</size>
         <input_file_ref idref="fl-ed"/>
      </object_component>
      <object_component id="oc-2ab">
         <name>.debug_info</name>
         <load_address>0x1021d</load_address>
         <run_address>0x1021d</run_address>
         <size>0xe3</size>
         <input_file_ref idref="fl-ee"/>
      </object_component>
      <object_component id="oc-1fb">
         <name>.debug_info</name>
         <load_address>0x10300</load_address>
         <run_address>0x10300</run_address>
         <size>0x375</size>
         <input_file_ref idref="fl-ee"/>
      </object_component>
      <object_component id="oc-2d3">
         <name>.debug_info</name>
         <load_address>0x10675</load_address>
         <run_address>0x10675</run_address>
         <size>0x14c</size>
         <input_file_ref idref="fl-ef"/>
      </object_component>
      <object_component id="oc-26b">
         <name>.debug_info</name>
         <load_address>0x107c1</load_address>
         <run_address>0x107c1</run_address>
         <size>0x1c2</size>
         <input_file_ref idref="fl-ef"/>
      </object_component>
      <object_component id="oc-2de">
         <name>.debug_info</name>
         <load_address>0x10983</load_address>
         <run_address>0x10983</run_address>
         <size>0xf1</size>
         <input_file_ref idref="fl-f0"/>
      </object_component>
      <object_component id="oc-283">
         <name>.debug_info</name>
         <load_address>0x10a74</load_address>
         <run_address>0x10a74</run_address>
         <size>0x1ab</size>
         <input_file_ref idref="fl-f0"/>
      </object_component>
      <object_component id="oc-2c0">
         <name>.debug_info</name>
         <load_address>0x10c1f</load_address>
         <run_address>0x10c1f</run_address>
         <size>0x156</size>
         <input_file_ref idref="fl-f1"/>
      </object_component>
      <object_component id="oc-2e9">
         <name>.debug_info</name>
         <load_address>0x10d75</load_address>
         <run_address>0x10d75</run_address>
         <size>0x134</size>
         <input_file_ref idref="fl-f2"/>
      </object_component>
      <object_component id="oc-29d">
         <name>.debug_info</name>
         <load_address>0x10ea9</load_address>
         <run_address>0x10ea9</run_address>
         <size>0x21f</size>
         <input_file_ref idref="fl-f2"/>
      </object_component>
      <object_component id="oc-2d5">
         <name>.debug_info</name>
         <load_address>0x110c8</load_address>
         <run_address>0x110c8</run_address>
         <size>0x13f</size>
         <input_file_ref idref="fl-f3"/>
      </object_component>
      <object_component id="oc-273">
         <name>.debug_info</name>
         <load_address>0x11207</load_address>
         <run_address>0x11207</run_address>
         <size>0x18a</size>
         <input_file_ref idref="fl-f3"/>
      </object_component>
      <object_component id="oc-a7">
         <name>.debug_info</name>
         <load_address>0x11391</load_address>
         <run_address>0x11391</run_address>
         <size>0x145</size>
         <input_file_ref idref="fl-f4"/>
      </object_component>
      <object_component id="oc-2d7">
         <name>.debug_info</name>
         <load_address>0x114d6</load_address>
         <run_address>0x114d6</run_address>
         <size>0xf5</size>
         <input_file_ref idref="fl-f5"/>
      </object_component>
      <object_component id="oc-277">
         <name>.debug_info</name>
         <load_address>0x115cb</load_address>
         <run_address>0x115cb</run_address>
         <size>0x244</size>
         <input_file_ref idref="fl-f5"/>
      </object_component>
      <object_component id="oc-266">
         <name>.debug_info</name>
         <load_address>0x1180f</load_address>
         <run_address>0x1180f</run_address>
         <size>0x17d</size>
         <input_file_ref idref="fl-f6"/>
      </object_component>
      <object_component id="oc-24a">
         <name>.debug_info</name>
         <load_address>0x1198c</load_address>
         <run_address>0x1198c</run_address>
         <size>0x20e</size>
         <input_file_ref idref="fl-f7"/>
      </object_component>
      <object_component id="oc-247">
         <name>.debug_info</name>
         <load_address>0x11b9a</load_address>
         <run_address>0x11b9a</run_address>
         <size>0x157</size>
         <input_file_ref idref="fl-f7"/>
      </object_component>
      <object_component id="oc-1a3">
         <name>.debug_info</name>
         <load_address>0x11cf1</load_address>
         <run_address>0x11cf1</run_address>
         <size>0x2c1</size>
         <input_file_ref idref="fl-f7"/>
      </object_component>
      <object_component id="oc-1a8">
         <name>.debug_info</name>
         <load_address>0x11fb2</load_address>
         <run_address>0x11fb2</run_address>
         <size>0x23e</size>
         <input_file_ref idref="fl-f7"/>
      </object_component>
      <object_component id="oc-24d">
         <name>.debug_info</name>
         <load_address>0x121f0</load_address>
         <run_address>0x121f0</run_address>
         <size>0x212</size>
         <input_file_ref idref="fl-f8"/>
      </object_component>
      <object_component id="oc-32c">
         <name>.debug_info</name>
         <load_address>0x12402</load_address>
         <run_address>0x12402</run_address>
         <size>0x8d</size>
      </object_component>
      <object_component id="oc-25a">
         <name>.debug_line</name>
         <load_address>0x0</load_address>
         <run_address>0x0</run_address>
         <size>0x96</size>
         <input_file_ref idref="fl-2"/>
      </object_component>
      <object_component id="oc-101">
         <name>.debug_line</name>
         <load_address>0x96</load_address>
         <run_address>0x96</run_address>
         <size>0x9c</size>
         <input_file_ref idref="fl-2"/>
      </object_component>
      <object_component id="oc-40">
         <name>.debug_line</name>
         <load_address>0x132</load_address>
         <run_address>0x132</run_address>
         <size>0x20</size>
         <input_file_ref idref="fl-2"/>
      </object_component>
      <object_component id="oc-86">
         <name>.debug_line</name>
         <load_address>0x152</load_address>
         <run_address>0x152</run_address>
         <size>0x65</size>
         <input_file_ref idref="fl-2"/>
      </object_component>
      <object_component id="oc-9a">
         <name>.debug_line</name>
         <load_address>0x1b7</load_address>
         <run_address>0x1b7</run_address>
         <size>0x65</size>
         <input_file_ref idref="fl-2"/>
      </object_component>
      <object_component id="oc-193">
         <name>.debug_line</name>
         <load_address>0x21c</load_address>
         <run_address>0x21c</run_address>
         <size>0x65</size>
         <input_file_ref idref="fl-2"/>
      </object_component>
      <object_component id="oc-2f1">
         <name>.debug_line</name>
         <load_address>0x281</load_address>
         <run_address>0x281</run_address>
         <size>0x63</size>
         <input_file_ref idref="fl-3"/>
      </object_component>
      <object_component id="oc-e8">
         <name>.debug_line</name>
         <load_address>0x2e4</load_address>
         <run_address>0x2e4</run_address>
         <size>0x73</size>
         <input_file_ref idref="fl-3"/>
      </object_component>
      <object_component id="oc-237">
         <name>.debug_line</name>
         <load_address>0x357</load_address>
         <run_address>0x357</run_address>
         <size>0x64</size>
         <input_file_ref idref="fl-3"/>
      </object_component>
      <object_component id="oc-233">
         <name>.debug_line</name>
         <load_address>0x3bb</load_address>
         <run_address>0x3bb</run_address>
         <size>0xb7</size>
         <input_file_ref idref="fl-4"/>
      </object_component>
      <object_component id="oc-173">
         <name>.debug_line</name>
         <load_address>0x472</load_address>
         <run_address>0x472</run_address>
         <size>0x45</size>
         <input_file_ref idref="fl-4"/>
      </object_component>
      <object_component id="oc-e3">
         <name>.debug_line</name>
         <load_address>0x4b7</load_address>
         <run_address>0x4b7</run_address>
         <size>0x192</size>
         <input_file_ref idref="fl-4"/>
      </object_component>
      <object_component id="oc-219">
         <name>.debug_line</name>
         <load_address>0x649</load_address>
         <run_address>0x649</run_address>
         <size>0x197</size>
         <input_file_ref idref="fl-5"/>
      </object_component>
      <object_component id="oc-215">
         <name>.debug_line</name>
         <load_address>0x7e0</load_address>
         <run_address>0x7e0</run_address>
         <size>0x2d</size>
         <input_file_ref idref="fl-5"/>
      </object_component>
      <object_component id="oc-217">
         <name>.debug_line</name>
         <load_address>0x80d</load_address>
         <run_address>0x80d</run_address>
         <size>0x2d</size>
         <input_file_ref idref="fl-5"/>
      </object_component>
      <object_component id="oc-af">
         <name>.debug_line</name>
         <load_address>0x83a</load_address>
         <run_address>0x83a</run_address>
         <size>0x197</size>
         <input_file_ref idref="fl-5"/>
      </object_component>
      <object_component id="oc-21d">
         <name>.debug_line</name>
         <load_address>0x9d1</load_address>
         <run_address>0x9d1</run_address>
         <size>0x4d</size>
         <input_file_ref idref="fl-5"/>
      </object_component>
      <object_component id="oc-1e4">
         <name>.debug_line</name>
         <load_address>0xa1e</load_address>
         <run_address>0xa1e</run_address>
         <size>0x44</size>
         <input_file_ref idref="fl-5"/>
      </object_component>
      <object_component id="oc-264">
         <name>.debug_line</name>
         <load_address>0xa62</load_address>
[...]
         <name>oi_uartSendChar</name>
         <value>0x1ae7</value>
         <object_component_ref idref="oc-102"/>
      </symbol>
      <symbol id="sm-20a">
         <name>oi_alloc</name>
         <value>0x13ad</value>
         <object_component_ref idref="oc-102"/>
      </symbol>
      <symbol id="sm-20b">
         <name>oi_loadSong</name>
         <value>0x19e7</value>
         <object_component_ref idref="oc-102"/>
      </symbol>
      <symbol id="sm-20c">
         <name>oi_play_song</name>
         <value>0x1a3d</value>
         <object_component_ref idref="oc-102"/>
      </symbol>
      <symbol id="sm-20d">
         <name>oi_parsePacket</name>
         <value>0x1467</value>
         <object_component_ref idref="oc-102"/>
      </symbol>
      <symbol id="sm-20e">
         <name>oi_setLeds</name>
         <value>0x1961</value>
         <object_component_ref idref="oc-102"/>
      </symbol>
      <symbol id="sm-20f">
         <name>oi_init</name>
         <value>0x13ed</value>
         <object_component_ref idref="oc-102"/>
      </symbol>
      <symbol id="sm-210">
         <name>oi_update</name>
         <value>0x1415</value>
         <object_component_ref idref="oc-102"/>
      </symbol>
      <symbol id="sm-211">
         <name>oi_uartInit</name>
         <value>0x1a5f</value>
         <object_component_ref idref="oc-102"/>
      </symbol>
      <symbol id="sm-252">
         <name>rising</name>
         <value>0x200022e0</value>
         <object_component_ref idref="oc-1ad"/>
      </symbol>
      <symbol id="sm-253">
         <name>send_pulse</name>
         <value>0x467d</value>
         <object_component_ref idref="oc-ea"/>
      </symbol>
      <symbol id="sm-254">
         <name>isRisingEdge</name>
         <value>0x200022e8</value>
         <object_component_ref idref="oc-1ad"/>
      </symbol>
      <symbol id="sm-255">
         <name>pulseW</name>
         <value>0x200022dc</value>
         <object_component_ref idref="oc-1ad"/>
      </symbol>
      <symbol id="sm-256">
         <name>falling</name>
         <value>0x200022e4</value>
         <object_component_ref idref="oc-1ad"/>
      </symbol>
      <symbol id="sm-257">
         <name>reNumedge</name>
         <value>0x200022ec</value>
         <object_component_ref idref="oc-1ad"/>
      </symbol>
      <symbol id="sm-258">
         <name>TIMER3B_Handler</name>
         <value>0x46dd</value>
         <object_component_ref idref="oc-ea"/>
      </symbol>
      <symbol id="sm-259">
         <name>ping_init</name>
         <value>0x4745</value>
         <object_component_ref idref="oc-ea"/>
      </symbol>
      <symbol id="sm-25a">
         <name>ping_getDistance</name>
         <value>0x47d9</value>
         <object_component_ref idref="oc-ea"/>
      </symbol>
      <symbol id="sm-276">
         <name>servo_move</name>
         <value>0x55f1</value>
         <object_component_ref idref="oc-f0"/>
      </symbol>
      <symbol id="sm-277">
         <name>servo_init</name>
         <value>0x5571</value>
         <object_component_ref idref="oc-f0"/>
      </symbol>
      <symbol id="sm-298">
         <name>timer_startClock</name>
         <value>0x5159</value>
         <object_component_ref idref="oc-119"/>
      </symbol>
      <symbol id="sm-299">
         <name>timer_stopClock</name>
         <value>0x51ab</value>
         <object_component_ref idref="oc-119"/>
      </symbol>
      <symbol id="sm-29a">
         <name>timer_getClock</name>
         <value>0x51a5</value>
         <object_component_ref idref="oc-119"/>
      </symbol>
      <symbol id="sm-29b">
         <name>timer_stopTimer</name>
         <value>0x5143</value>
         <object_component_ref idref="oc-119"/>
      </symbol>
      <symbol id="sm-29c">
         <name>timer_startTimer</name>
         <value>0x50f3</value>
         <object_component_ref idref="oc-119"/>
      </symbol>
      <symbol id="sm-29d">
         <name>timer_waitMillis</name>
         <value>0x5095</value>
         <object_component_ref idref="oc-119"/>
      </symbol>
      <symbol id="sm-29e">
         <name>timer_waitMicros</name>
         <value>0x50c9</value>
         <object_component_ref idref="oc-119"/>
      </symbol>
      <symbol id="sm-2ba">
         <name>ResetISR</name>
         <value>0x6293</value>
         <object_component_ref idref="oc-2e"/>
      </symbol>
      <symbol id="sm-2bb">
         <name>g_pfnVectors</name>
         <value>0x0</value>
         <object_component_ref idref="oc-f"/>
      </symbol>
      <symbol id="sm-2dd">
         <name>uart_send</name>
         <value>0x53e1</value>
         <object_component_ref idref="oc-f6"/>
      </symbol>
      <symbol id="sm-2de">
         <name>uart_init</name>
         <value>0x5325</value>
         <object_component_ref idref="oc-f6"/>
      </symbol>
      <symbol id="sm-2df">
         <name>send_helper</name>
         <value>0x53ad</value>
         <object_component_ref idref="oc-f6"/>
      </symbol>
      <symbol id="sm-2e0">
         <name>uart_recieve</name>
         <value>0x53fd</value>
         <object_component_ref idref="oc-f6"/>
      </symbol>
      <symbol id="sm-2f1">
         <name>_c_int00</name>
         <value>0x5ee9</value>
         <object_component_ref idref="oc-24"/>
      </symbol>
      <symbol id="sm-2f2">
         <name>__stack</name>
         <value>0x2000026c</value>
         <object_component_ref idref="oc-2a"/>
      </symbol>
      <symbol id="sm-310">
         <name>__TI_decompress_lzss</name>
         <value>0x5dbb</value>
         <object_component_ref idref="oc-12"/>
      </symbol>
      <symbol id="sm-327">
         <name>__TI_decompress_none</name>
         <value>0x626d</value>
         <object_component_ref idref="oc-18"/>
      </symbol>
      <symbol id="sm-339">
         <name>__TI_zero_init</name>
         <value>0x6287</value>
         <object_component_ref idref="oc-1e"/>
      </symbol>
      <symbol id="sm-3c9">
         <name>pow</name>
         <value>0x1e31</value>
         <object_component_ref idref="oc-19a"/>
      </symbol>
      <symbol id="sm-3ca">
         <name>powl</name>
         <value>0x1e31</value>
         <object_component_ref idref="oc-19a"/>
      </symbol>
      <symbol id="sm-3ee">
         <name>sqrtl</name>
         <value>0x4db9</value>
         <object_component_ref idref="oc-143"/>
      </symbol>
      <symbol id="sm-3ef">
         <name>sqrt</name>
         <value>0x4db9</value>
         <object_component_ref idref="oc-143"/>
      </symbol>
      <symbol id="sm-3f7">
         <name>errno</name>
         <value>0x20002320</value>
         <object_component_ref idref="oc-20f"/>
      </symbol>
      <symbol id="sm-418">
         <name>C$$EXIT</name>
         <value>0x5f3d</value>
         <object_component_ref idref="oc-72"/>
      </symbol>
      <symbol id="sm-419">
         <name>abort</name>
         <value>0x5f41</value>
         <object_component_ref idref="oc-72"/>
      </symbol>
      <symbol id="sm-41a">
         <name>exit</name>
         <value>0x5f49</value>
         <object_component_ref idref="oc-72"/>
      </symbol>
      <symbol id="sm-41b">
         <name>__TI_dtors_ptr</name>
         <value>0x20002304</value>
         <object_component_ref idref="oc-b6"/>
      </symbol>
      <symbol id="sm-41c">
         <name>__TI_cleanup_ptr</name>
         <value>0x20002300</value>
         <object_component_ref idref="oc-b6"/>
      </symbol>
      <symbol id="sm-41d">
         <name>__TI_enable_exit_profile_output</name>
         <value>0x20002308</value>
         <object_component_ref idref="oc-b6"/>
      </symbol>
      <symbol id="sm-434">
         <name>__aeabi_dsub</name>
         <value>0x4a8d</value>
         <object_component_ref idref="oc-13e"/>
      </symbol>
      <symbol id="sm-435">
         <name>__aeabi_dadd</name>
         <value>0x4a97</value>
         <object_component_ref idref="oc-13e"/>
      </symbol>
      <symbol id="sm-457">
         <name>__aeabi_cdcmpeq</name>
         <value>0x5b55</value>
         <object_component_ref idref="oc-1ee"/>
      </symbol>
      <symbol id="sm-458">
         <name>__aeabi_cdcmple</name>
         <value>0x5b55</value>
         <object_component_ref idref="oc-1ee"/>
      </symbol>
      <symbol id="sm-459">
         <name>__aeabi_cdrcmple</name>
         <value>0x5bdb</value>
         <object_component_ref idref="oc-20a"/>
      </symbol>
      <symbol id="sm-46d">
         <name>__aeabi_ddiv</name>
         <value>0x51ed</value>
         <object_component_ref idref="oc-134"/>
      </symbol>
      <symbol id="sm-478">
         <name>__aeabi_dmul</name>
         <value>0x5671</value>
         <object_component_ref idref="oc-124"/>
      </symbol>
      <symbol id="sm-482">
         <name>__aeabi_d2iz</name>
         <value>0x607d</value>
         <object_component_ref idref="oc-10e"/>
      </symbol>
      <symbol id="sm-48e">
         <name>__aeabi_d2f</name>
         <value>0x5d4d</value>
         <object_component_ref idref="oc-12f"/>
      </symbol>
      <symbol id="sm-499">
         <name>__aeabi_f2d</name>
         <value>0x60c5</value>
         <object_component_ref idref="oc-139"/>
      </symbol>
      <symbol id="sm-4a3">
         <name>__aeabi_i2d</name>
         <value>0x6131</value>
         <object_component_ref idref="oc-11f"/>
      </symbol>
      <symbol id="sm-4be">
         <name>memcpy</name>
         <value>0x5a31</value>
         <object_component_ref idref="oc-42"/>
      </symbol>
      <symbol id="sm-4bf">
         <name>__aeabi_memcpy</name>
         <value>0x5a31</value>
         <object_component_ref idref="oc-42"/>
      </symbol>
      <symbol id="sm-4c0">
         <name>__aeabi_memcpy8</name>
         <value>0x5a31</value>
         <object_component_ref idref="oc-42"/>
      </symbol>
      <symbol id="sm-4c1">
         <name>__aeabi_memcpy4</name>
         <value>0x5a31</value>
         <object_component_ref idref="oc-42"/>
      </symbol>
      <symbol id="sm-535">
         <name>_sys_memory</name>
         <value>0x20001270</value>
         <object_component_ref idref="oc-2b"/>
      </symbol>
      <symbol id="sm-536">
         <name>free</name>
         <value>0x40ab</value>
         <object_component_ref idref="oc-1c1"/>
      </symbol>
      <symbol id="sm-537">
         <name>realloc</name>
         <value>0x416d</value>
         <object_component_ref idref="oc-1c1"/>
      </symbol>
      <symbol id="sm-538">
         <name>memalign</name>
         <value>0x4275</value>
         <object_component_ref idref="oc-1c1"/>
      </symbol>
      <symbol id="sm-539">
         <name>calloc</name>
         <value>0x4361</value>
         <object_component_ref idref="oc-1c1"/>
      </symbol>
      <symbol id="sm-53a">
         <name>malloc</name>
         <value>0x4041</value>
         <object_component_ref idref="oc-1c1"/>
      </symbol>
      <symbol id="sm-53b">
         <name>minit</name>
         <value>0x3fc1</value>
         <object_component_ref idref="oc-1c1"/>
      </symbol>
      <symbol id="sm-54a">
         <name>__aeabi_memset</name>
         <value>0x5c63</value>
         <object_component_ref idref="oc-4e"/>
      </symbol>
      <symbol id="sm-54b">
         <name>memset</name>
         <value>0x5c69</value>
         <object_component_ref idref="oc-4e"/>
      </symbol>
      <symbol id="sm-54c">
         <name>__aeabi_memset8</name>
         <value>0x5c63</value>
         <object_component_ref idref="oc-4e"/>
      </symbol>
      <symbol id="sm-54d">
         <name>__aeabi_memset4</name>
         <value>0x5c63</value>
         <object_component_ref idref="oc-4e"/>
      </symbol>
      <symbol id="sm-54e">
         <name>__aeabi_memclr8</name>
         <value>0x5c61</value>
         <object_component_ref idref="oc-4e"/>
      </symbol>
      <symbol id="sm-54f">
         <name>__aeabi_memclr4</name>
         <value>0x5c61</value>
         <object_component_ref idref="oc-4e"/>
      </symbol>
      <symbol id="sm-550">
         <name>__aeabi_memclr</name>
         <value>0x5c61</value>
         <object_component_ref idref="oc-4e"/>
      </symbol>
      <symbol id="sm-55a">
         <name>__mpu_init</name>
         <value>0x13ab</value>
         <object_component_ref idref="oc-5a"/>
      </symbol>
      <symbol id="sm-564">
         <name>_system_pre_init</name>
         <value>0x629f</value>
         <object_component_ref idref="oc-60"/>
      </symbol>
      <symbol id="sm-5b5">
         <name>cosl</name>
         <value>0x2f15</value>
         <object_component_ref idref="oc-129"/>
      </symbol>
      <symbol id="sm-5b6">
         <name>cos</name>
         <value>0x2f15</value>
         <object_component_ref idref="oc-129"/>
      </symbol>
      <symbol id="sm-5d8">
         <name>scalbn</name>
         <value>0x576d</value>
         <object_component_ref idref="oc-23d"/>
      </symbol>
      <symbol id="sm-5d9">
         <name>scalbnl</name>
         <value>0x576d</value>
         <object_component_ref idref="oc-23d"/>
      </symbol>
      <symbol id="sm-5da">
         <name>ldexpl</name>
         <value>0x576d</value>
         <object_component_ref idref="oc-23d"/>
      </symbol>
      <symbol id="sm-5db">
         <name>ldexp</name>
         <value>0x576d</value>
         <object_component_ref idref="oc-23d"/>
      </symbol>
      <symbol id="sm-5f4">
         <name>sprintf</name>
         <value>0x5e89</value>
         <object_component_ref idref="oc-113"/>
      </symbol>
      <symbol id="sm-5fc">
         <name>main_func_sp</name>
         <value>0x20002324</value>
         <object_component_ref idref="oc-78"/>
      </symbol>
      <symbol id="sm-60b">
         <name>strcmp</name>
         <value>0x61cd</value>
         <object_component_ref idref="oc-17f"/>
      </symbol>
      <symbol id="sm-619">
         <name>strcpy</name>
         <value>0x6225</value>
         <object_component_ref idref="oc-185"/>
      </symbol>
      <symbol id="sm-627">
         <name>strlen</name>
         <value>0x6239</value>
         <object_component_ref idref="oc-1b7"/>
      </symbol>
      <symbol id="sm-631">
         <name>__aeabi_ui2d</name>
         <value>0x615f</value>
         <object_component_ref idref="oc-195"/>
      </symbol>
      <symbol id="sm-64d">
         <name>vsnprintf</name>
         <value>0x5acd</value>
         <object_component_ref idref="oc-179"/>
      </symbol>
      <symbol id="sm-666">
         <name>_nop</name>
         <value>0x620b</value>
         <object_component_ref idref="oc-15a"/>
      </symbol>
      <symbol id="sm-667">
         <name>_lock</name>
         <value>0x20002318</value>
         <object_component_ref idref="oc-b9"/>
      </symbol>
      <symbol id="sm-668">
         <name>_unlock</name>
         <value>0x2000231c</value>
         <object_component_ref idref="oc-b9"/>
      </symbol>
      <symbol id="sm-669">
         <name>_register_lock</name>
         <value>0x6203</value>
         <object_component_ref idref="oc-15a"/>
      </symbol>
      <symbol id="sm-66a">
         <name>_register_unlock</name>
         <value>0x61fd</value>
         <object_component_ref idref="oc-15a"/>
      </symbol>
      <symbol id="sm-76b">
         <name>__TI_printfi</name>
         <value>0xab1</value>
         <object_component_ref idref="oc-1d8"/>
      </symbol>
      <symbol id="sm-77f">
         <name>_args_main</name>
         <value>0x61b5</value>
         <object_component_ref idref="oc-6c"/>
      </symbol>
      <symbol id="sm-795">
         <name>atoi</name>
         <value>0x5fe5</value>
         <object_component_ref idref="oc-27c"/>
      </symbol>
      <symbol id="sm-7bf">
         <name>__TI_auto_init</name>
         <value>0x5cdd</value>
         <object_component_ref idref="oc-66"/>
      </symbol>
      <symbol id="sm-7d9">
         <name>copy_in</name>
         <value>0x6031</value>
         <object_component_ref idref="oc-a0"/>
      </symbol>
      <symbol id="sm-7e4">
         <name>_ctypes_</name>
         <value>0x6400</value>
         <object_component_ref idref="oc-2d8"/>
      </symbol>
      <symbol id="sm-7fa">
         <name>__kernel_cos</name>
         <value>0x4f29</value>
         <object_component_ref idref="oc-1e8"/>
      </symbol>
      <symbol id="sm-85e">
         <name>__kernel_rem_pio2</name>
         <value>0x27dd</value>
         <object_component_ref idref="oc-1f3"/>
      </symbol>
      <symbol id="sm-875">
         <name>__kernel_sin</name>
         <value>0x4c45</value>
         <object_component_ref idref="oc-1f9"/>
      </symbol>
      <symbol id="sm-884">
         <name>ltoa</name>
         <value>0x5f91</value>
         <object_component_ref idref="oc-26a"/>
      </symbol>
      <symbol id="sm-894">
         <name>memccpy</name>
         <value>0x617f</value>
         <object_component_ref idref="oc-282"/>
      </symbol>
      <symbol id="sm-89e">
         <name>copysign</name>
         <value>0x6211</value>
         <object_component_ref idref="oc-2bc"/>
      </symbol>
      <symbol id="sm-89f">
         <name>copysignl</name>
         <value>0x6211</value>
         <object_component_ref idref="oc-2bc"/>
      </symbol>
      <symbol id="sm-8bc">
         <name>floorl</name>
         <value>0x5869</value>
         <object_component_ref idref="oc-299"/>
      </symbol>
      <symbol id="sm-8bd">
         <name>floor</name>
         <value>0x5869</value>
         <object_component_ref idref="oc-299"/>
      </symbol>
      <symbol id="sm-8d3">
         <name>frexpl</name>
         <value>0x5e25</value>
         <object_component_ref idref="oc-270"/>
      </symbol>
      <symbol id="sm-8d4">
         <name>frexp</name>
         <value>0x5e25</value>
         <object_component_ref idref="oc-270"/>
      </symbol>
      <symbol id="sm-8de">
         <name>_system_post_cinit</name>
         <value>0x4c43</value>
         <object_component_ref idref="oc-a6"/>
      </symbol>
      <symbol id="sm-8ee">
         <name>strchr</name>
         <value>0x61e5</value>
         <object_component_ref idref="oc-276"/>
      </symbol>
      <symbol id="sm-90a">
         <name>__aeabi_uldivmod</name>
         <value>0x4899</value>
         <object_component_ref idref="oc-265"/>
      </symbol>
      <symbol id="sm-92a">
         <name>IntRegister</name>
         <value>0x60fd</value>
         <object_component_ref idref="oc-1a1"/>
      </symbol>
      <symbol id="sm-92b">
         <name>g_pfnRAMVectors</name>
         <value>0x20000000</value>
         <object_component_ref idref="oc-246"/>
      </symbol>
      <symbol id="sm-92c">
         <name>IntMasterEnable</name>
         <value>0x624d</value>
         <object_component_ref idref="oc-1a7"/>
      </symbol>
      <symbol id="sm-936">
         <name>CPUcpsie</name>
         <value>0x627b</value>
         <object_component_ref idref="oc-24b"/>
      </symbol>
      <symbol id="sm-937">
         <name>__TI_static_base__</name>
         <value>0x0</value>
      </symbol>
      <symbol id="sm-93a">
         <name>SHT$$INIT_ARRAY$$Limit</name>
         <value>0x0</value>
      </symbol>
      <symbol id="sm-93b">
         <name>SHT$$INIT_ARRAY$$Base</name>
         <value>0x0</value>
      </symbol>
   </symbol_table>
   <title>Link successful</title>
</link_info>
