******************************************************************************
                  TI ARM Linker PC v16.9.1                     
******************************************************************************
>> Linked Wed Sep 20 10:01:22 2017

OUTPUT FILE NAME:   <helloworld.out>
ENTRY POINT SYMBOL: "_c_int00"  address: 00002925


MEMORY CONFIGURATION

         name            origin    length      used     unused   attr    fill
----------------------  --------  ---------  --------  --------  ----  --------
  FLASH                 00000000   00040000  00002d5f  0003d2a1  R  X
  SRAM                  20000000   00008000  00000c73  0000738d  RW X


SEGMENT ALLOCATION MAP

run origin  load origin   length   init length attrs members
----------  ----------- ---------- ----------- ----- -------
00000000    00000000    00002d60   00002d60    r-x
  00000000    00000000    0000026c   0000026c    r-- .intvecs
  0000026c    0000026c    000029b2   000029b2    r-x .text
  00002c1e    00002c1e    00000109   00000109    r-- .const
  00002d28    00002d28    00000038   00000038    r-- .cinit
20000000    20000000    00000c76   00000000    rw-
  20000000    20000000    00000800   00000000    rw- .sysmem
  20000800    20000800    00000400   00000000    rw- .stack
  20000c00    20000c00    00000055   00000000    rw- .bss
  20000c58    20000c58    0000001e   00000000    rw- .data


SECTION ALLOCATION MAP

 output                                  attributes/
section   page    origin      length       input sections
--------  ----  ----------  ----------   ----------------
.intvecs   0    00000000    0000026c     
                  00000000    0000026c     tm4c123gh6pm_startup_ccs.obj (.intvecs)

.text      0    0000026c    000029b2     
                  0000026c    0000113e     rtsv7M4_T_le_v4SPD16_eabi.lib : _printfi.obj (.text)
                  000013aa    00000002                                   : mpu_init.obj (.text)
                  000013ac    00000524     lab3_template.obj (.text)
                  000018d0    00000334     lcd_stepper.obj (.text)
                  00001c04    000001f4     rtsv7M4_T_le_v4SPD16_eabi.lib : ull_div_t2.obj (.text)
                  00001df8    000001b6                                   : fd_add_t2.obj (.text)
                  00001fae    00000002                                   : startup.obj (.text)
                  00001fb0    00000158     timer.obj (.text)
                  00002108    00000136     rtsv7M4_T_le_v4SPD16_eabi.lib : fd_div_t2.obj (.text)
                  0000223e    00000002     --HOLE-- [fill = 0]
                  00002240    00000104     button.obj (.text)
                  00002344    000000fc     rtsv7M4_T_le_v4SPD16_eabi.lib : fd_mul_t2.obj (.text)
                  00002440    000000fc                                   : s_scalbn.obj (.text)
                  0000253c    0000009c                                   : memcpy_t2.obj (.text)
                  000025d8    00000088                                   : vsnprintf.obj (.text)
                  00002660    00000086                                   : fd_cmp_t2.obj (.text:__aeabi_cdcmple)
                  000026e6    00000086                                   : fd_cmp_t2.obj (.text:__aeabi_cdrcmple)
                  0000276c    0000007a                                   : memset_t2.obj (.text)
                  000027e6    00000002     --HOLE-- [fill = 0]
                  000027e8    00000070                                   : autoinit.obj (.text)
                  00002858    00000068                                   : copy_decompress_lzss.obj (.text:decompress:lzss)
                  000028c0    00000064                                   : s_frexp.obj (.text)
                  00002924    00000054                                   : boot.obj (.text)
                  00002978    00000054                                   : exit.obj (.text)
                  000029cc    00000054                                   : ltoa.obj (.text)
                  00002a20    0000004c                                   : atoi.obj (.text)
                  00002a6c    0000004c                                   : cpy_tbl.obj (.text)
                  00002ab8    00000048                                   : fd_toi_t2.obj (.text)
                  00002b00    0000002e                                   : i_tofd_t2.obj (.text)
                  00002b2e    0000001c                                   : memccpy.obj (.text)
                  00002b4a    00000002     --HOLE-- [fill = 0]
                  00002b4c    00000018                                   : args_main.obj (.text)
                  00002b64    00000018                                   : strcmp.obj (.text)
                  00002b7c    00000016                                   : strchr.obj (.text)
                  00002b92    00000002     --HOLE-- [fill = 0]
                  00002b94    00000014                                   : _lock.obj (.text)
                  00002ba8    00000014                                   : s_copysign.obj (.text)
                  00002bbc    00000014                                   : strcpy.obj (.text)
                  00002bd0    00000014                                   : strlen.obj (.text)
                  00002be4    00000010     lcd_stepper.obj (.text:lcd_clear)
                  00002bf4    0000000e     rtsv7M4_T_le_v4SPD16_eabi.lib : copy_decompress_none.obj (.text:decompress:none)
                  00002c02    0000000c                                   : copy_zero_init.obj (.text:decompress:ZI)
                  00002c0e    0000000c     tm4c123gh6pm_startup_ccs.obj (.text)
                  00002c1a    00000004     rtsv7M4_T_le_v4SPD16_eabi.lib : pre_init.obj (.text)

.const     0    00002c1e    00000109     
                  00002c1e    00000101     rtsv7M4_T_le_v4SPD16_eabi.lib : ctype.obj (.const:.string:_ctypes_)
                  00002d1f    00000004     lcd_stepper.obj (.const:.string:lineAddress$1)
                  00002d23    00000004     lcd_stepper.obj (.const:.string:lineAddresses$2)

.cinit     0    00002d28    00000038     
                  00002d28    00000012     (.cinit..data.load) [load image, compression = lzss]
                  00002d3a    00000002     --HOLE-- [fill = 0]
                  00002d3c    0000000c     (__TI_handler_table)
                  00002d48    00000008     (.cinit..bss.load) [load image, compression = zero_init]
                  00002d50    00000010     (__TI_cinit_table)

.init_array 
*          0    00000000    00000000     UNINITIALIZED

.sysmem    0    20000000    00000800     UNINITIALIZED
                  20000000    00000008     rtsv7M4_T_le_v4SPD16_eabi.lib : memory.obj (.sysmem)
                  20000008    000007f8     --HOLE--

.stack     0    20000800    00000400     UNINITIALIZED
                  20000800    00000400     --HOLE--

.bss       0    20000c00    00000055     UNINITIALIZED
                  20000c00    00000054     lcd_stepper.obj (.bss:lastbuffer$3)
                  20000c54    00000001     (.common:_prevButton)

.data      0    20000c58    0000001e     UNINITIALIZED
                  20000c58    0000000c     rtsv7M4_T_le_v4SPD16_eabi.lib : exit.obj (.data:$O1$$)
                  20000c64    00000008                                   : _lock.obj (.data:$O1$$)
                  20000c6c    00000004                                   : errno.obj (.data)
                  20000c70    00000004                                   : stkdepth_vars.obj (.data)
                  20000c74    00000001     button.obj (.data)
                  20000c75    00000001     lab3_template.obj (.data)

MODULE SUMMARY

       Module                         code    ro data   rw data
       ------                         ----    -------   -------
    .\
       lab3_template.obj              1316    0         1      
       lcd_stepper.obj                836     8         84     
       tm4c123gh6pm_startup_ccs.obj   12      620       0      
       timer.obj                      344     0         0      
       button.obj                     260     0         2      
    +--+------------------------------+-------+---------+---------+
       Total:                         2768    628       87     
                                                               
    C:\ti\ccsv7\tools\compiler\ti-cgt-arm_16.9.1.LTS\lib\rtsv7M4_T_le_v4SPD16_eabi.lib
       _printfi.obj                   4414    0         0      
       ull_div_t2.obj                 500     0         0      
       fd_add_t2.obj                  438     0         0      
       fd_div_t2.obj                  310     0         0      
       fd_cmp_t2.obj                  268     0         0      
       ctype.obj                      0       257       0      
       fd_mul_t2.obj                  252     0         0      
       s_scalbn.obj                   252     0         0      
       memcpy_t2.obj                  156     0         0      
       vsnprintf.obj                  136     0         0      
       memset_t2.obj                  122     0         0      
       autoinit.obj                   112     0         0      
       copy_decompress_lzss.obj       104     0         0      
       s_frexp.obj                    100     0         0      
       exit.obj                       84      0         12     
       boot.obj                       84      0         0      
       ltoa.obj                       84      0         0      
       atoi.obj                       76      0         0      
       cpy_tbl.obj                    76      0         0      
       fd_toi_t2.obj                  72      0         0      
       i_tofd_t2.obj                  46      0         0      
       _lock.obj                      20      0         8      
       memccpy.obj                    28      0         0      
       args_main.obj                  24      0         0      
       strcmp.obj                     24      0         0      
       strchr.obj                     22      0         0      
       s_copysign.obj                 20      0         0      
       strcpy.obj                     20      0         0      
       strlen.obj                     20      0         0      
       copy_decompress_none.obj       14      0         0      
       copy_zero_init.obj             12      0         0      
       errno.obj                      0       0         4      
       pre_init.obj                   4       0         0      
       stkdepth_vars.obj              0       0         4      
       mpu_init.obj                   2       0         0      
       startup.obj                    2       0         0      
    +--+------------------------------+-------+---------+---------+
       Total:                         7898    257       28     
                                                               
       Heap:                          0       0         2048   
       Stack:                         0       0         1024   
       Linker Generated:              0       54        0      
    +--+------------------------------+-------+---------+---------+
       Grand Total:                   10666   939       3187   


LINKER GENERATED COPY TABLES

__TI_cinit_table @ 00002d50 records: 2, size/record: 8, table size: 16
	.data: load addr=00002d28, load size=00000012 bytes, run addr=20000c58, run size=0000001e bytes, compression=lzss
	.bss: load addr=00002d48, load size=00000008 bytes, run addr=20000c00, run size=00000055 bytes, compression=zero_init


LINKER GENERATED HANDLER TABLE

__TI_handler_table @ 00002d3c records: 3, size/record: 4, table size: 12
	index: 0, handler: __TI_decompress_lzss
	index: 1, handler: __TI_decompress_none
	index: 2, handler: __TI_zero_init


GLOBAL SYMBOLS: SORTED ALPHABETICALLY BY Name 

address   name                           
-------   ----                           
00002979  C$$EXIT                        
00002c0f  ResetISR                       
UNDEFED   SHT$$INIT_ARRAY$$Base          
UNDEFED   SHT$$INIT_ARRAY$$Limit         
20000c00  __STACK_END                    
00000400  __STACK_SIZE                   
20000a00  __STACK_TOP                    
00000800  __SYSMEM_SIZE                  
00002d50  __TI_CINIT_Base                
00002d60  __TI_CINIT_Limit               
00002d3c  __TI_Handler_Table_Base        
00002d48  __TI_Handler_Table_Limit       
000027e9  __TI_auto_init                 
20000c58  __TI_cleanup_ptr               
00002859  __TI_decompress_lzss           
00002bf5  __TI_decompress_none           
20000c5c  __TI_dtors_ptr                 
20000c60  __TI_enable_exit_profile_output
ffffffff  __TI_pprof_out_hndl            
00000ab1  __TI_printfi                   
ffffffff  __TI_prof_data_size            
ffffffff  __TI_prof_data_start           
00000000  __TI_static_base__             
00002c03  __TI_zero_init                 
00002661  __aeabi_cdcmpeq                
00002661  __aeabi_cdcmple                
000026e7  __aeabi_cdrcmple               
00002ab9  __aeabi_d2iz                   
00001e03  __aeabi_dadd                   
00002109  __aeabi_ddiv                   
00002345  __aeabi_dmul                   
00001df9  __aeabi_dsub                   
00002b01  __aeabi_i2d                    
0000276d  __aeabi_memclr                 
0000276d  __aeabi_memclr4                
0000276d  __aeabi_memclr8                
0000253d  __aeabi_memcpy                 
0000253d  __aeabi_memcpy4                
0000253d  __aeabi_memcpy8                
0000276f  __aeabi_memset                 
0000276f  __aeabi_memset4                
0000276f  __aeabi_memset8                
00001c05  __aeabi_uldivmod               
ffffffff  __binit__                      
ffffffff  __c_args__                     
000013ab  __mpu_init                     
20000800  __stack                        
00002b4d  _args_main                     
00002925  _c_int00                       
00002c1e  _ctypes_                       
20000c64  _lock                          
00002ba3  _nop                           
20000c54  _prevButton                    
00002b9b  _register_lock                 
00002b95  _register_unlock               
20000000  _sys_memory                    
00001faf  _system_post_cinit             
00002c1b  _system_pre_init               
20000c68  _unlock                        
0000297d  abort                          
00002a21  atoi                           
ffffffff  binit                          
0000226d  button_checkButtons            
00002277  button_getButton               
000022d9  button_getButtonBlocking       
000022ed  button_getButtonChange         
00002317  button_getButtonChangeBlocking 
00002241  button_init                    
00002a6d  copy_in                        
00002ba9  copysign                       
00002ba9  copysignl                      
20000c6c  errno                          
00002985  exit                           
000028c1  frexp                          
000028c1  frexpl                         
00000000  g_pfnVectors                   
00002be5  lcd_clear                      
00001ab1  lcd_gotoLine                   
0000190d  lcd_init                       
00001b17  lcd_printf                     
000019cd  lcd_putc                       
00001a05  lcd_puts                       
000018d1  lcd_reverseNibble              
00001a23  lcd_sendCommand                
00001a61  lcd_sendNibble                 
00001ad9  lcd_setCursorPos               
00002441  ldexp                          
00002441  ldexpl                         
000029cd  ltoa                           
000017cb  main                           
20000c70  main_func_sp                   
00002b2f  memccpy                        
0000253d  memcpy                         
00002775  memset                         
00001465  move_stepper_motor_by_step     
000013d7  read_shaft_encoder             
00001759  rotate_loops_CCW               
000016d9  rotate_loops_CW                
00002441  scalbn                         
00002441  scalbnl                        
000013ad  shaft_encoder_init             
00001433  stepper_init                   
00002b7d  strchr                         
00002b65  strcmp                         
00002bbd  strcpy                         
00002bd1  strlen                         
000020c1  timer_getClock                 
00002075  timer_startClock               
0000200f  timer_startTimer               
000020c7  timer_stopClock                
0000205f  timer_stopTimer                
00001fe5  timer_waitMicros               
00001fb1  timer_waitMillis               
000025d9  vsnprintf                      


GLOBAL SYMBOLS: SORTED BY Symbol Address 

address   name                           
-------   ----                           
00000000  __TI_static_base__             
00000000  g_pfnVectors                   
00000400  __STACK_SIZE                   
00000800  __SYSMEM_SIZE                  
00000ab1  __TI_printfi                   
000013ab  __mpu_init                     
000013ad  shaft_encoder_init             
000013d7  read_shaft_encoder             
00001433  stepper_init                   
00001465  move_stepper_motor_by_step     
000016d9  rotate_loops_CW                
00001759  rotate_loops_CCW               
000017cb  main                           
000018d1  lcd_reverseNibble              
0000190d  lcd_init                       
000019cd  lcd_putc                       
00001a05  lcd_puts                       
00001a23  lcd_sendCommand                
00001a61  lcd_sendNibble                 
00001ab1  lcd_gotoLine                   
00001ad9  lcd_setCursorPos               
00001b17  lcd_printf                     
00001c05  __aeabi_uldivmod               
00001df9  __aeabi_dsub                   
00001e03  __aeabi_dadd                   
00001faf  _system_post_cinit             
00001fb1  timer_waitMillis               
00001fe5  timer_waitMicros               
0000200f  timer_startTimer               
0000205f  timer_stopTimer                
00002075  timer_startClock               
000020c1  timer_getClock                 
000020c7  timer_stopClock                
00002109  __aeabi_ddiv                   
00002241  button_init                    
0000226d  button_checkButtons            
00002277  button_getButton               
000022d9  button_getButtonBlocking       
000022ed  button_getButtonChange         
00002317  button_getButtonChangeBlocking 
00002345  __aeabi_dmul                   
00002441  ldexp                          
00002441  ldexpl                         
00002441  scalbn                         
00002441  scalbnl                        
0000253d  __aeabi_memcpy                 
0000253d  __aeabi_memcpy4                
0000253d  __aeabi_memcpy8                
0000253d  memcpy                         
000025d9  vsnprintf                      
00002661  __aeabi_cdcmpeq                
00002661  __aeabi_cdcmple                
000026e7  __aeabi_cdrcmple               
0000276d  __aeabi_memclr                 
0000276d  __aeabi_memclr4                
0000276d  __aeabi_memclr8                
0000276f  __aeabi_memset                 
0000276f  __aeabi_memset4                
0000276f  __aeabi_memset8                
00002775  memset                         
000027e9  __TI_auto_init                 
00002859  __TI_decompress_lzss           
000028c1  frexp                          
000028c1  frexpl                         
00002925  _c_int00                       
00002979  C$$EXIT                        
0000297d  abort                          
00002985  exit                           
000029cd  ltoa                           
00002a21  atoi                           
00002a6d  copy_in                        
00002ab9  __aeabi_d2iz                   
00002b01  __aeabi_i2d                    
00002b2f  memccpy                        
00002b4d  _args_main                     
00002b65  strcmp                         
00002b7d  strchr                         
00002b95  _register_unlock               
00002b9b  _register_lock                 
00002ba3  _nop                           
00002ba9  copysign                       
00002ba9  copysignl                      
00002bbd  strcpy                         
00002bd1  strlen                         
00002be5  lcd_clear                      
00002bf5  __TI_decompress_none           
00002c03  __TI_zero_init                 
00002c0f  ResetISR                       
00002c1b  _system_pre_init               
00002c1e  _ctypes_                       
00002d3c  __TI_Handler_Table_Base        
00002d48  __TI_Handler_Table_Limit       
00002d50  __TI_CINIT_Base                
00002d60  __TI_CINIT_Limit               
20000000  _sys_memory                    
20000800  __stack                        
20000a00  __STACK_TOP                    
20000c00  __STACK_END                    
20000c54  _prevButton                    
20000c58  __TI_cleanup_ptr               
20000c5c  __TI_dtors_ptr                 
20000c60  __TI_enable_exit_profile_output
20000c64  _lock                          
20000c68  _unlock                        
20000c6c  errno                          
20000c70  main_func_sp                   
ffffffff  __TI_pprof_out_hndl            
ffffffff  __TI_prof_data_size            
ffffffff  __TI_prof_data_start           
ffffffff  __binit__                      
ffffffff  __c_args__                     
ffffffff  binit                          
UNDEFED   SHT$$INIT_ARRAY$$Base          
UNDEFED   SHT$$INIT_ARRAY$$Limit         

[114 symbols]
