<?xml version="1.0"?>
<link_info>
   <banner>TI ARM Linker PC v16.9.1.LTS</banner>
   <copyright>Copyright (c) 1996-2015 Texas Instruments Incorporated</copyright>
   <link_time>0x59c282c2</link_time>
   <link_errors>0x0</link_errors>
   <output_file>helloworld.out</output_file>
   <entry_point>
      <name>_c_int00</name>
      <address>0x2925</address>
   </entry_point>
   <input_file_list>
      <input_file id="fl-2">
         <path>.\</path>
         <kind>object</kind>
         <file>button.obj</file>
         <name>button.obj</name>
      </input_file>
      <input_file id="fl-3">
         <path>.\</path>
         <kind>object</kind>
         <file>lab3_template.obj</file>
         <name>lab3_template.obj</name>
      </input_file>
      <input_file id="fl-4">
         <path>.\</path>
         <kind>object</kind>
         <file>lcd_stepper.obj</file>
         <name>lcd_stepper.obj</name>
      </input_file>
      <input_file id="fl-5">
         <path>.\</path>
         <kind>object</kind>
         <file>movement.obj</file>
         <name>movement.obj</name>
      </input_file>
      <input_file id="fl-6">
         <path>.\</path>
         <kind>object</kind>
         <file>open_interface.obj</file>
         <name>open_interface.obj</name>
      </input_file>
      <input_file id="fl-7">
         <path>.\</path>
         <kind>object</kind>
         <file>timer.obj</file>
         <name>timer.obj</name>
      </input_file>
      <input_file id="fl-8">
         <path>.\</path>
         <kind>object</kind>
         <file>tm4c123gh6pm_startup_ccs.obj</file>
         <name>tm4c123gh6pm_startup_ccs.obj</name>
      </input_file>
      <input_file id="fl-c3">
         <path>C:\ti\ccsv7\tools\compiler\ti-cgt-arm_16.9.1.LTS\lib\</path>
         <kind>archive</kind>
         <file>rtsv7M4_T_le_v4SPD16_eabi.lib</file>
         <name>boot.obj</name>
      </input_file>
      <input_file id="fl-c4">
         <path>C:\ti\ccsv7\tools\compiler\ti-cgt-arm_16.9.1.LTS\lib\</path>
         <kind>archive</kind>
         <file>rtsv7M4_T_le_v4SPD16_eabi.lib</file>
         <name>copy_decompress_lzss.obj</name>
      </input_file>
      <input_file id="fl-c5">
         <path>C:\ti\ccsv7\tools\compiler\ti-cgt-arm_16.9.1.LTS\lib\</path>
         <kind>archive</kind>
         <file>rtsv7M4_T_le_v4SPD16_eabi.lib</file>
         <name>copy_decompress_none.obj</name>
      </input_file>
      <input_file id="fl-c6">
         <path>C:\ti\ccsv7\tools\compiler\ti-cgt-arm_16.9.1.LTS\lib\</path>
         <kind>archive</kind>
         <file>rtsv7M4_T_le_v4SPD16_eabi.lib</file>
         <name>copy_zero_init.obj</name>
      </input_file>
      <input_file id="fl-c7">
         <path>C:\ti\ccsv7\tools\compiler\ti-cgt-arm_16.9.1.LTS\lib\</path>
         <kind>archive</kind>
         <file>rtsv7M4_T_le_v4SPD16_eabi.lib</file>
         <name>exit.obj</name>
      </input_file>
      <input_file id="fl-c8">
         <path>C:\ti\ccsv7\tools\compiler\ti-cgt-arm_16.9.1.LTS\lib\</path>
         <kind>archive</kind>
         <file>rtsv7M4_T_le_v4SPD16_eabi.lib</file>
         <name>fd_div_t2.obj</name>
      </input_file>
      <input_file id="fl-c9">
         <path>C:\ti\ccsv7\tools\compiler\ti-cgt-arm_16.9.1.LTS\lib\</path>
         <kind>archive</kind>
         <file>rtsv7M4_T_le_v4SPD16_eabi.lib</file>
         <name>fd_mul_t2.obj</name>
      </input_file>
      <input_file id="fl-ca">
         <path>C:\ti\ccsv7\tools\compiler\ti-cgt-arm_16.9.1.LTS\lib\</path>
         <kind>archive</kind>
         <file>rtsv7M4_T_le_v4SPD16_eabi.lib</file>
         <name>fd_toi_t2.obj</name>
      </input_file>
      <input_file id="fl-cb">
         <path>C:\ti\ccsv7\tools\compiler\ti-cgt-arm_16.9.1.LTS\lib\</path>
         <kind>archive</kind>
         <file>rtsv7M4_T_le_v4SPD16_eabi.lib</file>
         <name>i_tofd_t2.obj</name>
      </input_file>
      <input_file id="fl-cc">
         <path>C:\ti\ccsv7\tools\compiler\ti-cgt-arm_16.9.1.LTS\lib\</path>
         <kind>archive</kind>
         <file>rtsv7M4_T_le_v4SPD16_eabi.lib</file>
         <name>memcpy_t2.obj</name>
      </input_file>
      <input_file id="fl-cd">
         <path>C:\ti\ccsv7\tools\compiler\ti-cgt-arm_16.9.1.LTS\lib\</path>
         <kind>archive</kind>
         <file>rtsv7M4_T_le_v4SPD16_eabi.lib</file>
         <name>memory.obj</name>
      </input_file>
      <input_file id="fl-ce">
         <path>C:\ti\ccsv7\tools\compiler\ti-cgt-arm_16.9.1.LTS\lib\</path>
         <kind>archive</kind>
         <file>rtsv7M4_T_le_v4SPD16_eabi.lib</file>
         <name>memset_t2.obj</name>
      </input_file>
      <input_file id="fl-cf">
         <path>C:\ti\ccsv7\tools\compiler\ti-cgt-arm_16.9.1.LTS\lib\</path>
         <kind>archive</kind>
         <file>rtsv7M4_T_le_v4SPD16_eabi.lib</file>
         <name>mpu_init.obj</name>
      </input_file>
      <input_file id="fl-d0">
         <path>C:\ti\ccsv7\tools\compiler\ti-cgt-arm_16.9.1.LTS\lib\</path>
         <kind>archive</kind>
         <file>rtsv7M4_T_le_v4SPD16_eabi.lib</file>
         <name>pre_init.obj</name>
      </input_file>
      <input_file id="fl-d1">
         <path>C:\ti\ccsv7\tools\compiler\ti-cgt-arm_16.9.1.LTS\lib\</path>
         <kind>archive</kind>
         <file>rtsv7M4_T_le_v4SPD16_eabi.lib</file>
         <name>stkdepth_vars.obj</name>
      </input_file>
      <input_file id="fl-d2">
         <path>C:\ti\ccsv7\tools\compiler\ti-cgt-arm_16.9.1.LTS\lib\</path>
         <kind>archive</kind>
         <file>rtsv7M4_T_le_v4SPD16_eabi.lib</file>
         <name>strcmp.obj</name>
      </input_file>
      <input_file id="fl-d3">
         <path>C:\ti\ccsv7\tools\compiler\ti-cgt-arm_16.9.1.LTS\lib\</path>
         <kind>archive</kind>
         <file>rtsv7M4_T_le_v4SPD16_eabi.lib</file>
         <name>strcpy.obj</name>
      </input_file>
      <input_file id="fl-d4">
         <path>C:\ti\ccsv7\tools\compiler\ti-cgt-arm_16.9.1.LTS\lib\</path>
         <kind>archive</kind>
         <file>rtsv7M4_T_le_v4SPD16_eabi.lib</file>
         <name>vsnprintf.obj</name>
      </input_file>
      <input_file id="fl-d5">
         <path>C:\ti\ccsv7\tools\compiler\ti-cgt-arm_16.9.1.LTS\lib\</path>
         <kind>archive</kind>
         <file>rtsv7M4_T_le_v4SPD16_eabi.lib</file>
         <name>_lock.obj</name>
      </input_file>
      <input_file id="fl-d6">
         <path>C:\ti\ccsv7\tools\compiler\ti-cgt-arm_16.9.1.LTS\lib\</path>
         <kind>archive</kind>
         <file>rtsv7M4_T_le_v4SPD16_eabi.lib</file>
         <name>_printfi.obj</name>
      </input_file>
      <input_file id="fl-d7">
         <path>C:\ti\ccsv7\tools\compiler\ti-cgt-arm_16.9.1.LTS\lib\</path>
         <kind>archive</kind>
         <file>rtsv7M4_T_le_v4SPD16_eabi.lib</file>
         <name>args_main.obj</name>
      </input_file>
      <input_file id="fl-d8">
         <path>C:\ti\ccsv7\tools\compiler\ti-cgt-arm_16.9.1.LTS\lib\</path>
         <kind>archive</kind>
         <file>rtsv7M4_T_le_v4SPD16_eabi.lib</file>
         <name>atoi.obj</name>
      </input_file>
      <input_file id="fl-d9">
         <path>C:\ti\ccsv7\tools\compiler\ti-cgt-arm_16.9.1.LTS\lib\</path>
         <kind>archive</kind>
         <file>rtsv7M4_T_le_v4SPD16_eabi.lib</file>
         <name>autoinit.obj</name>
      </input_file>
      <input_file id="fl-da">
         <path>C:\ti\ccsv7\tools\compiler\ti-cgt-arm_16.9.1.LTS\lib\</path>
         <kind>archive</kind>
         <file>rtsv7M4_T_le_v4SPD16_eabi.lib</file>
         <name>cpy_tbl.obj</name>
      </input_file>
      <input_file id="fl-db">
         <path>C:\ti\ccsv7\tools\compiler\ti-cgt-arm_16.9.1.LTS\lib\</path>
         <kind>archive</kind>
         <file>rtsv7M4_T_le_v4SPD16_eabi.lib</file>
         <name>ctype.obj</name>
      </input_file>
      <input_file id="fl-dc">
         <path>C:\ti\ccsv7\tools\compiler\ti-cgt-arm_16.9.1.LTS\lib\</path>
         <kind>archive</kind>
         <file>rtsv7M4_T_le_v4SPD16_eabi.lib</file>
         <name>fd_add_t2.obj</name>
      </input_file>
      <input_file id="fl-dd">
         <path>C:\ti\ccsv7\tools\compiler\ti-cgt-arm_16.9.1.LTS\lib\</path>
         <kind>archive</kind>
         <file>rtsv7M4_T_le_v4SPD16_eabi.lib</file>
         <name>fd_cmp_t2.obj</name>
      </input_file>
      <input_file id="fl-de">
         <path>C:\ti\ccsv7\tools\compiler\ti-cgt-arm_16.9.1.LTS\lib\</path>
         <kind>archive</kind>
         <file>rtsv7M4_T_le_v4SPD16_eabi.lib</file>
         <name>ltoa.obj</name>
      </input_file>
      <input_file id="fl-df">
         <path>C:\ti\ccsv7\tools\compiler\ti-cgt-arm_16.9.1.LTS\lib\</path>
         <kind>archive</kind>
         <file>rtsv7M4_T_le_v4SPD16_eabi.lib</file>
         <name>memccpy.obj</name>
      </input_file>
      <input_file id="fl-e0">
         <path>C:\ti\ccsv7\tools\compiler\ti-cgt-arm_16.9.1.LTS\lib\</path>
         <kind>archive</kind>
         <file>rtsv7M4_T_le_v4SPD16_eabi.lib</file>
         <name>s_frexp.obj</name>
      </input_file>
      <input_file id="fl-e1">
         <path>C:\ti\ccsv7\tools\compiler\ti-cgt-arm_16.9.1.LTS\lib\</path>
         <kind>archive</kind>
         <file>rtsv7M4_T_le_v4SPD16_eabi.lib</file>
         <name>s_scalbn.obj</name>
      </input_file>
      <input_file id="fl-e2">
         <path>C:\ti\ccsv7\tools\compiler\ti-cgt-arm_16.9.1.LTS\lib\</path>
         <kind>archive</kind>
         <file>rtsv7M4_T_le_v4SPD16_eabi.lib</file>
         <name>startup.obj</name>
      </input_file>
      <input_file id="fl-e3">
         <path>C:\ti\ccsv7\tools\compiler\ti-cgt-arm_16.9.1.LTS\lib\</path>
         <kind>archive</kind>
         <file>rtsv7M4_T_le_v4SPD16_eabi.lib</file>
         <name>strchr.obj</name>
      </input_file>
      <input_file id="fl-e4">
         <path>C:\ti\ccsv7\tools\compiler\ti-cgt-arm_16.9.1.LTS\lib\</path>
         <kind>archive</kind>
         <file>rtsv7M4_T_le_v4SPD16_eabi.lib</file>
         <name>strlen.obj</name>
      </input_file>
      <input_file id="fl-e5">
         <path>C:\ti\ccsv7\tools\compiler\ti-cgt-arm_16.9.1.LTS\lib\</path>
         <kind>archive</kind>
         <file>rtsv7M4_T_le_v4SPD16_eabi.lib</file>
         <name>ull_div_t2.obj</name>
      </input_file>
      <input_file id="fl-e6">
         <path>C:\ti\ccsv7\tools\compiler\ti-cgt-arm_16.9.1.LTS\lib\</path>
         <kind>archive</kind>
         <file>rtsv7M4_T_le_v4SPD16_eabi.lib</file>
         <name>errno.obj</name>
      </input_file>
      <input_file id="fl-e7">
         <path>C:\ti\ccsv7\tools\compiler\ti-cgt-arm_16.9.1.LTS\lib\</path>
         <kind>archive</kind>
         <file>rtsv7M4_T_le_v4SPD16_eabi.lib</file>
         <name>s_copysign.obj</name>
      </input_file>
      <input_file id="fl-e8">
         <path>C:\ti\TivaWare_C_Series-2.1.2.111\driverlib\ccs\Debug\</path>
         <kind>archive</kind>
         <file>driverlib.lib</file>
         <name>interrupt.obj</name>
      </input_file>
      <input_file id="fl-e9">
         <path>C:\ti\TivaWare_C_Series-2.1.2.111\driverlib\ccs\Debug\</path>
         <kind>archive</kind>
         <file>driverlib.lib</file>
         <name>cpu.obj</name>
      </input_file>
   </input_file_list>
   <object_component_list>
      <object_component id="oc-f">
         <name>.intvecs</name>
         <load_address>0x0</load_address>
         <run_address>0x0</run_address>
         <size>0x26c</size>
         <input_file_ref idref="fl-8"/>
      </object_component>
      <object_component id="oc-146">
         <name>.text</name>
         <load_address>0x26c</load_address>
         <run_address>0x26c</run_address>
         <size>0x113e</size>
         <input_file_ref idref="fl-d6"/>
      </object_component>
      <object_component id="oc-5a">
         <name>.text</name>
         <load_address>0x13aa</load_address>
         <run_address>0x13aa</run_address>
         <size>0x2</size>
         <input_file_ref idref="fl-cf"/>
      </object_component>
      <object_component id="oc-ae">
         <name>.text</name>
         <load_address>0x13ac</load_address>
         <run_address>0x13ac</run_address>
         <size>0x524</size>
         <input_file_ref idref="fl-3"/>
      </object_component>
      <object_component id="oc-eb">
         <name>.text</name>
         <load_address>0x18d0</load_address>
         <run_address>0x18d0</run_address>
         <size>0x334</size>
         <input_file_ref idref="fl-4"/>
      </object_component>
      <object_component id="oc-164">
         <name>.text</name>
         <load_address>0x1c04</load_address>
         <run_address>0x1c04</run_address>
         <size>0x1f4</size>
         <input_file_ref idref="fl-e5"/>
      </object_component>
      <object_component id="oc-193">
         <name>.text</name>
         <load_address>0x1df8</load_address>
         <run_address>0x1df8</run_address>
         <size>0x1b6</size>
         <input_file_ref idref="fl-dc"/>
      </object_component>
      <object_component id="oc-a6">
         <name>.text</name>
         <load_address>0x1fae</load_address>
         <run_address>0x1fae</run_address>
         <size>0x2</size>
         <input_file_ref idref="fl-e2"/>
      </object_component>
      <object_component id="oc-de">
         <name>.text</name>
         <load_address>0x1fb0</load_address>
         <run_address>0x1fb0</run_address>
         <size>0x158</size>
         <input_file_ref idref="fl-7"/>
      </object_component>
      <object_component id="oc-179">
         <name>.text</name>
         <load_address>0x2108</load_address>
         <run_address>0x2108</run_address>
         <size>0x136</size>
         <input_file_ref idref="fl-c8"/>
      </object_component>
      <object_component id="oc-e5">
         <name>.text</name>
         <load_address>0x2240</load_address>
         <run_address>0x2240</run_address>
         <size>0x104</size>
         <input_file_ref idref="fl-2"/>
      </object_component>
      <object_component id="oc-174">
         <name>.text</name>
         <load_address>0x2344</load_address>
         <run_address>0x2344</run_address>
         <size>0xfc</size>
         <input_file_ref idref="fl-c9"/>
      </object_component>
      <object_component id="oc-19e">
         <name>.text</name>
         <load_address>0x2440</load_address>
         <run_address>0x2440</run_address>
         <size>0xfc</size>
         <input_file_ref idref="fl-e1"/>
      </object_component>
      <object_component id="oc-42">
         <name>.text</name>
         <load_address>0x253c</load_address>
         <run_address>0x253c</run_address>
         <size>0x9c</size>
         <input_file_ref idref="fl-cc"/>
      </object_component>
      <object_component id="oc-125">
         <name>.text</name>
         <load_address>0x25d8</load_address>
         <run_address>0x25d8</run_address>
         <size>0x88</size>
         <input_file_ref idref="fl-d4"/>
      </object_component>
      <object_component id="oc-16f">
         <name>.text:__aeabi_cdcmple</name>
         <load_address>0x2660</load_address>
         <run_address>0x2660</run_address>
         <size>0x86</size>
         <input_file_ref idref="fl-dd"/>
      </object_component>
      <object_component id="oc-17e">
         <name>.text:__aeabi_cdrcmple</name>
         <load_address>0x26e6</load_address>
         <run_address>0x26e6</run_address>
         <size>0x86</size>
         <input_file_ref idref="fl-dd"/>
      </object_component>
      <object_component id="oc-4e">
         <name>.text</name>
         <load_address>0x276c</load_address>
         <run_address>0x276c</run_address>
         <size>0x7a</size>
         <input_file_ref idref="fl-ce"/>
      </object_component>
      <object_component id="oc-66">
         <name>.text</name>
         <load_address>0x27e8</load_address>
         <run_address>0x27e8</run_address>
         <size>0x70</size>
         <input_file_ref idref="fl-d9"/>
      </object_component>
      <object_component id="oc-12">
         <name>.text:decompress:lzss</name>
         <load_address>0x2858</load_address>
         <run_address>0x2858</run_address>
         <size>0x68</size>
         <input_file_ref idref="fl-c4"/>
      </object_component>
      <object_component id="oc-198">
         <name>.text</name>
         <load_address>0x28c0</load_address>
         <run_address>0x28c0</run_address>
         <size>0x64</size>
         <input_file_ref idref="fl-e0"/>
      </object_component>
      <object_component id="oc-24">
         <name>.text</name>
         <load_address>0x2924</load_address>
         <run_address>0x2924</run_address>
         <size>0x54</size>
         <input_file_ref idref="fl-c3"/>
      </object_component>
      <object_component id="oc-72">
         <name>.text</name>
         <load_address>0x2978</load_address>
         <run_address>0x2978</run_address>
         <size>0x54</size>
         <input_file_ref idref="fl-c7"/>
      </object_component>
      <object_component id="oc-188">
         <name>.text</name>
         <load_address>0x29cc</load_address>
         <run_address>0x29cc</run_address>
         <size>0x54</size>
         <input_file_ref idref="fl-de"/>
      </object_component>
      <object_component id="oc-1aa">
         <name>.text</name>
         <load_address>0x2a20</load_address>
         <run_address>0x2a20</run_address>
         <size>0x4c</size>
         <input_file_ref idref="fl-d8"/>
      </object_component>
      <object_component id="oc-a0">
         <name>.text</name>
         <load_address>0x2a6c</load_address>
         <run_address>0x2a6c</run_address>
         <size>0x4c</size>
         <input_file_ref idref="fl-da"/>
      </object_component>
      <object_component id="oc-183">
         <name>.text</name>
         <load_address>0x2ab8</load_address>
         <run_address>0x2ab8</run_address>
         <size>0x48</size>
         <input_file_ref idref="fl-ca"/>
      </object_component>
      <object_component id="oc-18e">
         <name>.text</name>
         <load_address>0x2b00</load_address>
         <run_address>0x2b00</run_address>
         <size>0x2e</size>
         <input_file_ref idref="fl-cb"/>
      </object_component>
      <object_component id="oc-1b0">
         <name>.text</name>
         <load_address>0x2b2e</load_address>
         <run_address>0x2b2e</run_address>
         <size>0x1c</size>
         <input_file_ref idref="fl-df"/>
      </object_component>
      <object_component id="oc-6c">
         <name>.text</name>
         <load_address>0x2b4c</load_address>
         <run_address>0x2b4c</run_address>
         <size>0x18</size>
         <input_file_ref idref="fl-d7"/>
      </object_component>
      <object_component id="oc-12b">
         <name>.text</name>
         <load_address>0x2b64</load_address>
         <run_address>0x2b64</run_address>
         <size>0x18</size>
         <input_file_ref idref="fl-d2"/>
      </object_component>
      <object_component id="oc-1a4">
         <name>.text</name>
         <load_address>0x2b7c</load_address>
         <run_address>0x2b7c</run_address>
         <size>0x16</size>
         <input_file_ref idref="fl-e3"/>
      </object_component>
      <object_component id="oc-fb">
         <name>.text</name>
         <load_address>0x2b94</load_address>
         <run_address>0x2b94</run_address>
         <size>0x14</size>
         <input_file_ref idref="fl-d5"/>
      </object_component>
      <object_component id="oc-1dd">
         <name>.text</name>
         <load_address>0x2ba8</load_address>
         <run_address>0x2ba8</run_address>
         <size>0x14</size>
         <input_file_ref idref="fl-e7"/>
      </object_component>
      <object_component id="oc-131">
         <name>.text</name>
         <load_address>0x2bbc</load_address>
         <run_address>0x2bbc</run_address>
         <size>0x14</size>
         <input_file_ref idref="fl-d3"/>
      </object_component>
      <object_component id="oc-169">
         <name>.text</name>
         <load_address>0x2bd0</load_address>
         <run_address>0x2bd0</run_address>
         <size>0x14</size>
         <input_file_ref idref="fl-e4"/>
      </object_component>
      <object_component id="oc-11e">
         <name>.text:lcd_clear</name>
         <load_address>0x2be4</load_address>
         <run_address>0x2be4</run_address>
         <size>0x10</size>
         <input_file_ref idref="fl-4"/>
      </object_component>
      <object_component id="oc-18">
         <name>.text:decompress:none</name>
         <load_address>0x2bf4</load_address>
         <run_address>0x2bf4</run_address>
         <size>0xe</size>
         <input_file_ref idref="fl-c5"/>
      </object_component>
      <object_component id="oc-1e">
         <name>.text:decompress:ZI</name>
         <load_address>0x2c02</load_address>
         <run_address>0x2c02</run_address>
         <size>0xc</size>
         <input_file_ref idref="fl-c6"/>
      </object_component>
      <object_component id="oc-2e">
         <name>.text</name>
         <load_address>0x2c0e</load_address>
         <run_address>0x2c0e</run_address>
         <size>0xc</size>
         <input_file_ref idref="fl-8"/>
      </object_component>
      <object_component id="oc-60">
         <name>.text</name>
         <load_address>0x2c1a</load_address>
         <run_address>0x2c1a</run_address>
         <size>0x4</size>
         <input_file_ref idref="fl-d0"/>
      </object_component>
      <object_component id="oc-1ea">
         <name>.const:.string:_ctypes_</name>
         <load_address>0x2c1e</load_address>
         <run_address>0x2c1e</run_address>
         <size>0x101</size>
         <input_file_ref idref="fl-db"/>
      </object_component>
      <object_component id="oc-137">
         <name>.const:.string:lineAddress$1</name>
         <load_address>0x2d1f</load_address>
         <run_address>0x2d1f</run_address>
         <size>0x4</size>
         <input_file_ref idref="fl-4"/>
      </object_component>
      <object_component id="oc-138">
         <name>.const:.string:lineAddresses$2</name>
         <load_address>0x2d23</load_address>
         <run_address>0x2d23</run_address>
         <size>0x4</size>
         <input_file_ref idref="fl-4"/>
      </object_component>
      <object_component id="oc-22f">
         <name>.cinit..data.load</name>
         <load_address>0x2d28</load_address>
         <run_address>0x2d28</run_address>
         <size>0x12</size>
      </object_component>
      <object_component id="oc-22d">
         <name>__TI_handler_table</name>
         <load_address>0x2d3c</load_address>
         <run_address>0x2d3c</run_address>
         <size>0xc</size>
      </object_component>
      <object_component id="oc-230">
         <name>.cinit..bss.load</name>
         <load_address>0x2d48</load_address>
         <run_address>0x2d48</run_address>
         <size>0x8</size>
      </object_component>
      <object_component id="oc-22e">
         <name>__TI_cinit_table</name>
         <load_address>0x2d50</load_address>
         <run_address>0x2d50</run_address>
         <size>0x10</size>
      </object_component>
      <object_component id="oc-119">
         <name>.data</name>
         <load_address>0x20000c74</load_address>
         <run_address>0x20000c74</run_address>
         <size>0x1</size>
         <input_file_ref idref="fl-2"/>
      </object_component>
      <object_component id="oc-e4">
         <name>.data</name>
         <load_address>0x20000c75</load_address>
         <run_address>0x20000c75</run_address>
         <size>0x1</size>
         <input_file_ref idref="fl-3"/>
      </object_component>
      <object_component id="oc-b6">
         <name>.data:$O1$$</name>
         <load_address>0x20000c58</load_address>
         <run_address>0x20000c58</run_address>
         <size>0xc</size>
         <input_file_ref idref="fl-c7"/>
      </object_component>
      <object_component id="oc-78">
         <name>.data</name>
         <load_address>0x20000c70</load_address>
         <run_address>0x20000c70</run_address>
         <size>0x4</size>
         <input_file_ref idref="fl-d1"/>
      </object_component>
      <object_component id="oc-b9">
         <name>.data:$O1$$</name>
         <load_address>0x20000c64</load_address>
         <run_address>0x20000c64</run_address>
         <size>0x8</size>
         <input_file_ref idref="fl-d5"/>
      </object_component>
      <object_component id="oc-1e3">
         <name>.data</name>
         <load_address>0x20000c6c</load_address>
         <run_address>0x20000c6c</run_address>
         <size>0x4</size>
         <input_file_ref idref="fl-e6"/>
      </object_component>
      <object_component id="oc-139">
         <name>.bss:lastbuffer$3</name>
         <uninitialized>true</uninitialized>
         <run_address>0x20000c00</run_address>
         <size>0x54</size>
         <input_file_ref idref="fl-4"/>
      </object_component>
      <object_component id="oc-11a">
         <name>.common:_prevButton</name>
         <uninitialized>true</uninitialized>
         <run_address>0x20000c54</run_address>
         <size>0x1</size>
      </object_component>
      <object_component id="oc-2b">
         <name>.sysmem</name>
         <uninitialized>true</uninitialized>
         <run_address>0x20000000</run_address>
         <size>0x8</size>
         <input_file_ref idref="fl-cd"/>
      </object_component>
      <object_component id="oc-232">
         <name>.sysmem</name>
         <uninitialized>true</uninitialized>
         <run_address>0x20000000</run_address>
         <size>0x0</size>
      </object_component>
      <object_component id="oc-2a">
         <name>.stack</name>
         <uninitialized>true</uninitialized>
         <run_address>0x20000800</run_address>
         <size>0x0</size>
         <input_file_ref idref="fl-c3"/>
      </object_component>
      <object_component id="oc-231">
         <name>.stack</name>
         <uninitialized>true</uninitialized>
         <run_address>0x20000800</run_address>
         <size>0x0</size>
      </object_component>
      <object_component id="oc-11b">
         <name>.debug_info</name>
         <load_address>0x0</load_address>
         <run_address>0x0</run_address>
         <size>0xc0</size>
         <input_file_ref idref="fl-2"/>
      </object_component>
      <object_component id="oc-e6">
         <name>.debug_info</name>
         <load_address>0xc0</load_address>
         <run_address>0xc0</run_address>
         <size>0x3e5</size>
         <input_file_ref idref="fl-2"/>
      </object_component>
      <object_component id="oc-3d">
         <name>.debug_info</name>
         <load_address>0x4a5</load_address>
         <run_address>0x4a5</run_address>
         <size>0x84</size>
         <input_file_ref idref="fl-2"/>
      </object_component>
      <object_component id="oc-83">
         <name>.debug_info</name>
         <load_address>0x529</load_address>
         <run_address>0x529</run_address>
         <size>0x18b</size>
         <input_file_ref idref="fl-2"/>
      </object_component>
      <object_component id="oc-163">
         <name>.debug_info</name>
         <load_address>0x6b4</load_address>
         <run_address>0x6b4</run_address>
         <size>0x172</size>
         <input_file_ref idref="fl-3"/>
      </object_component>
      <object_component id="oc-b2">
         <name>.debug_info</name>
         <load_address>0x826</load_address>
         <run_address>0x826</run_address>
         <size>0x8ec</size>
         <input_file_ref idref="fl-3"/>
      </object_component>
      <object_component id="oc-15e">
         <name>.debug_info</name>
         <load_address>0x1112</load_address>
         <run_address>0x1112</run_address>
         <size>0xc8</size>
         <input_file_ref idref="fl-3"/>
      </object_component>
      <object_component id="oc-114">
         <name>.debug_info</name>
         <load_address>0x11da</load_address>
         <run_address>0x11da</run_address>
         <size>0x2c</size>
         <input_file_ref idref="fl-3"/>
      </object_component>
      <object_component id="oc-13c">
         <name>.debug_info</name>
         <load_address>0x1206</load_address>
         <run_address>0x1206</run_address>
         <size>0x4e</size>
         <input_file_ref idref="fl-3"/>
      </object_component>
      <object_component id="oc-13b">
         <name>.debug_info</name>
         <load_address>0x1254</load_address>
         <run_address>0x1254</run_address>
         <size>0x1cb</size>
         <input_file_ref idref="fl-4"/>
      </object_component>
      <object_component id="oc-120">
         <name>.debug_info</name>
         <load_address>0x141f</load_address>
         <run_address>0x141f</run_address>
         <size>0x126</size>
         <input_file_ref idref="fl-4"/>
      </object_component>
      <object_component id="oc-ec">
         <name>.debug_info</name>
         <load_address>0x1545</load_address>
         <run_address>0x1545</run_address>
         <size>0x94a</size>
         <input_file_ref idref="fl-4"/>
      </object_component>
      <object_component id="oc-df">
         <name>.debug_info</name>
         <load_address>0x1e8f</load_address>
         <run_address>0x1e8f</run_address>
         <size>0x3de</size>
         <input_file_ref idref="fl-7"/>
      </object_component>
      <object_component id="oc-36">
         <name>.debug_info</name>
         <load_address>0x226d</load_address>
         <run_address>0x226d</run_address>
         <size>0xe9</size>
         <input_file_ref idref="fl-8"/>
      </object_component>
      <object_component id="oc-10">
         <name>.debug_info</name>
         <load_address>0x2356</load_address>
         <run_address>0x2356</run_address>
         <size>0xd4</size>
         <input_file_ref idref="fl-8"/>
      </object_component>
      <object_component id="oc-2f">
         <name>.debug_info</name>
         <load_address>0x242a</load_address>
         <run_address>0x242a</run_address>
         <size>0x250</size>
         <input_file_ref idref="fl-8"/>
      </object_component>
      <object_component id="oc-26">
         <name>.debug_info</name>
         <load_address>0x267a</load_address>
         <run_address>0x267a</run_address>
         <size>0x160</size>
         <input_file_ref idref="fl-c3"/>
      </object_component>
      <object_component id="oc-8d">
         <name>.debug_info</name>
         <load_address>0x27da</load_address>
         <run_address>0x27da</run_address>
         <size>0xf9</size>
         <input_file_ref idref="fl-c4"/>
      </object_component>
      <object_component id="oc-16">
         <name>.debug_info</name>
         <load_address>0x28d3</load_address>
         <run_address>0x28d3</run_address>
         <size>0x245</size>
         <input_file_ref idref="fl-c4"/>
      </object_component>
      <object_component id="oc-38">
         <name>.debug_info</name>
         <load_address>0x2b18</load_address>
         <run_address>0x2b18</run_address>
         <size>0x60</size>
         <input_file_ref idref="fl-c4"/>
      </object_component>
      <object_component id="oc-88">
         <name>.debug_info</name>
         <load_address>0x2b78</load_address>
         <run_address>0x2b78</run_address>
         <size>0x46</size>
         <input_file_ref idref="fl-c4"/>
      </object_component>
      <object_component id="oc-4d">
         <name>.debug_info</name>
         <load_address>0x2bbe</load_address>
         <run_address>0x2bbe</run_address>
         <size>0x140</size>
         <input_file_ref idref="fl-c5"/>
      </object_component>
      <object_component id="oc-19">
         <name>.debug_info</name>
         <load_address>0x2cfe</load_address>
         <run_address>0x2cfe</run_address>
         <size>0x1df</size>
         <input_file_ref idref="fl-c5"/>
      </object_component>
      <object_component id="oc-48">
         <name>.debug_info</name>
         <load_address>0x2edd</load_address>
         <run_address>0x2edd</run_address>
         <size>0x46</size>
         <input_file_ref idref="fl-c5"/>
      </object_component>
      <object_component id="oc-8f">
         <name>.debug_info</name>
         <load_address>0x2f23</load_address>
         <run_address>0x2f23</run_address>
         <size>0x2c</size>
         <input_file_ref idref="fl-c5"/>
      </object_component>
      <object_component id="oc-59">
         <name>.debug_info</name>
         <load_address>0x2f4f</load_address>
         <run_address>0x2f4f</run_address>
         <size>0x12f</size>
         <input_file_ref idref="fl-c6"/>
      </object_component>
      <object_component id="oc-20">
         <name>.debug_info</name>
         <load_address>0x307e</load_address>
         <run_address>0x307e</run_address>
         <size>0x1aa</size>
         <input_file_ref idref="fl-c6"/>
      </object_component>
      <object_component id="oc-54">
         <name>.debug_info</name>
         <load_address>0x3228</load_address>
         <run_address>0x3228</run_address>
         <size>0x46</size>
         <input_file_ref idref="fl-c6"/>
      </object_component>
      <object_component id="oc-97">
         <name>.debug_info</name>
         <load_address>0x326e</load_address>
         <run_address>0x326e</run_address>
         <size>0x2c</size>
         <input_file_ref idref="fl-c6"/>
      </object_component>
      <object_component id="oc-bd">
         <name>.debug_info</name>
         <load_address>0x329a</load_address>
         <run_address>0x329a</run_address>
         <size>0x234</size>
         <input_file_ref idref="fl-c7"/>
      </object_component>
      <object_component id="oc-b7">
         <name>.debug_info</name>
         <load_address>0x34ce</load_address>
         <run_address>0x34ce</run_address>
         <size>0x185</size>
         <input_file_ref idref="fl-c7"/>
      </object_component>
      <object_component id="oc-76">
         <name>.debug_info</name>
         <load_address>0x3653</load_address>
         <run_address>0x3653</run_address>
         <size>0x214</size>
         <input_file_ref idref="fl-c7"/>
      </object_component>
      <object_component id="oc-17c">
         <name>.debug_info</name>
         <load_address>0x3867</load_address>
         <run_address>0x3867</run_address>
         <size>0x132</size>
         <input_file_ref idref="fl-c8"/>
      </object_component>
      <object_component id="oc-175">
         <name>.debug_info</name>
         <load_address>0x3999</load_address>
         <run_address>0x3999</run_address>
         <size>0x132</size>
         <input_file_ref idref="fl-c9"/>
      </object_component>
      <object_component id="oc-184">
         <name>.debug_info</name>
         <load_address>0x3acb</load_address>
         <run_address>0x3acb</run_address>
         <size>0x126</size>
         <input_file_ref idref="fl-ca"/>
      </object_component>
      <object_component id="oc-190">
         <name>.debug_info</name>
         <load_address>0x3bf1</load_address>
         <run_address>0x3bf1</run_address>
         <size>0x124</size>
         <input_file_ref idref="fl-cb"/>
      </object_component>
      <object_component id="oc-44">
         <name>.debug_info</name>
         <load_address>0x3d15</load_address>
         <run_address>0x3d15</run_address>
         <size>0x111</size>
         <input_file_ref idref="fl-cc"/>
      </object_component>
      <object_component id="oc-7e">
         <name>.debug_info</name>
         <load_address>0x3e26</load_address>
         <run_address>0x3e26</run_address>
         <size>0x222</size>
         <input_file_ref idref="fl-cd"/>
      </object_component>
      <object_component id="oc-2c">
         <name>.debug_info</name>
         <load_address>0x4048</load_address>
         <run_address>0x4048</run_address>
         <size>0x101</size>
         <input_file_ref idref="fl-cd"/>
      </object_component>
      <object_component id="oc-c3">
         <name>.debug_info</name>
         <load_address>0x4149</load_address>
         <run_address>0x4149</run_address>
         <size>0x2c</size>
         <input_file_ref idref="fl-cd"/>
      </object_component>
      <object_component id="oc-c8">
         <name>.debug_info</name>
         <load_address>0x4175</load_address>
         <run_address>0x4175</run_address>
         <size>0x62</size>
         <input_file_ref idref="fl-cd"/>
      </object_component>
      <object_component id="oc-4f">
         <name>.debug_info</name>
         <load_address>0x41d7</load_address>
         <run_address>0x41d7</run_address>
         <size>0x13f</size>
         <input_file_ref idref="fl-ce"/>
      </object_component>
      <object_component id="oc-5d">
         <name>.debug_info</name>
         <load_address>0x4316</load_address>
         <run_address>0x4316</run_address>
         <size>0x138</size>
         <input_file_ref idref="fl-cf"/>
      </object_component>
      <object_component id="oc-64">
         <name>.debug_info</name>
         <load_address>0x444e</load_address>
         <run_address>0x444e</run_address>
         <size>0x148</size>
         <input_file_ref idref="fl-d0"/>
      </object_component>
      <object_component id="oc-79">
         <name>.debug_info</name>
         <load_address>0x4596</load_address>
         <run_address>0x4596</run_address>
         <size>0x109</size>
         <input_file_ref idref="fl-d1"/>
      </object_component>
      <object_component id="oc-159">
         <name>.debug_info</name>
         <load_address>0x469f</load_address>
         <run_address>0x469f</run_address>
         <size>0xe5</size>
         <input_file_ref idref="fl-d2"/>
      </object_component>
      <object_component id="oc-12d">
         <name>.debug_info</name>
         <load_address>0x4784</load_address>
         <run_address>0x4784</run_address>
         <size>0x258</size>
         <input_file_ref idref="fl-d2"/>
      </object_component>
      <object_component id="oc-15b">
         <name>.debug_info</name>
         <load_address>0x49dc</load_address>
         <run_address>0x49dc</run_address>
         <size>0xf0</size>
         <input_file_ref idref="fl-d3"/>
      </object_component>
      <object_component id="oc-135">
         <name>.debug_info</name>
         <load_address>0x4acc</load_address>
         <run_address>0x4acc</run_address>
         <size>0x231</size>
         <input_file_ref idref="fl-d3"/>
      </object_component>
      <object_component id="oc-14d">
         <name>.debug_info</name>
         <load_address>0x4cfd</load_address>
         <run_address>0x4cfd</run_address>
         <size>0x1c8</size>
         <input_file_ref idref="fl-d4"/>
      </object_component>
      <object_component id="oc-129">
         <name>.debug_info</name>
         <load_address>0x4ec5</load_address>
         <run_address>0x4ec5</run_address>
         <size>0x35c</size>
         <input_file_ref idref="fl-d4"/>
      </object_component>
      <object_component id="oc-14e">
         <name>.debug_info</name>
         <load_address>0x5221</load_address>
         <run_address>0x5221</run_address>
         <size>0x2c</size>
         <input_file_ref idref="fl-d4"/>
      </object_component>
      <object_component id="oc-153">
         <name>.debug_info</name>
         <load_address>0x524d</load_address>
         <run_address>0x524d</run_address>
         <size>0x69</size>
         <input_file_ref idref="fl-d4"/>
      </object_component>
      <object_component id="oc-103">
         <name>.debug_info</name>
         <load_address>0x52b6</load_address>
         <run_address>0x52b6</run_address>
         <size>0x124</size>
         <input_file_ref idref="fl-d5"/>
      </object_component>
      <object_component id="oc-ba">
         <name>.debug_info</name>
         <load_address>0x53da</load_address>
         <run_address>0x53da</run_address>
         <size>0x113</size>
         <input_file_ref idref="fl-d5"/>
      </object_component>
      <object_component id="oc-fc">
         <name>.debug_info</name>
         <load_address>0x54ed</load_address>
         <run_address>0x54ed</run_address>
         <size>0x21f</size>
         <input_file_ref idref="fl-d5"/>
      </object_component>
      <object_component id="oc-1b7">
         <name>.debug_info</name>
         <load_address>0x570c</load_address>
         <run_address>0x570c</run_address>
         <size>0x385</size>
         <input_file_ref idref="fl-d6"/>
      </object_component>
      <object_component id="oc-147">
         <name>.debug_info</name>
         <load_address>0x5a91</load_address>
         <run_address>0x5a91</run_address>
         <size>0x1543</size>
         <input_file_ref idref="fl-d6"/>
      </object_component>
      <object_component id="oc-1b8">
         <name>.debug_info</name>
         <load_address>0x6fd4</load_address>
         <run_address>0x6fd4</run_address>
         <size>0x86</size>
         <input_file_ref idref="fl-d6"/>
      </object_component>
      <object_component id="oc-1f3">
         <name>.debug_info</name>
         <load_address>0x705a</load_address>
         <run_address>0x705a</run_address>
         <size>0x46</size>
         <input_file_ref idref="fl-d6"/>
      </object_component>
      <object_component id="oc-1bd">
         <name>.debug_info</name>
         <load_address>0x70a0</load_address>
         <run_address>0x70a0</run_address>
         <size>0x39</size>
         <input_file_ref idref="fl-d6"/>
      </object_component>
      <object_component id="oc-b5">
         <name>.debug_info</name>
         <load_address>0x70d9</load_address>
         <run_address>0x70d9</run_address>
         <size>0x166</size>
         <input_file_ref idref="fl-d7"/>
      </object_component>
      <object_component id="oc-70">
         <name>.debug_info</name>
         <load_address>0x723f</load_address>
         <run_address>0x723f</run_address>
         <size>0x167</size>
         <input_file_ref idref="fl-d7"/>
      </object_component>
      <object_component id="oc-f4">
         <name>.debug_info</name>
         <load_address>0x73a6</load_address>
         <run_address>0x73a6</run_address>
         <size>0x5e</size>
         <input_file_ref idref="fl-d7"/>
      </object_component>
      <object_component id="oc-1ee">
         <name>.debug_info</name>
         <load_address>0x7404</load_address>
         <run_address>0x7404</run_address>
         <size>0x114</size>
         <input_file_ref idref="fl-d8"/>
      </object_component>
      <object_component id="oc-1ad">
         <name>.debug_info</name>
         <load_address>0x7518</load_address>
         <run_address>0x7518</run_address>
         <size>0x171</size>
         <input_file_ref idref="fl-d8"/>
      </object_component>
      <object_component id="oc-ad">
         <name>.debug_info</name>
         <load_address>0x7689</load_address>
         <run_address>0x7689</run_address>
         <size>0x2e9</size>
         <input_file_ref idref="fl-d9"/>
      </object_component>
      <object_component id="oc-67">
         <name>.debug_info</name>
         <load_address>0x7972</load_address>
         <run_address>0x7972</run_address>
         <size>0x190</size>
         <input_file_ref idref="fl-d9"/>
      </object_component>
      <object_component id="oc-d4">
         <name>.debug_info</name>
         <load_address>0x7b02</load_address>
         <run_address>0x7b02</run_address>
         <size>0x39</size>
         <input_file_ref idref="fl-d9"/>
      </object_component>
      <object_component id="oc-10e">
         <name>.debug_info</name>
         <load_address>0x7b3b</load_address>
         <run_address>0x7b3b</run_address>
         <size>0x39</size>
         <input_file_ref idref="fl-d9"/>
      </object_component>
      <object_component id="oc-d9">
         <name>.debug_info</name>
         <load_address>0x7b74</load_address>
         <run_address>0x7b74</run_address>
         <size>0xcd</size>
         <input_file_ref idref="fl-d9"/>
      </object_component>
      <object_component id="oc-d0">
         <name>.debug_info</name>
         <load_address>0x7c41</load_address>
         <run_address>0x7c41</run_address>
         <size>0x1e0</size>
         <input_file_ref idref="fl-da"/>
      </object_component>
      <object_component id="oc-a1">
         <name>.debug_info</name>
         <load_address>0x7e21</load_address>
         <run_address>0x7e21</run_address>
         <size>0x183</size>
         <input_file_ref idref="fl-da"/>
      </object_component>
      <object_component id="oc-109">
         <name>.debug_info</name>
         <load_address>0x7fa4</load_address>
         <run_address>0x7fa4</run_address>
         <size>0x2c</size>
         <input_file_ref idref="fl-da"/>
      </object_component>
      <object_component id="oc-207">
         <name>.debug_info</name>
         <load_address>0x7fd0</load_address>
         <run_address>0x7fd0</run_address>
         <size>0xee</size>
         <input_file_ref idref="fl-db"/>
      </object_component>
      <object_component id="oc-1eb">
         <name>.debug_info</name>
         <load_address>0x80be</load_address>
         <run_address>0x80be</run_address>
         <size>0xfa</size>
         <input_file_ref idref="fl-db"/>
      </object_component>
      <object_component id="oc-194">
         <name>.debug_info</name>
         <load_address>0x81b8</load_address>
         <run_address>0x81b8</run_address>
         <size>0x144</size>
         <input_file_ref idref="fl-dc"/>
      </object_component>
      <object_component id="oc-170">
         <name>.debug_info</name>
         <load_address>0x82fc</load_address>
         <run_address>0x82fc</run_address>
         <size>0x120</size>
         <input_file_ref idref="fl-dd"/>
      </object_component>
      <object_component id="oc-180">
         <name>.debug_info</name>
         <load_address>0x841c</load_address>
         <run_address>0x841c</run_address>
         <size>0x122</size>
         <input_file_ref idref="fl-dd"/>
      </object_component>
      <object_component id="oc-1d3">
         <name>.debug_info</name>
         <load_address>0x853e</load_address>
         <run_address>0x853e</run_address>
         <size>0x14c</size>
         <input_file_ref idref="fl-de"/>
      </object_component>
      <object_component id="oc-18b">
         <name>.debug_info</name>
         <load_address>0x868a</load_address>
         <run_address>0x868a</run_address>
         <size>0x1c2</size>
         <input_file_ref idref="fl-de"/>
      </object_component>
      <object_component id="oc-1f0">
         <name>.debug_info</name>
         <load_address>0x884c</load_address>
         <run_address>0x884c</run_address>
         <size>0xf1</size>
         <input_file_ref idref="fl-df"/>
      </object_component>
      <object_component id="oc-1b1">
         <name>.debug_info</name>
         <load_address>0x893d</load_address>
         <run_address>0x893d</run_address>
         <size>0x1ab</size>
         <input_file_ref idref="fl-df"/>
      </object_component>
      <object_component id="oc-1d7">
         <name>.debug_info</name>
         <load_address>0x8ae8</load_address>
         <run_address>0x8ae8</run_address>
         <size>0x13f</size>
         <input_file_ref idref="fl-e0"/>
      </object_component>
      <object_component id="oc-199">
         <name>.debug_info</name>
         <load_address>0x8c27</load_address>
         <run_address>0x8c27</run_address>
         <size>0x18a</size>
         <input_file_ref idref="fl-e0"/>
      </object_component>
      <object_component id="oc-1d8">
         <name>.debug_info</name>
         <load_address>0x8db1</load_address>
         <run_address>0x8db1</run_address>
         <size>0x2c</size>
         <input_file_ref idref="fl-e0"/>
      </object_component>
      <object_component id="oc-1e7">
         <name>.debug_info</name>
         <load_address>0x8ddd</load_address>
         <run_address>0x8ddd</run_address>
         <size>0x17c</size>
         <input_file_ref idref="fl-e1"/>
      </object_component>
      <object_component id="oc-1a0">
         <name>.debug_info</name>
         <load_address>0x8f59</load_address>
         <run_address>0x8f59</run_address>
         <size>0x1d5</size>
         <input_file_ref idref="fl-e1"/>
      </object_component>
      <object_component id="oc-aa">
         <name>.debug_info</name>
         <load_address>0x912e</load_address>
         <run_address>0x912e</run_address>
         <size>0x145</size>
         <input_file_ref idref="fl-e2"/>
      </object_component>
      <object_component id="oc-1e9">
         <name>.debug_info</name>
         <load_address>0x9273</load_address>
         <run_address>0x9273</run_address>
         <size>0xf5</size>
         <input_file_ref idref="fl-e3"/>
      </object_component>
      <object_component id="oc-1a6">
         <name>.debug_info</name>
         <load_address>0x9368</load_address>
         <run_address>0x9368</run_address>
         <size>0x244</size>
         <input_file_ref idref="fl-e3"/>
      </object_component>
      <object_component id="oc-1cc">
         <name>.debug_info</name>
         <load_address>0x95ac</load_address>
         <run_address>0x95ac</run_address>
         <size>0xea</size>
         <input_file_ref idref="fl-e4"/>
      </object_component>
      <object_component id="oc-16a">
         <name>.debug_info</name>
         <load_address>0x9696</load_address>
         <run_address>0x9696</run_address>
         <size>0x22a</size>
         <input_file_ref idref="fl-e4"/>
      </object_component>
      <object_component id="oc-165">
         <name>.debug_info</name>
         <load_address>0x98c0</load_address>
         <run_address>0x98c0</run_address>
         <size>0x17d</size>
         <input_file_ref idref="fl-e5"/>
      </object_component>
      <object_component id="oc-1e4">
         <name>.debug_info</name>
         <load_address>0x9a3d</load_address>
         <run_address>0x9a3d</run_address>
         <size>0xf3</size>
         <input_file_ref idref="fl-e6"/>
      </object_component>
      <object_component id="oc-1e1">
         <name>.debug_info</name>
         <load_address>0x9b30</load_address>
         <run_address>0x9b30</run_address>
         <size>0x156</size>
         <input_file_ref idref="fl-e7"/>
      </object_component>
      <object_component id="oc-233">
         <name>.debug_info</name>
         <load_address>0x9c86</load_address>
         <run_address>0x9c86</run_address>
         <size>0x8a</size>
      </object_component>
      <object_component id="oc-145">
         <name>.debug_line</name>
         <load_address>0x0</load_address>
         <run_address>0x0</run_address>
         <size>0x2f</size>
         <input_file_ref idref="fl-2"/>
      </object_component>
      <object_component id="oc-e9">
         <name>.debug_line</name>
         <load_address>0x2f</load_address>
         <run_address>0x2f</run_address>
         <size>0x120</size>
         <input_file_ref idref="fl-2"/>
      </object_component>
      <object_component id="oc-40">
         <name>.debug_line</name>
         <load_address>0x14f</load_address>
         <run_address>0x14f</run_address>
         <size>0x20</size>
         <input_file_ref idref="fl-2"/>
      </object_component>
      <object_component id="oc-86">
         <name>.debug_line</name>
         <load_address>0x16f</load_address>
         <run_address>0x16f</run_address>
         <size>0x65</size>
         <input_file_ref idref="fl-2"/>
      </object_component>
      <object_component id="oc-1c9">
         <name>.debug_line</name>
         <load_address>0x1d4</load_address>
         <run_address>0x1d4</run_address>
         <size>0x51</size>
         <input_file_ref idref="fl-3"/>
      </object_component>
      <object_component id="oc-b0">
         <name>.debug_line</name>
         <load_address>0x225</load_address>
         <run_address>0x225</run_address>
         <size>0x231</size>
         <input_file_ref idref="fl-3"/>
      </object_component>
      <object_component id="oc-161">
         <name>.debug_line</name>
         <load_address>0x456</load_address>
         <run_address>0x456</run_address>
         <size>0x64</size>
         <input_file_ref idref="fl-3"/>
      </object_component>
      <object_component id="oc-117">
         <name>.debug_line</name>
         <load_address>0x4ba</load_address>
         <run_address>0x4ba</run_address>
         <size>0x2e</size>
         <input_file_ref idref="fl-3"/>
      </object_component>
      <object_component id="oc-13f">
         <name>.debug_line</name>
         <load_address>0x4e8</load_address>
         <run_address>0x4e8</run_address>
         <size>0x65</size>
         <input_file_ref idref="fl-3"/>
      </object_component>
      <object_component id="oc-15d">
         <name>.debug_line</name>
         <load_address>0x54d</load_address>
         <run_address>0x54d</run_address>
         <size>0xb7</size>
         <input_file_ref idref="fl-4"/>
      </object_component>
      <object_component id="oc-11f">
         <name>.debug_line</name>
         <load_address>0x604</load_address>
         <run_address>0x604</run_address>
         <size>0x4d</size>
         <input_file_ref idref="fl-4"/>
      </object_component>
      <object_component id="oc-ef">
         <name>.debug_line</name>
         <load_address>0x651</load_address>
         <run_address>0x651</run_address>
         <size>0x1aa</size>
         <input_file_ref idref="fl-4"/>
      </object_component>
      <object_component id="oc-e3">
         <name>.debug_line</name>
         <load_address>0x7fb</load_address>
         <run_address>0x7fb</run_address>
         <size>0x110</size>
         <input_file_ref idref="fl-7"/>
      </object_component>
      <object_component id="oc-82">
         <name>.debug_line</name>
         <load_address>0x90b</load_address>
         <run_address>0x90b</run_address>
         <size>0x41</size>
         <input_file_ref idref="fl-8"/>
      </object_component>
      <object_component id="oc-35">
         <name>.debug_line</name>
         <load_address>0x94c</load_address>
         <run_address>0x94c</run_address>
         <size>0x41</size>
         <input_file_ref idref="fl-8"/>
      </object_component>
      <object_component id="oc-33">
         <name>.debug_line</name>
         <load_address>0x98d</load_address>
         <run_address>0x98d</run_address>
         <size>0xa1</size>
         <input_file_ref idref="fl-8"/>
      </object_component>
      <object_component id="oc-25">
         <name>.debug_line</name>
         <load_address>0xa2e</load_address>
         <run_address>0xa2e</run_address>
         <size>0x53</size>
         <input_file_ref idref="fl-c3"/>
      </object_component>
      <object_component id="oc-ce">
         <name>.debug_line</name>
         <load_address>0xa81</load_address>
         <run_address>0xa81</run_address>
         <size>0x20</size>
         <input_file_ref idref="fl-c4"/>
      </object_component>
      <object_component id="oc-14">
         <name>.debug_line</name>
         <load_address>0xaa1</load_address>
         <run_address>0xaa1</run_address>
         <size>0xa9</size>
         <input_file_ref idref="fl-c4"/>
      </object_component>
      <object_component id="oc-3b">
         <name>.debug_line</name>
         <load_address>0xb4a</load_address>
         <run_address>0xb4a</run_address>
         <size>0x3a</size>
         <input_file_ref idref="fl-c4"/>
      </object_component>
      <object_component id="oc-8b">
         <name>.debug_line</name>
         <load_address>0xb84</load_address>
         <run_address>0xb84</run_address>
         <size>0x8a</size>
         <input_file_ref idref="fl-c4"/>
      </object_component>
      <object_component id="oc-95">
         <name>.debug_line</name>
         <load_address>0xc0e</load_address>
         <run_address>0xc0e</run_address>
         <size>0x8a</size>
         <input_file_ref idref="fl-c5"/>
      </object_component>
      <object_component id="oc-1c">
         <name>.debug_line</name>
         <load_address>0xc98</load_address>
         <run_address>0xc98</run_address>
         <size>0x55</size>
         <input_file_ref idref="fl-c5"/>
      </object_component>
      <object_component id="oc-4b">
         <name>.debug_line</name>
         <load_address>0xced</load_address>
         <run_address>0xced</run_address>
         <size>0x3a</size>
         <input_file_ref idref="fl-c5"/>
      </object_component>
      <object_component id="oc-92">
         <name>.debug_line</name>
         <load_address>0xd27</load_address>
         <run_address>0xd27</run_address>
         <size>0x8a</size>
         <input_file_ref idref="fl-c5"/>
      </object_component>
      <object_component id="oc-9d">
         <name>.debug_line</name>
         <load_address>0xdb1</load_address>
         <run_address>0xdb1</run_address>
         <size>0x8a</size>
         <input_file_ref idref="fl-c6"/>
      </object_component>
      <object_component id="oc-1f">
         <name>.debug_line</name>
         <load_address>0xe3b</load_address>
         <run_address>0xe3b</run_address>
         <size>0x4f</size>
         <input_file_ref idref="fl-c6"/>
      </object_component>
      <object_component id="oc-57">
         <name>.debug_line</name>
         <load_address>0xe8a</load_address>
         <run_address>0xe8a</run_address>
         <size>0x34</size>
         <input_file_ref idref="fl-c6"/>
      </object_component>
      <object_component id="oc-9a">
         <name>.debug_line</name>
         <load_address>0xebe</load_address>
         <run_address>0xebe</run_address>
         <size>0x8a</size>
         <input_file_ref idref="fl-c6"/>
      </object_component>
      <object_component id="oc-106">
         <name>.debug_line</name>
         <load_address>0xf48</load_address>
         <run_address>0xf48</run_address>
         <size>0xf2</size>
         <input_file_ref idref="fl-c7"/>
      </object_component>
      <object_component id="oc-fa">
         <name>.debug_line</name>
         <load_address>0x103a</load_address>
         <run_address>0x103a</run_address>
         <size>0x2a</size>
         <input_file_ref idref="fl-c7"/>
      </object_component>
      <object_component id="oc-74">
         <name>.debug_line</name>
         <load_address>0x1064</load_address>
         <run_address>0x1064</run_address>
         <size>0x86</size>
         <input_file_ref idref="fl-c7"/>
      </object_component>
      <object_component id="oc-17a">
         <name>.debug_line</name>
         <load_address>0x10ea</load_address>
         <run_address>0x10ea</run_address>
         <size>0xa8</size>
         <input_file_ref idref="fl-c8"/>
      </object_component>
      <object_component id="oc-178">
         <name>.debug_line</name>
         <load_address>0x1192</load_address>
         <run_address>0x1192</run_address>
         <size>0x8e</size>
         <input_file_ref idref="fl-c9"/>
      </object_component>
      <object_component id="oc-187">
         <name>.debug_line</name>
         <load_address>0x1220</load_address>
         <run_address>0x1220</run_address>
         <size>0x5a</size>
         <input_file_ref idref="fl-ca"/>
      </object_component>
      <object_component id="oc-192">
         <name>.debug_line</name>
         <load_address>0x127a</load_address>
         <run_address>0x127a</run_address>
         <size>0x50</size>
         <input_file_ref idref="fl-cb"/>
      </object_component>
      <object_component id="oc-43">
         <name>.debug_line</name>
         <load_address>0x12ca</load_address>
         <run_address>0x12ca</run_address>
         <size>0x88</size>
         <input_file_ref idref="fl-cc"/>
      </object_component>
      <object_component id="oc-c2">
         <name>.debug_line</name>
         <load_address>0x1352</load_address>
         <run_address>0x1352</run_address>
         <size>0xff</size>
         <input_file_ref idref="fl-cd"/>
      </object_component>
      <object_component id="oc-7d">
         <name>.debug_line</name>
         <load_address>0x1451</load_address>
         <run_address>0x1451</run_address>
         <size>0x2c</size>
         <input_file_ref idref="fl-cd"/>
      </object_component>
      <object_component id="oc-c6">
         <name>.debug_line</name>
         <load_address>0x147d</load_address>
         <run_address>0x147d</run_address>
         <size>0x8a</size>
         <input_file_ref idref="fl-cd"/>
      </object_component>
      <object_component id="oc-cb">
         <name>.debug_line</name>
         <load_address>0x1507</load_address>
         <run_address>0x1507</run_address>
         <size>0x2c</size>
         <input_file_ref idref="fl-cd"/>
      </object_component>
      <object_component id="oc-52">
         <name>.debug_line</name>
         <load_address>0x1533</load_address>
         <run_address>0x1533</run_address>
         <size>0x79</size>
         <input_file_ref idref="fl-ce"/>
      </object_component>
      <object_component id="oc-5f">
         <name>.debug_line</name>
         <load_address>0x15ac</load_address>
         <run_address>0x15ac</run_address>
         <size>0x3d</size>
         <input_file_ref idref="fl-cf"/>
      </object_component>
      <object_component id="oc-62">
         <name>.debug_line</name>
         <load_address>0x15e9</load_address>
         <run_address>0x15e9</run_address>
         <size>0x40</size>
         <input_file_ref idref="fl-d0"/>
      </object_component>
      <object_component id="oc-c0">
         <name>.debug_line</name>
         <load_address>0x1629</load_address>
         <run_address>0x1629</run_address>
         <size>0x33</size>
         <input_file_ref idref="fl-d1"/>
      </object_component>
      <object_component id="oc-1c5">
         <name>.debug_line</name>
         <load_address>0x165c</load_address>
         <run_address>0x165c</run_address>
         <size>0x20</size>
         <input_file_ref idref="fl-d2"/>
      </object_component>
      <object_component id="oc-12f">
         <name>.debug_line</name>
         <load_address>0x167c</load_address>
         <run_address>0x167c</run_address>
         <size>0xa5</size>
         <input_file_ref idref="fl-d2"/>
      </object_component>
      <object_component id="oc-1c7">
         <name>.debug_line</name>
         <load_address>0x1721</load_address>
         <run_address>0x1721</run_address>
         <size>0x20</size>
         <input_file_ref idref="fl-d3"/>
      </object_component>
      <object_component id="oc-133">
         <name>.debug_line</name>
         <load_address>0x1741</load_address>
         <run_address>0x1741</run_address>
         <size>0xa0</size>
         <input_file_ref idref="fl-d3"/>
      </object_component>
      <object_component id="oc-1c3">
         <name>.debug_line</name>
         <load_address>0x17e1</load_address>
         <run_address>0x17e1</run_address>
         <size>0x99</size>
         <input_file_ref idref="fl-d4"/>
      </object_component>
      <object_component id="oc-126">
         <name>.debug_line</name>
         <load_address>0x187a</load_address>
         <run_address>0x187a</run_address>
         <size>0x9f</size>
         <input_file_ref idref="fl-d4"/>
      </object_component>
      <object_component id="oc-151">
         <name>.debug_line</name>
         <load_address>0x1919</load_address>
         <run_address>0x1919</run_address>
         <size>0x89</size>
         <input_file_ref idref="fl-d4"/>
      </object_component>
      <object_component id="oc-156">
         <name>.debug_line</name>
         <load_address>0x19a2</load_address>
         <run_address>0x19a2</run_address>
         <size>0x2f</size>
         <input_file_ref idref="fl-d4"/>
      </object_component>
      <object_component id="oc-143">
         <name>.debug_line</name>
         <load_address>0x19d1</load_address>
         <run_address>0x19d1</run_address>
         <size>0x20</size>
         <input_file_ref idref="fl-d5"/>
      </object_component>
      <object_component id="oc-102">
         <name>.debug_line</name>
         <load_address>0x19f1</load_address>
         <run_address>0x19f1</run_address>
         <size>0x2b</size>
         <input_file_ref idref="fl-d5"/>
      </object_component>
      <object_component id="oc-ff">
         <name>.debug_line</name>
         <load_address>0x1a1c</load_address>
         <run_address>0x1a1c</run_address>
         <size>0x68</size>
         <input_file_ref idref="fl-d5"/>
      </object_component>
      <object_component id="oc-1f2">
         <name>.debug_line</name>
         <load_address>0x1a84</load_address>
         <run_address>0x1a84</run_address>
         <size>0x16a</size>
         <input_file_ref idref="fl-d6"/>
      </object_component>
      <object_component id="oc-14a">
         <name>.debug_line</name>
         <load_address>0x1bee</load_address>
         <run_address>0x1bee</run_address>
         <size>0xc44</size>
         <input_file_ref idref="fl-d6"/>
      </object_component>
      <object_component id="oc-1bb">
         <name>.debug_line</name>
         <load_address>0x2832</load_address>
         <run_address>0x2832</run_address>
         <size>0x8a</size>
         <input_file_ref idref="fl-d6"/>
      </object_component>
      <object_component id="oc-1f6">
         <name>.debug_line</name>
         <load_address>0x28bc</load_address>
         <run_address>0x28bc</run_address>
         <size>0x8a</size>
         <input_file_ref idref="fl-d6"/>
      </object_component>
      <object_component id="oc-1c0">
         <name>.debug_line</name>
         <load_address>0x2946</load_address>
         <run_address>0x2946</run_address>
         <size>0x2e</size>
         <input_file_ref idref="fl-d6"/>
      </object_component>
      <object_component id="oc-f3">
         <name>.debug_line</name>
         <load_address>0x2974</load_address>
         <run_address>0x2974</run_address>
         <size>0x2b</size>
         <input_file_ref idref="fl-d7"/>
      </object_component>
      <object_component id="oc-6e">
         <name>.debug_line</name>
         <load_address>0x299f</load_address>
         <run_address>0x299f</run_address>
         <size>0x4a</size>
         <input_file_ref idref="fl-d7"/>
      </object_component>
      <object_component id="oc-f7">
         <name>.debug_line</name>
         <load_address>0x29e9</load_address>
         <run_address>0x29e9</run_address>
         <size>0x2b</size>
         <input_file_ref idref="fl-d7"/>
      </object_component>
      <object_component id="oc-209">
         <name>.debug_line</name>
         <load_address>0x2a14</load_address>
         <run_address>0x2a14</run_address>
         <size>0x89</size>
         <input_file_ref idref="fl-d8"/>
      </object_component>
      <object_component id="oc-1af">
         <name>.debug_line</name>
         <load_address>0x2a9d</load_address>
         <run_address>0x2a9d</run_address>
         <size>0x63</size>
         <input_file_ref idref="fl-d8"/>
      </object_component>
      <object_component id="oc-d3">
         <name>.debug_line</name>
         <load_address>0x2b00</load_address>
         <run_address>0x2b00</run_address>
         <size>0xa9</size>
         <input_file_ref idref="fl-d9"/>
      </object_component>
      <object_component id="oc-6b">
         <name>.debug_line</name>
         <load_address>0x2ba9</load_address>
         <run_address>0x2ba9</run_address>
         <size>0x8b</size>
         <input_file_ref idref="fl-d9"/>
      </object_component>
      <object_component id="oc-d7">
         <name>.debug_line</name>
         <load_address>0x2c34</load_address>
         <run_address>0x2c34</run_address>
         <size>0x2e</size>
         <input_file_ref idref="fl-d9"/>
      </object_component>
      <object_component id="oc-111">
         <name>.debug_line</name>
         <load_address>0x2c62</load_address>
         <run_address>0x2c62</run_address>
         <size>0x8a</size>
         <input_file_ref idref="fl-d9"/>
      </object_component>
      <object_component id="oc-dc">
         <name>.debug_line</name>
         <load_address>0x2cec</load_address>
         <run_address>0x2cec</run_address>
         <size>0x8b</size>
         <input_file_ref idref="fl-d9"/>
      </object_component>
      <object_component id="oc-108">
         <name>.debug_line</name>
         <load_address>0x2d77</load_address>
         <run_address>0x2d77</run_address>
         <size>0x98</size>
         <input_file_ref idref="fl-da"/>
      </object_component>
      <object_component id="oc-a5">
         <name>.debug_line</name>
         <load_address>0x2e0f</load_address>
         <run_address>0x2e0f</run_address>
         <size>0x68</size>
         <input_file_ref idref="fl-da"/>
      </object_component>
      <object_component id="oc-10c">
         <name>.debug_line</name>
         <load_address>0x2e77</load_address>
         <run_address>0x2e77</run_address>
         <size>0x2e</size>
         <input_file_ref idref="fl-da"/>
      </object_component>
      <object_component id="oc-20d">
         <name>.debug_line</name>
         <load_address>0x2ea5</load_address>
         <run_address>0x2ea5</run_address>
         <size>0x20</size>
         <input_file_ref idref="fl-db"/>
      </object_component>
      <object_component id="oc-206">
         <name>.debug_line</name>
         <load_address>0x2ec5</load_address>
         <run_address>0x2ec5</run_address>
         <size>0x2b</size>
         <input_file_ref idref="fl-db"/>
      </object_component>
      <object_component id="oc-197">
         <name>.debug_line</name>
         <load_address>0x2ef0</load_address>
         <run_address>0x2ef0</run_address>
         <size>0xd2</size>
         <input_file_ref idref="fl-dc"/>
      </object_component>
      <object_component id="oc-173">
         <name>.debug_line</name>
         <load_address>0x2fc2</load_address>
         <run_address>0x2fc2</run_address>
         <size>0x77</size>
         <input_file_ref idref="fl-dd"/>
      </object_component>
      <object_component id="oc-182">
         <name>.debug_line</name>
         <load_address>0x3039</load_address>
         <run_address>0x3039</run_address>
         <size>0x77</size>
         <input_file_ref idref="fl-dd"/>
      </object_component>
      <object_component id="oc-1fb">
         <name>.debug_line</name>
         <load_address>0x30b0</load_address>
         <run_address>0x30b0</run_address>
         <size>0x8a</size>
         <input_file_ref idref="fl-de"/>
      </object_component>
      <object_component id="oc-18a">
         <name>.debug_line</name>
         <load_address>0x313a</load_address>
         <run_address>0x313a</run_address>
         <size>0x66</size>
         <input_file_ref idref="fl-de"/>
      </object_component>
      <object_component id="oc-20b">
         <name>.debug_line</name>
         <load_address>0x31a0</load_address>
         <run_address>0x31a0</run_address>
         <size>0x20</size>
         <input_file_ref idref="fl-df"/>
      </object_component>
      <object_component id="oc-1b4">
         <name>.debug_line</name>
         <load_address>0x31c0</load_address>
         <run_address>0x31c0</run_address>
         <size>0x48</size>
         <input_file_ref idref="fl-df"/>
      </object_component>
      <object_component id="oc-1fd">
         <name>.debug_line</name>
         <load_address>0x3208</load_address>
         <run_address>0x3208</run_address>
         <size>0x20</size>
         <input_file_ref idref="fl-e0"/>
      </object_component>
      <object_component id="oc-19c">
         <name>.debug_line</name>
         <load_address>0x3228</load_address>
         <run_address>0x3228</run_address>
         <size>0x5e</size>
         <input_file_ref idref="fl-e0"/>
      </object_component>
      <object_component id="oc-1db">
         <name>.debug_line</name>
         <load_address>0x3286</load_address>
         <run_address>0x3286</run_address>
         <size>0x8a</size>
         <input_file_ref idref="fl-e0"/>
      </object_component>
      <object_component id="oc-202">
         <name>.debug_line</name>
         <load_address>0x3310</load_address>
         <run_address>0x3310</run_address>
         <size>0x93</size>
         <input_file_ref idref="fl-e1"/>
      </object_component>
      <object_component id="oc-1a3">
         <name>.debug_line</name>
         <load_address>0x33a3</load_address>
         <run_address>0x33a3</run_address>
         <size>0xa1</size>
         <input_file_ref idref="fl-e1"/>
      </object_component>
      <object_component id="oc-a9">
         <name>.debug_line</name>
         <load_address>0x3444</load_address>
         <run_address>0x3444</run_address>
         <size>0x3c</size>
         <input_file_ref idref="fl-e2"/>
      </object_component>
      <object_component id="oc-204">
         <name>.debug_line</name>
         <load_address>0x3480</load_address>
         <run_address>0x3480</run_address>
         <size>0x20</size>
         <input_file_ref idref="fl-e3"/>
      </object_component>
      <object_component id="oc-1a5">
         <name>.debug_line</name>
         <load_address>0x34a0</load_address>
         <run_address>0x34a0</run_address>
         <size>0xa8</size>
         <input_file_ref idref="fl-e3"/>
      </object_component>
      <object_component id="oc-1f9">
         <name>.debug_line</name>
         <load_address>0x3548</load_address>
         <run_address>0x3548</run_address>
         <size>0x20</size>
         <input_file_ref idref="fl-e4"/>
      </object_component>
      <object_component id="oc-16d">
         <name>.debug_line</name>
         <load_address>0x3568</load_address>
         <run_address>0x3568</run_address>
         <size>0xaa</size>
         <input_file_ref idref="fl-e4"/>
      </object_component>
      <object_component id="oc-168">
         <name>.debug_line</name>
         <load_address>0x3612</load_address>
         <run_address>0x3612</run_address>
         <size>0x118</size>
         <input_file_ref idref="fl-e5"/>
      </object_component>
      <object_component id="oc-200">
         <name>.debug_line</name>
         <load_address>0x372a</load_address>
         <run_address>0x372a</run_address>
         <size>0x2b</size>
         <input_file_ref idref="fl-e6"/>
      </object_component>
      <object_component id="oc-1df">
         <name>.debug_line</name>
         <load_address>0x3755</load_address>
         <run_address>0x3755</run_address>
         <size>0x45</size>
         <input_file_ref idref="fl-e7"/>
      </object_component>
      <object_component id="oc-ea">
         <name>.debug_frame</name>
         <load_address>0x0</load_address>
         <run_address>0x0</run_address>
         <size>0xc1</size>
         <input_file_ref idref="fl-2"/>
      </object_component>
      <object_component id="oc-b1">
         <name>.debug_frame</name>
         <load_address>0xc1</load_address>
         <run_address>0xc1</run_address>
         <size>0xe8</size>
         <input_file_ref idref="fl-3"/>
      </object_component>
      <object_component id="oc-123">
         <name>.debug_frame</name>
         <load_address>0x1a9</load_address>
         <run_address>0x1a9</run_address>
         <size>0x58</size>
         <input_file_ref idref="fl-4"/>
      </object_component>
      <object_component id="oc-f0">
         <name>.debug_frame</name>
         <load_address>0x201</load_address>
         <run_address>0x201</run_address>
         <size>0x131</size>
         <input_file_ref idref="fl-4"/>
      </object_component>
      <object_component id="oc-e2">
         <name>.debug_frame</name>
         <load_address>0x332</load_address>
         <run_address>0x332</run_address>
         <size>0xcb</size>
         <input_file_ref idref="fl-7"/>
      </object_component>
      <object_component id="oc-32">
         <name>.debug_frame</name>
         <load_address>0x3fd</load_address>
         <run_address>0x3fd</run_address>
         <size>0x84</size>
         <input_file_ref idref="fl-8"/>
      </object_component>
      <object_component id="oc-13">
         <name>.debug_frame</name>
         <load_address>0x481</load_address>
         <run_address>0x481</run_address>
         <size>0x60</size>
         <input_file_ref idref="fl-c4"/>
      </object_component>
      <object_component id="oc-1d">
         <name>.debug_frame</name>
         <load_address>0x4e1</load_address>
         <run_address>0x4e1</run_address>
         <size>0x51</size>
         <input_file_ref idref="fl-c5"/>
      </object_component>
      <object_component id="oc-23">
         <name>.debug_frame</name>
         <load_address>0x532</load_address>
         <run_address>0x532</run_address>
         <size>0x51</size>
         <input_file_ref idref="fl-c6"/>
      </object_component>
      <object_component id="oc-73">
         <name>.debug_frame</name>
         <load_address>0x583</load_address>
         <run_address>0x583</run_address>
         <size>0x85</size>
         <input_file_ref idref="fl-c7"/>
      </object_component>
      <object_component id="oc-5b">
         <name>.debug_frame</name>
         <load_address>0x608</load_address>
         <run_address>0x608</run_address>
         <size>0x51</size>
         <input_file_ref idref="fl-cf"/>
      </object_component>
      <object_component id="oc-63">
         <name>.debug_frame</name>
         <load_address>0x659</load_address>
         <run_address>0x659</run_address>
         <size>0x51</size>
         <input_file_ref idref="fl-d0"/>
      </object_component>
      <object_component id="oc-130">
         <name>.debug_frame</name>
         <load_address>0x6aa</load_address>
         <run_address>0x6aa</run_address>
         <size>0x51</size>
         <input_file_ref idref="fl-d2"/>
[...]
               <start_address>0x20000000</start_address>
               <size>0x800</size>
               <logical_group_ref idref="lg-c"/>
            </allocated_space>
            <allocated_space>
               <start_address>0x20000800</start_address>
               <size>0x400</size>
               <logical_group_ref idref="lg-d"/>
            </allocated_space>
            <allocated_space>
               <start_address>0x20000c00</start_address>
               <size>0x55</size>
               <logical_group_ref idref="lg-b"/>
            </allocated_space>
            <available_space>
               <start_address>0x20000c55</start_address>
               <size>0x3</size>
            </available_space>
            <allocated_space>
               <start_address>0x20000c58</start_address>
               <size>0x1e</size>
               <logical_group_ref idref="lg-a"/>
            </allocated_space>
            <available_space>
               <start_address>0x20000c76</start_address>
               <size>0x738a</size>
            </available_space>
         </usage_details>
      </memory_area>
   </placement_map>
   <cptbl_list>
      <cptbl>
         <name>__TI_cinit_table</name>
         <cprec>
            <name>.data</name>
            <load_address>0x2d28</load_address>
            <load_size>0x12</load_size>
            <run_address>0x20000c58</run_address>
            <run_size>0x1e</run_size>
            <compression>lzss</compression>
         </cprec>
         <cprec>
            <name>.bss</name>
            <load_address>0x2d48</load_address>
            <load_size>0x8</load_size>
            <run_address>0x20000c00</run_address>
            <run_size>0x55</run_size>
            <compression>zero_init</compression>
         </cprec>
      </cptbl>
   </cptbl_list>
   <handler_table>
      <handler_table_name>__TI_handler_table</handler_table_name>
      <handler>
         <index>0x0</index>
         <name>__TI_decompress_lzss</name>
      </handler>
      <handler>
         <index>0x1</index>
         <name>__TI_decompress_none</name>
      </handler>
      <handler>
         <index>0x2</index>
         <name>__TI_zero_init</name>
      </handler>
   </handler_table>
   <symbol_table>
      <symbol id="sm-1">
         <name>__STACK_TOP</name>
         <value>0x20000a00</value>
      </symbol>
      <symbol id="sm-2">
         <name>__TI_CINIT_Base</name>
         <value>0x2d50</value>
      </symbol>
      <symbol id="sm-3">
         <name>__TI_CINIT_Limit</name>
         <value>0x2d60</value>
      </symbol>
      <symbol id="sm-4">
         <name>__TI_Handler_Table_Base</name>
         <value>0x2d3c</value>
      </symbol>
      <symbol id="sm-5">
         <name>__TI_Handler_Table_Limit</name>
         <value>0x2d48</value>
      </symbol>
      <symbol id="sm-6">
         <name>binit</name>
         <value>0xffffffff</value>
      </symbol>
      <symbol id="sm-7">
         <name>__binit__</name>
         <value>0xffffffff</value>
      </symbol>
      <symbol id="sm-8">
         <name>__STACK_SIZE</name>
         <value>0x400</value>
      </symbol>
      <symbol id="sm-9">
         <name>__STACK_END</name>
         <value>0x20000c00</value>
      </symbol>
      <symbol id="sm-a">
         <name>__SYSMEM_SIZE</name>
         <value>0x800</value>
      </symbol>
      <symbol id="sm-b">
         <name>__c_args__</name>
         <value>0xffffffff</value>
      </symbol>
      <symbol id="sm-c">
         <name>__TI_pprof_out_hndl</name>
         <value>0xffffffff</value>
      </symbol>
      <symbol id="sm-d">
         <name>__TI_prof_data_start</name>
         <value>0xffffffff</value>
      </symbol>
      <symbol id="sm-e">
         <name>__TI_prof_data_size</name>
         <value>0xffffffff</value>
      </symbol>
      <symbol id="sm-55">
         <name>_prevButton</name>
         <value>0x20000c54</value>
      </symbol>
      <symbol id="sm-56">
         <name>button_getButtonChangeBlocking</name>
         <value>0x2317</value>
         <object_component_ref idref="oc-e5"/>
      </symbol>
      <symbol id="sm-57">
         <name>button_getButtonBlocking</name>
         <value>0x22d9</value>
         <object_component_ref idref="oc-e5"/>
      </symbol>
      <symbol id="sm-58">
         <name>button_getButton</name>
         <value>0x2277</value>
         <object_component_ref idref="oc-e5"/>
      </symbol>
      <symbol id="sm-59">
         <name>button_init</name>
         <value>0x2241</value>
         <object_component_ref idref="oc-e5"/>
      </symbol>
      <symbol id="sm-5a">
         <name>button_checkButtons</name>
         <value>0x226d</value>
         <object_component_ref idref="oc-e5"/>
      </symbol>
      <symbol id="sm-5b">
         <name>button_getButtonChange</name>
         <value>0x22ed</value>
         <object_component_ref idref="oc-e5"/>
      </symbol>
      <symbol id="sm-a1">
         <name>rotate_loops_CCW</name>
         <value>0x1759</value>
         <object_component_ref idref="oc-ae"/>
      </symbol>
      <symbol id="sm-a2">
         <name>read_shaft_encoder</name>
         <value>0x13d7</value>
         <object_component_ref idref="oc-ae"/>
      </symbol>
      <symbol id="sm-a3">
         <name>main</name>
         <value>0x17cb</value>
         <object_component_ref idref="oc-ae"/>
      </symbol>
      <symbol id="sm-a4">
         <name>shaft_encoder_init</name>
         <value>0x13ad</value>
         <object_component_ref idref="oc-ae"/>
      </symbol>
      <symbol id="sm-a5">
         <name>rotate_loops_CW</name>
         <value>0x16d9</value>
         <object_component_ref idref="oc-ae"/>
      </symbol>
      <symbol id="sm-a6">
         <name>stepper_init</name>
         <value>0x1433</value>
         <object_component_ref idref="oc-ae"/>
      </symbol>
      <symbol id="sm-a7">
         <name>move_stepper_motor_by_step</name>
         <value>0x1465</value>
         <object_component_ref idref="oc-ae"/>
      </symbol>
      <symbol id="sm-e4">
         <name>lcd_sendCommand</name>
         <value>0x1a23</value>
         <object_component_ref idref="oc-eb"/>
      </symbol>
      <symbol id="sm-e5">
         <name>lcd_sendNibble</name>
         <value>0x1a61</value>
         <object_component_ref idref="oc-eb"/>
      </symbol>
      <symbol id="sm-e6">
         <name>lcd_clear</name>
         <value>0x2be5</value>
         <object_component_ref idref="oc-11e"/>
      </symbol>
      <symbol id="sm-e7">
         <name>lcd_printf</name>
         <value>0x1b17</value>
         <object_component_ref idref="oc-eb"/>
      </symbol>
      <symbol id="sm-e8">
         <name>lcd_setCursorPos</name>
         <value>0x1ad9</value>
         <object_component_ref idref="oc-eb"/>
      </symbol>
      <symbol id="sm-e9">
         <name>lcd_init</name>
         <value>0x190d</value>
         <object_component_ref idref="oc-eb"/>
      </symbol>
      <symbol id="sm-ea">
         <name>lcd_puts</name>
         <value>0x1a05</value>
         <object_component_ref idref="oc-eb"/>
      </symbol>
      <symbol id="sm-eb">
         <name>lcd_putc</name>
         <value>0x19cd</value>
         <object_component_ref idref="oc-eb"/>
      </symbol>
      <symbol id="sm-ec">
         <name>lcd_reverseNibble</name>
         <value>0x18d1</value>
         <object_component_ref idref="oc-eb"/>
      </symbol>
      <symbol id="sm-ed">
         <name>lcd_gotoLine</name>
         <value>0x1ab1</value>
         <object_component_ref idref="oc-eb"/>
      </symbol>
      <symbol id="sm-110">
         <name>timer_startClock</name>
         <value>0x2075</value>
         <object_component_ref idref="oc-de"/>
      </symbol>
      <symbol id="sm-111">
         <name>timer_stopClock</name>
         <value>0x20c7</value>
         <object_component_ref idref="oc-de"/>
      </symbol>
      <symbol id="sm-112">
         <name>timer_getClock</name>
         <value>0x20c1</value>
         <object_component_ref idref="oc-de"/>
      </symbol>
      <symbol id="sm-113">
         <name>timer_stopTimer</name>
         <value>0x205f</value>
         <object_component_ref idref="oc-de"/>
      </symbol>
      <symbol id="sm-114">
         <name>timer_startTimer</name>
         <value>0x200f</value>
         <object_component_ref idref="oc-de"/>
      </symbol>
      <symbol id="sm-115">
         <name>timer_waitMillis</name>
         <value>0x1fb1</value>
         <object_component_ref idref="oc-de"/>
      </symbol>
      <symbol id="sm-116">
         <name>timer_waitMicros</name>
         <value>0x1fe5</value>
         <object_component_ref idref="oc-de"/>
      </symbol>
      <symbol id="sm-132">
         <name>ResetISR</name>
         <value>0x2c0f</value>
         <object_component_ref idref="oc-2e"/>
      </symbol>
      <symbol id="sm-133">
         <name>g_pfnVectors</name>
         <value>0x0</value>
         <object_component_ref idref="oc-f"/>
      </symbol>
      <symbol id="sm-144">
         <name>_c_int00</name>
         <value>0x2925</value>
         <object_component_ref idref="oc-24"/>
      </symbol>
      <symbol id="sm-145">
         <name>__stack</name>
         <value>0x20000800</value>
         <object_component_ref idref="oc-2a"/>
      </symbol>
      <symbol id="sm-163">
         <name>__TI_decompress_lzss</name>
         <value>0x2859</value>
         <object_component_ref idref="oc-12"/>
      </symbol>
      <symbol id="sm-17a">
         <name>__TI_decompress_none</name>
         <value>0x2bf5</value>
         <object_component_ref idref="oc-18"/>
      </symbol>
      <symbol id="sm-191">
         <name>__TI_zero_init</name>
         <value>0x2c03</value>
         <object_component_ref idref="oc-1e"/>
      </symbol>
      <symbol id="sm-1b2">
         <name>C$$EXIT</name>
         <value>0x2979</value>
         <object_component_ref idref="oc-72"/>
      </symbol>
      <symbol id="sm-1b3">
         <name>abort</name>
         <value>0x297d</value>
         <object_component_ref idref="oc-72"/>
      </symbol>
      <symbol id="sm-1b4">
         <name>exit</name>
         <value>0x2985</value>
         <object_component_ref idref="oc-72"/>
      </symbol>
      <symbol id="sm-1b5">
         <name>__TI_dtors_ptr</name>
         <value>0x20000c5c</value>
         <object_component_ref idref="oc-b6"/>
      </symbol>
      <symbol id="sm-1b6">
         <name>__TI_cleanup_ptr</name>
         <value>0x20000c58</value>
         <object_component_ref idref="oc-b6"/>
      </symbol>
      <symbol id="sm-1b7">
         <name>__TI_enable_exit_profile_output</name>
         <value>0x20000c60</value>
         <object_component_ref idref="oc-b6"/>
      </symbol>
      <symbol id="sm-1cb">
         <name>__aeabi_ddiv</name>
         <value>0x2109</value>
         <object_component_ref idref="oc-179"/>
      </symbol>
      <symbol id="sm-1d6">
         <name>__aeabi_dmul</name>
         <value>0x2345</value>
         <object_component_ref idref="oc-174"/>
      </symbol>
      <symbol id="sm-1e0">
         <name>__aeabi_d2iz</name>
         <value>0x2ab9</value>
         <object_component_ref idref="oc-183"/>
      </symbol>
      <symbol id="sm-1ea">
         <name>__aeabi_i2d</name>
         <value>0x2b01</value>
         <object_component_ref idref="oc-18e"/>
      </symbol>
      <symbol id="sm-205">
         <name>memcpy</name>
         <value>0x253d</value>
         <object_component_ref idref="oc-42"/>
      </symbol>
      <symbol id="sm-206">
         <name>__aeabi_memcpy</name>
         <value>0x253d</value>
         <object_component_ref idref="oc-42"/>
      </symbol>
      <symbol id="sm-207">
         <name>__aeabi_memcpy8</name>
         <value>0x253d</value>
         <object_component_ref idref="oc-42"/>
      </symbol>
      <symbol id="sm-208">
         <name>__aeabi_memcpy4</name>
         <value>0x253d</value>
         <object_component_ref idref="oc-42"/>
      </symbol>
      <symbol id="sm-21d">
         <name>_sys_memory</name>
         <value>0x20000000</value>
         <object_component_ref idref="oc-2b"/>
      </symbol>
      <symbol id="sm-22c">
         <name>__aeabi_memset</name>
         <value>0x276f</value>
         <object_component_ref idref="oc-4e"/>
      </symbol>
      <symbol id="sm-22d">
         <name>memset</name>
         <value>0x2775</value>
         <object_component_ref idref="oc-4e"/>
      </symbol>
      <symbol id="sm-22e">
         <name>__aeabi_memset8</name>
         <value>0x276f</value>
         <object_component_ref idref="oc-4e"/>
      </symbol>
      <symbol id="sm-22f">
         <name>__aeabi_memset4</name>
         <value>0x276f</value>
         <object_component_ref idref="oc-4e"/>
      </symbol>
      <symbol id="sm-230">
         <name>__aeabi_memclr8</name>
         <value>0x276d</value>
         <object_component_ref idref="oc-4e"/>
      </symbol>
      <symbol id="sm-231">
         <name>__aeabi_memclr4</name>
         <value>0x276d</value>
         <object_component_ref idref="oc-4e"/>
      </symbol>
      <symbol id="sm-232">
         <name>__aeabi_memclr</name>
         <value>0x276d</value>
         <object_component_ref idref="oc-4e"/>
      </symbol>
      <symbol id="sm-23c">
         <name>__mpu_init</name>
         <value>0x13ab</value>
         <object_component_ref idref="oc-5a"/>
      </symbol>
      <symbol id="sm-246">
         <name>_system_pre_init</name>
         <value>0x2c1b</value>
         <object_component_ref idref="oc-60"/>
      </symbol>
      <symbol id="sm-24e">
         <name>main_func_sp</name>
         <value>0x20000c70</value>
         <object_component_ref idref="oc-78"/>
      </symbol>
      <symbol id="sm-25d">
         <name>strcmp</name>
         <value>0x2b65</value>
         <object_component_ref idref="oc-12b"/>
      </symbol>
      <symbol id="sm-26b">
         <name>strcpy</name>
         <value>0x2bbd</value>
         <object_component_ref idref="oc-131"/>
      </symbol>
      <symbol id="sm-28c">
         <name>vsnprintf</name>
         <value>0x25d9</value>
         <object_component_ref idref="oc-125"/>
      </symbol>
      <symbol id="sm-2a5">
         <name>_nop</name>
         <value>0x2ba3</value>
         <object_component_ref idref="oc-fb"/>
      </symbol>
      <symbol id="sm-2a6">
         <name>_lock</name>
         <value>0x20000c64</value>
         <object_component_ref idref="oc-b9"/>
      </symbol>
      <symbol id="sm-2a7">
         <name>_unlock</name>
         <value>0x20000c68</value>
         <object_component_ref idref="oc-b9"/>
      </symbol>
      <symbol id="sm-2a8">
         <name>_register_lock</name>
         <value>0x2b9b</value>
         <object_component_ref idref="oc-fb"/>
      </symbol>
      <symbol id="sm-2a9">
         <name>_register_unlock</name>
         <value>0x2b95</value>
         <object_component_ref idref="oc-fb"/>
      </symbol>
      <symbol id="sm-3aa">
         <name>__TI_printfi</name>
         <value>0xab1</value>
         <object_component_ref idref="oc-146"/>
      </symbol>
      <symbol id="sm-3be">
         <name>_args_main</name>
         <value>0x2b4d</value>
         <object_component_ref idref="oc-6c"/>
      </symbol>
      <symbol id="sm-3d4">
         <name>atoi</name>
         <value>0x2a21</value>
         <object_component_ref idref="oc-1aa"/>
      </symbol>
      <symbol id="sm-3fe">
         <name>__TI_auto_init</name>
         <value>0x27e9</value>
         <object_component_ref idref="oc-66"/>
      </symbol>
      <symbol id="sm-418">
         <name>copy_in</name>
         <value>0x2a6d</value>
         <object_component_ref idref="oc-a0"/>
      </symbol>
      <symbol id="sm-423">
         <name>_ctypes_</name>
         <value>0x2c1e</value>
         <object_component_ref idref="oc-1ea"/>
      </symbol>
      <symbol id="sm-43a">
         <name>__aeabi_dsub</name>
         <value>0x1df9</value>
         <object_component_ref idref="oc-193"/>
      </symbol>
      <symbol id="sm-43b">
         <name>__aeabi_dadd</name>
         <value>0x1e03</value>
         <object_component_ref idref="oc-193"/>
      </symbol>
      <symbol id="sm-45d">
         <name>__aeabi_cdcmpeq</name>
         <value>0x2661</value>
         <object_component_ref idref="oc-16f"/>
      </symbol>
      <symbol id="sm-45e">
         <name>__aeabi_cdcmple</name>
         <value>0x2661</value>
         <object_component_ref idref="oc-16f"/>
      </symbol>
      <symbol id="sm-45f">
         <name>__aeabi_cdrcmple</name>
         <value>0x26e7</value>
         <object_component_ref idref="oc-17e"/>
      </symbol>
      <symbol id="sm-46e">
         <name>ltoa</name>
         <value>0x29cd</value>
         <object_component_ref idref="oc-188"/>
      </symbol>
      <symbol id="sm-47e">
         <name>memccpy</name>
         <value>0x2b2f</value>
         <object_component_ref idref="oc-1b0"/>
      </symbol>
      <symbol id="sm-499">
         <name>frexpl</name>
         <value>0x28c1</value>
         <object_component_ref idref="oc-198"/>
      </symbol>
      <symbol id="sm-49a">
         <name>frexp</name>
         <value>0x28c1</value>
         <object_component_ref idref="oc-198"/>
      </symbol>
      <symbol id="sm-4b7">
         <name>scalbn</name>
         <value>0x2441</value>
         <object_component_ref idref="oc-19e"/>
      </symbol>
      <symbol id="sm-4b8">
         <name>scalbnl</name>
         <value>0x2441</value>
         <object_component_ref idref="oc-19e"/>
      </symbol>
      <symbol id="sm-4b9">
         <name>ldexpl</name>
         <value>0x2441</value>
         <object_component_ref idref="oc-19e"/>
      </symbol>
      <symbol id="sm-4ba">
         <name>ldexp</name>
         <value>0x2441</value>
         <object_component_ref idref="oc-19e"/>
      </symbol>
      <symbol id="sm-4c4">
         <name>_system_post_cinit</name>
         <value>0x1faf</value>
         <object_component_ref idref="oc-a6"/>
      </symbol>
      <symbol id="sm-4d4">
         <name>strchr</name>
         <value>0x2b7d</value>
         <object_component_ref idref="oc-1a4"/>
      </symbol>
      <symbol id="sm-4e2">
         <name>strlen</name>
         <value>0x2bd1</value>
         <object_component_ref idref="oc-169"/>
      </symbol>
      <symbol id="sm-4fe">
         <name>__aeabi_uldivmod</name>
         <value>0x1c05</value>
         <object_component_ref idref="oc-164"/>
      </symbol>
      <symbol id="sm-506">
         <name>errno</name>
         <value>0x20000c6c</value>
         <object_component_ref idref="oc-1e3"/>
      </symbol>
      <symbol id="sm-510">
         <name>copysign</name>
         <value>0x2ba9</value>
         <object_component_ref idref="oc-1dd"/>
      </symbol>
      <symbol id="sm-511">
         <name>copysignl</name>
         <value>0x2ba9</value>
         <object_component_ref idref="oc-1dd"/>
      </symbol>
      <symbol id="sm-514">
         <name>__TI_static_base__</name>
         <value>0x0</value>
      </symbol>
      <symbol id="sm-517">
         <name>SHT$$INIT_ARRAY$$Limit</name>
         <value>0x0</value>
      </symbol>
      <symbol id="sm-518">
         <name>SHT$$INIT_ARRAY$$Base</name>
         <value>0x0</value>
      </symbol>
   </symbol_table>
   <title>Link successful</title>
</link_info>
