******************************************************************************
                  TI ARM Linker PC v16.9.1                     
******************************************************************************
>> Linked Wed Sep 20 13:53:34 2017

OUTPUT FILE NAME:   <lab4.out>
ENTRY POINT SYMBOL: "_c_int00"  address: 000025dd


MEMORY CONFIGURATION

         name            origin    length      used     unused   attr    fill
----------------------  --------  ---------  --------  --------  ----  --------
  FLASH                 00000000   00040000  00002a77  0003d589  R  X
  SRAM                  20000000   00008000  000006ea  00007916  RW X


SEGMENT ALLOCATION MAP

run origin  load origin   length   init length attrs members
----------  ----------- ---------- ----------- ----- -------
00000000    00000000    00002a78   00002a78    r-x
  00000000    00000000    0000026c   0000026c    r-- .intvecs
  0000026c    0000026c    000026ba   000026ba    r-x .text
  00002926    00002926    00000109   00000109    r-- .const
  00002a30    00002a30    00000048   00000048    r-- .cinit
20000000    20000000    000006ed   00000000    rw-
  20000000    20000000    0000026c   00000000    rw- .vtable
  2000026c    2000026c    00000400   00000000    rw- .stack
  2000066c    2000066c    00000061   00000000    rw- .bss
  200006d0    200006d0    0000001d   00000000    rw- .data


SECTION ALLOCATION MAP

 output                                  attributes/
section   page    origin      length       input sections
--------  ----  ----------  ----------   ----------------
.intvecs   0    00000000    0000026c     
                  00000000    0000026c     tm4c123gh6pm_startup_ccs.obj (.intvecs)

.text      0    0000026c    000026ba     
                  0000026c    0000113e     rtsv7M4_T_le_v4SPD16_eabi.lib : _printfi.obj (.text)
                  000013aa    00000002                                   : mpu_init.obj (.text)
                  000013ac    000002ec     lcd.obj (.text)
                  00001698    00000224     clock_intr.obj (.text)
                  000018bc    000001f4     rtsv7M4_T_le_v4SPD16_eabi.lib : ull_div_t2.obj (.text)
                  00001ab0    000001b6                                   : fd_add_t2.obj (.text)
                  00001c66    00000002                                   : startup.obj (.text)
                  00001c68    00000158     timer.obj (.text)
                  00001dc0    00000136     rtsv7M4_T_le_v4SPD16_eabi.lib : fd_div_t2.obj (.text)
                  00001ef6    00000002     --HOLE-- [fill = 0]
                  00001ef8    00000104     button.obj (.text)
                  00001ffc    000000fc     rtsv7M4_T_le_v4SPD16_eabi.lib : fd_mul_t2.obj (.text)
                  000020f8    000000fc                                   : s_scalbn.obj (.text)
                  000021f4    0000009c                                   : memcpy_t2.obj (.text)
                  00002290    00000088                                   : vsnprintf.obj (.text)
                  00002318    00000086                                   : fd_cmp_t2.obj (.text:__aeabi_cdcmple)
                  0000239e    00000086                                   : fd_cmp_t2.obj (.text:__aeabi_cdrcmple)
                  00002424    0000007a                                   : memset_t2.obj (.text)
                  0000249e    00000002     --HOLE-- [fill = 0]
                  000024a0    00000070                                   : autoinit.obj (.text)
                  00002510    00000068                                   : copy_decompress_lzss.obj (.text:decompress:lzss)
                  00002578    00000064                                   : s_frexp.obj (.text)
                  000025dc    00000054                                   : boot.obj (.text)
                  00002630    00000054                                   : exit.obj (.text)
                  00002684    00000054                                   : ltoa.obj (.text)
                  000026d8    0000004c                                   : atoi.obj (.text)
                  00002724    0000004c                                   : cpy_tbl.obj (.text)
                  00002770    00000048                                   : fd_toi_t2.obj (.text)
                  000027b8    00000034     driverlib.lib : interrupt.obj (.text:IntRegister)
                  000027ec    0000002e     rtsv7M4_T_le_v4SPD16_eabi.lib : i_tofd_t2.obj (.text)
                  0000281a    0000001c                                   : memccpy.obj (.text)
                  00002836    00000002     --HOLE-- [fill = 0]
                  00002838    00000018                                   : args_main.obj (.text)
                  00002850    00000018                                   : strcmp.obj (.text)
                  00002868    00000016                                   : strchr.obj (.text)
                  0000287e    00000002     --HOLE-- [fill = 0]
                  00002880    00000014                                   : _lock.obj (.text)
                  00002894    00000014                                   : s_copysign.obj (.text)
                  000028a8    00000014                                   : strcpy.obj (.text)
                  000028bc    00000014                                   : strlen.obj (.text)
                  000028d0    00000010     driverlib.lib : interrupt.obj (.text:IntMasterEnable)
                  000028e0    00000010     lcd.obj (.text:lcd_clear)
                  000028f0    0000000e     rtsv7M4_T_le_v4SPD16_eabi.lib : copy_decompress_none.obj (.text:decompress:none)
                  000028fe    0000000c     driverlib.lib : cpu.obj (.text:CPUcpsie)
                  0000290a    0000000c     rtsv7M4_T_le_v4SPD16_eabi.lib : copy_zero_init.obj (.text:decompress:ZI)
                  00002916    0000000c     tm4c123gh6pm_startup_ccs.obj (.text)
                  00002922    00000004     rtsv7M4_T_le_v4SPD16_eabi.lib : pre_init.obj (.text)

.const     0    00002926    00000109     
                  00002926    00000101     rtsv7M4_T_le_v4SPD16_eabi.lib : ctype.obj (.const:.string:_ctypes_)
                  00002a27    00000004     lcd.obj (.const:.string:lineAddress$1)
                  00002a2b    00000004     lcd.obj (.const:.string:lineAddresses$2)

.cinit     0    00002a30    00000048     
                  00002a30    00000011     (.cinit..data.load) [load image, compression = lzss]
                  00002a41    00000003     --HOLE-- [fill = 0]
                  00002a44    0000000c     (__TI_handler_table)
                  00002a50    00000008     (.cinit..bss.load) [load image, compression = zero_init]
                  00002a58    00000008     (.cinit..vtable.load) [load image, compression = zero_init]
                  00002a60    00000018     (__TI_cinit_table)

.init_array 
*          0    00000000    00000000     UNINITIALIZED

.vtable    0    20000000    0000026c     UNINITIALIZED
                  20000000    0000026c     driverlib.lib : interrupt.obj (.vtable)

.stack     0    2000026c    00000400     UNINITIALIZED
                  2000026c    00000400     --HOLE--

.bss       0    2000066c    00000061     UNINITIALIZED
                  2000066c    00000054     lcd.obj (.bss:lastbuffer$3)
                  200006c0    00000004     (.common:hours)
                  200006c4    00000004     (.common:mins)
                  200006c8    00000004     (.common:secs)
                  200006cc    00000001     (.common:_prevButton)

.data      0    200006d0    0000001d     UNINITIALIZED
                  200006d0    0000000c     rtsv7M4_T_le_v4SPD16_eabi.lib : exit.obj (.data:$O1$$)
                  200006dc    00000008                                   : _lock.obj (.data:$O1$$)
                  200006e4    00000004                                   : errno.obj (.data)
                  200006e8    00000004                                   : stkdepth_vars.obj (.data)
                  200006ec    00000001     button.obj (.data)

MODULE SUMMARY

       Module                         code   ro data   rw data
       ------                         ----   -------   -------
    .\
       lcd.obj                        764    8         84     
       tm4c123gh6pm_startup_ccs.obj   12     620       0      
       clock_intr.obj                 548    0         12     
       timer.obj                      344    0         0      
       button.obj                     260    0         2      
    +--+------------------------------+------+---------+---------+
       Total:                         1928   628       98     
                                                              
    C:/ti/TivaWare_C_Series-2.1.2.111/driverlib/ccs/Debug/driverlib.lib
       interrupt.obj                  68     0         620    
       cpu.obj                        12     0         0      
    +--+------------------------------+------+---------+---------+
       Total:                         80     0         620    
                                                              
    C:\ti\ccsv7\tools\compiler\ti-cgt-arm_16.9.1.LTS\lib\rtsv7M4_T_le_v4SPD16_eabi.lib
       _printfi.obj                   4414   0         0      
       ull_div_t2.obj                 500    0         0      
       fd_add_t2.obj                  438    0         0      
       fd_div_t2.obj                  310    0         0      
       fd_cmp_t2.obj                  268    0         0      
       ctype.obj                      0      257       0      
       fd_mul_t2.obj                  252    0         0      
       s_scalbn.obj                   252    0         0      
       memcpy_t2.obj                  156    0         0      
       vsnprintf.obj                  136    0         0      
       memset_t2.obj                  122    0         0      
       autoinit.obj                   112    0         0      
       copy_decompress_lzss.obj       104    0         0      
       s_frexp.obj                    100    0         0      
       exit.obj                       84     0         12     
       boot.obj                       84     0         0      
       ltoa.obj                       84     0         0      
       atoi.obj                       76     0         0      
       cpy_tbl.obj                    76     0         0      
       fd_toi_t2.obj                  72     0         0      
       i_tofd_t2.obj                  46     0         0      
       _lock.obj                      20     0         8      
       memccpy.obj                    28     0         0      
       args_main.obj                  24     0         0      
       strcmp.obj                     24     0         0      
       strchr.obj                     22     0         0      
       s_copysign.obj                 20     0         0      
       strcpy.obj                     20     0         0      
       strlen.obj                     20     0         0      
       copy_decompress_none.obj       14     0         0      
       copy_zero_init.obj             12     0         0      
       errno.obj                      0      0         4      
       pre_init.obj                   4      0         0      
       stkdepth_vars.obj              0      0         4      
       mpu_init.obj                   2      0         0      
       startup.obj                    2      0         0      
    +--+------------------------------+------+---------+---------+
       Total:                         7898   257       28     
                                                              
       Stack:                         0      0         1024   
       Linker Generated:              0      69        0      
    +--+------------------------------+------+---------+---------+
       Grand Total:                   9906   954       1770   


LINKER GENERATED COPY TABLES

__TI_cinit_table @ 00002a60 records: 3, size/record: 8, table size: 24
	.data: load addr=00002a30, load size=00000011 bytes, run addr=200006d0, run size=0000001d bytes, compression=lzss
	.bss: load addr=00002a50, load size=00000008 bytes, run addr=2000066c, run size=00000061 bytes, compression=zero_init
	.vtable: load addr=00002a58, load size=00000008 bytes, run addr=20000000, run size=0000026c bytes, compression=zero_init


LINKER GENERATED HANDLER TABLE

__TI_handler_table @ 00002a44 records: 3, size/record: 4, table size: 12
	index: 0, handler: __TI_zero_init
	index: 1, handler: __TI_decompress_lzss
	index: 2, handler: __TI_decompress_none


GLOBAL SYMBOLS: SORTED ALPHABETICALLY BY Name 

address   name                           
-------   ----                           
00002631  C$$EXIT                        
000028ff  CPUcpsie                       
000028d1  IntMasterEnable                
000027b9  IntRegister                    
00002917  ResetISR                       
UNDEFED   SHT$$INIT_ARRAY$$Base          
UNDEFED   SHT$$INIT_ARRAY$$Limit         
00001699  TIMER4A_Handler                
000016e3  TIMER4B_Handler                
2000066c  __STACK_END                    
00000400  __STACK_SIZE                   
2000046c  __STACK_TOP                    
00002a60  __TI_CINIT_Base                
00002a78  __TI_CINIT_Limit               
00002a44  __TI_Handler_Table_Base        
00002a50  __TI_Handler_Table_Limit       
000024a1  __TI_auto_init                 
200006d0  __TI_cleanup_ptr               
00002511  __TI_decompress_lzss           
000028f1  __TI_decompress_none           
200006d4  __TI_dtors_ptr                 
200006d8  __TI_enable_exit_profile_output
ffffffff  __TI_pprof_out_hndl            
00000ab1  __TI_printfi                   
ffffffff  __TI_prof_data_size            
ffffffff  __TI_prof_data_start           
00000000  __TI_static_base__             
0000290b  __TI_zero_init                 
00002319  __aeabi_cdcmpeq                
00002319  __aeabi_cdcmple                
0000239f  __aeabi_cdrcmple               
00002771  __aeabi_d2iz                   
00001abb  __aeabi_dadd                   
00001dc1  __aeabi_ddiv                   
00001ffd  __aeabi_dmul                   
00001ab1  __aeabi_dsub                   
000027ed  __aeabi_i2d                    
00002425  __aeabi_memclr                 
00002425  __aeabi_memclr4                
00002425  __aeabi_memclr8                
000021f5  __aeabi_memcpy                 
000021f5  __aeabi_memcpy4                
000021f5  __aeabi_memcpy8                
00002427  __aeabi_memset                 
00002427  __aeabi_memset4                
00002427  __aeabi_memset8                
000018bd  __aeabi_uldivmod               
ffffffff  __binit__                      
ffffffff  __c_args__                     
000013ab  __mpu_init                     
2000026c  __stack                        
00002839  _args_main                     
000025dd  _c_int00                       
00002926  _ctypes_                       
200006dc  _lock                          
0000288f  _nop                           
200006cc  _prevButton                    
00002887  _register_lock                 
00002881  _register_unlock               
00001c67  _system_post_cinit             
00002923  _system_pre_init               
200006e0  _unlock                        
00002635  abort                          
000026d9  atoi                           
ffffffff  binit                          
00001f25  button_checkButtons            
00001f2f  button_getButton               
00001f91  button_getButtonBlocking       
00001fa5  button_getButtonChange         
00001fcf  button_getButtonChangeBlocking 
00001ef9  button_init                    
000017ab  clock_timer_init               
00002725  copy_in                        
00002895  copysign                       
00002895  copysignl                      
200006e4  errno                          
0000263d  exit                           
00002579  frexp                          
00002579  frexpl                         
20000000  g_pfnRAMVectors                
00000000  g_pfnVectors                   
200006c0  hours                          
000028e1  lcd_clear                      
00001545  lcd_gotoLine                   
000013ad  lcd_init                       
000015ab  lcd_printf                     
0000146d  lcd_putc                       
000014a5  lcd_puts                       
000014c3  lcd_sendCommand                
00001501  lcd_sendNibble                 
0000156d  lcd_setCursorPos               
000020f9  ldexp                          
000020f9  ldexpl                         
00002685  ltoa                           
0000182f  main                           
200006e8  main_func_sp                   
0000281b  memccpy                        
000021f5  memcpy                         
0000242d  memset                         
200006c4  mins                           
000020f9  scalbn                         
000020f9  scalbnl                        
200006c8  secs                           
00002869  strchr                         
00002851  strcmp                         
000028a9  strcpy                         
000028bd  strlen                         
00001d79  timer_getClock                 
00001d2d  timer_startClock               
00001cc7  timer_startTimer               
00001d7f  timer_stopClock                
00001d17  timer_stopTimer                
00001c9d  timer_waitMicros               
00001c69  timer_waitMillis               
00002291  vsnprintf                      


GLOBAL SYMBOLS: SORTED BY Symbol Address 

address   name                           
-------   ----                           
00000000  __TI_static_base__             
00000000  g_pfnVectors                   
00000400  __STACK_SIZE                   
00000ab1  __TI_printfi                   
000013ab  __mpu_init                     
000013ad  lcd_init                       
0000146d  lcd_putc                       
000014a5  lcd_puts                       
000014c3  lcd_sendCommand                
00001501  lcd_sendNibble                 
00001545  lcd_gotoLine                   
0000156d  lcd_setCursorPos               
000015ab  lcd_printf                     
00001699  TIMER4A_Handler                
000016e3  TIMER4B_Handler                
000017ab  clock_timer_init               
0000182f  main                           
000018bd  __aeabi_uldivmod               
00001ab1  __aeabi_dsub                   
00001abb  __aeabi_dadd                   
00001c67  _system_post_cinit             
00001c69  timer_waitMillis               
00001c9d  timer_waitMicros               
00001cc7  timer_startTimer               
00001d17  timer_stopTimer                
00001d2d  timer_startClock               
00001d79  timer_getClock                 
00001d7f  timer_stopClock                
00001dc1  __aeabi_ddiv                   
00001ef9  button_init                    
00001f25  button_checkButtons            
00001f2f  button_getButton               
00001f91  button_getButtonBlocking       
00001fa5  button_getButtonChange         
00001fcf  button_getButtonChangeBlocking 
00001ffd  __aeabi_dmul                   
000020f9  ldexp                          
000020f9  ldexpl                         
000020f9  scalbn                         
000020f9  scalbnl                        
000021f5  __aeabi_memcpy                 
000021f5  __aeabi_memcpy4                
000021f5  __aeabi_memcpy8                
000021f5  memcpy                         
00002291  vsnprintf                      
00002319  __aeabi_cdcmpeq                
00002319  __aeabi_cdcmple                
0000239f  __aeabi_cdrcmple               
00002425  __aeabi_memclr                 
00002425  __aeabi_memclr4                
00002425  __aeabi_memclr8                
00002427  __aeabi_memset                 
00002427  __aeabi_memset4                
00002427  __aeabi_memset8                
0000242d  memset                         
000024a1  __TI_auto_init                 
00002511  __TI_decompress_lzss           
00002579  frexp                          
00002579  frexpl                         
000025dd  _c_int00                       
00002631  C$$EXIT                        
00002635  abort                          
0000263d  exit                           
00002685  ltoa                           
000026d9  atoi                           
00002725  copy_in                        
00002771  __aeabi_d2iz                   
000027b9  IntRegister                    
000027ed  __aeabi_i2d                    
0000281b  memccpy                        
00002839  _args_main                     
00002851  strcmp                         
00002869  strchr                         
00002881  _register_unlock               
00002887  _register_lock                 
0000288f  _nop                           
00002895  copysign                       
00002895  copysignl                      
000028a9  strcpy                         
000028bd  strlen                         
000028d1  IntMasterEnable                
000028e1  lcd_clear                      
000028f1  __TI_decompress_none           
000028ff  CPUcpsie                       
0000290b  __TI_zero_init                 
00002917  ResetISR                       
00002923  _system_pre_init               
00002926  _ctypes_                       
00002a44  __TI_Handler_Table_Base        
00002a50  __TI_Handler_Table_Limit       
00002a60  __TI_CINIT_Base                
00002a78  __TI_CINIT_Limit               
20000000  g_pfnRAMVectors                
2000026c  __stack                        
2000046c  __STACK_TOP                    
2000066c  __STACK_END                    
200006c0  hours                          
200006c4  mins                           
200006c8  secs                           
200006cc  _prevButton                    
200006d0  __TI_cleanup_ptr               
200006d4  __TI_dtors_ptr                 
200006d8  __TI_enable_exit_profile_output
200006dc  _lock                          
200006e0  _unlock                        
200006e4  errno                          
200006e8  main_func_sp                   
ffffffff  __TI_pprof_out_hndl            
ffffffff  __TI_prof_data_size            
ffffffff  __TI_prof_data_start           
ffffffff  __binit__                      
ffffffff  __c_args__                     
ffffffff  binit                          
UNDEFED   SHT$$INIT_ARRAY$$Base          
UNDEFED   SHT$$INIT_ARRAY$$Limit         

[115 symbols]
