******************************************************************************
                  TI ARM Linker PC v16.9.1                     
******************************************************************************
>> Linked Tue Oct 03 16:07:50 2017

OUTPUT FILE NAME:   <lab5.out>
ENTRY POINT SYMBOL: "_c_int00"  address: 000026cd


MEMORY CONFIGURATION

         name            origin    length      used     unused   attr    fill
----------------------  --------  ---------  --------  --------  ----  --------
  FLASH                 00000000   00040000  00002b30  0003d4d0  R  X
  SRAM                  20000000   00008000  00000472  00007b8e  RW X


SEGMENT ALLOCATION MAP

run origin  load origin   length   init length attrs members
----------  ----------- ---------- ----------- ----- -------
00000000    00000000    00002b30   00002b30    r-x
  00000000    00000000    0000026c   0000026c    r-- .intvecs
  0000026c    0000026c    0000275a   0000275a    r-x .text
  000029c6    000029c6    00000132   00000132    r-- .const
  00002af8    00002af8    00000038   00000038    r-- .cinit
20000000    20000000    00000475   00000000    rw-
  20000000    20000000    00000400   00000000    rw- .stack
  20000400    20000400    00000055   00000000    rw- .bss
  20000458    20000458    0000001d   00000000    rw- .data


SECTION ALLOCATION MAP

 output                                  attributes/
section   page    origin      length       input sections
--------  ----  ----------  ----------   ----------------
.intvecs   0    00000000    0000026c     
                  00000000    0000026c     tm4c123gh6pm_startup_ccs.obj (.intvecs)

.text      0    0000026c    0000275a     
                  0000026c    0000113e     rtsv7M4_T_le_v4SPD16_eabi.lib : _printfi.obj (.text)
                  000013aa    00000002                                   : mpu_init.obj (.text)
                  000013ac    000002ec     lcd.obj (.text)
                  00001698    00000288     uart.obj (.text)
                  00001920    000001f4     rtsv7M4_T_le_v4SPD16_eabi.lib : ull_div_t2.obj (.text)
                  00001b14    000001b6                                   : fd_add_t2.obj (.text)
                  00001cca    00000002                                   : startup.obj (.text)
                  00001ccc    00000158     timer.obj (.text)
                  00001e24    00000136     rtsv7M4_T_le_v4SPD16_eabi.lib : fd_div_t2.obj (.text)
                  00001f5a    00000002     --HOLE-- [fill = 0]
                  00001f5c    00000104     button.obj (.text)
                  00002060    000000fc     rtsv7M4_T_le_v4SPD16_eabi.lib : fd_mul_t2.obj (.text)
                  0000215c    000000fc                                   : s_scalbn.obj (.text)
                  00002258    0000009c                                   : memcpy_t2.obj (.text)
                  000022f4    0000008c     lab5.obj (.text)
                  00002380    00000088     rtsv7M4_T_le_v4SPD16_eabi.lib : vsnprintf.obj (.text)
                  00002408    00000086                                   : fd_cmp_t2.obj (.text:__aeabi_cdcmple)
                  0000248e    00000086                                   : fd_cmp_t2.obj (.text:__aeabi_cdrcmple)
                  00002514    0000007a                                   : memset_t2.obj (.text)
                  0000258e    00000002     --HOLE-- [fill = 0]
                  00002590    00000070                                   : autoinit.obj (.text)
                  00002600    00000068                                   : copy_decompress_lzss.obj (.text:decompress:lzss)
                  00002668    00000064                                   : s_frexp.obj (.text)
                  000026cc    00000054                                   : boot.obj (.text)
                  00002720    00000054                                   : exit.obj (.text)
                  00002774    00000054                                   : ltoa.obj (.text)
                  000027c8    0000004c                                   : atoi.obj (.text)
                  00002814    0000004c                                   : cpy_tbl.obj (.text)
                  00002860    00000048                                   : fd_toi_t2.obj (.text)
                  000028a8    0000002e                                   : i_tofd_t2.obj (.text)
                  000028d6    0000001c                                   : memccpy.obj (.text)
                  000028f2    00000002     --HOLE-- [fill = 0]
                  000028f4    00000018                                   : args_main.obj (.text)
                  0000290c    00000018                                   : strcmp.obj (.text)
                  00002924    00000016                                   : strchr.obj (.text)
                  0000293a    00000002     --HOLE-- [fill = 0]
                  0000293c    00000014                                   : _lock.obj (.text)
                  00002950    00000014                                   : s_copysign.obj (.text)
                  00002964    00000014                                   : strcpy.obj (.text)
                  00002978    00000014                                   : strlen.obj (.text)
                  0000298c    00000010     lcd.obj (.text:lcd_clear)
                  0000299c    0000000e     rtsv7M4_T_le_v4SPD16_eabi.lib : copy_decompress_none.obj (.text:decompress:none)
                  000029aa    0000000c                                   : copy_zero_init.obj (.text:decompress:ZI)
                  000029b6    0000000c     tm4c123gh6pm_startup_ccs.obj (.text)
                  000029c2    00000004     rtsv7M4_T_le_v4SPD16_eabi.lib : pre_init.obj (.text)

.const     0    000029c6    00000132     
                  000029c6    00000101     rtsv7M4_T_le_v4SPD16_eabi.lib : ctype.obj (.const:.string:_ctypes_)
                  00002ac7    00000019     uart.obj (.const:.string:$P$T2$3)
                  00002ae0    00000004     uart.obj (.const:.string:$P$T4$5)
                  00002ae4    00000004     uart.obj (.const:.string:$P$T5$6)
                  00002ae8    00000004     lcd.obj (.const:.string:lineAddress$1)
                  00002aec    00000004     lcd.obj (.const:.string:lineAddresses$2)
                  00002af0    00000003     uart.obj (.const:.string:$P$T0$1)
                  00002af3    00000003     uart.obj (.const:.string:$P$T3$4)
                  00002af6    00000002     uart.obj (.const:.string:$P$T1$2)

.cinit     0    00002af8    00000038     
                  00002af8    00000011     (.cinit..data.load) [load image, compression = lzss]
                  00002b09    00000003     --HOLE-- [fill = 0]
                  00002b0c    0000000c     (__TI_handler_table)
                  00002b18    00000008     (.cinit..bss.load) [load image, compression = zero_init]
                  00002b20    00000010     (__TI_cinit_table)

.init_array 
*          0    00000000    00000000     UNINITIALIZED

.stack     0    20000000    00000400     UNINITIALIZED
                  20000000    00000400     --HOLE--

.bss       0    20000400    00000055     UNINITIALIZED
                  20000400    00000054     lcd.obj (.bss:lastbuffer$3)
                  20000454    00000001     (.common:_prevButton)

.data      0    20000458    0000001d     UNINITIALIZED
                  20000458    0000000c     rtsv7M4_T_le_v4SPD16_eabi.lib : exit.obj (.data:$O1$$)
                  20000464    00000008                                   : _lock.obj (.data:$O1$$)
                  2000046c    00000004                                   : errno.obj (.data)
                  20000470    00000004                                   : stkdepth_vars.obj (.data)
                  20000474    00000001     button.obj (.data)

MODULE SUMMARY

       Module                         code    ro data   rw data
       ------                         ----    -------   -------
    .\
       lcd.obj                        764     8         84     
       uart.obj                       648     41        0      
       tm4c123gh6pm_startup_ccs.obj   12      620       0      
       timer.obj                      344     0         0      
       button.obj                     260     0         2      
       lab5.obj                       140     0         0      
    +--+------------------------------+-------+---------+---------+
       Total:                         2168    669       86     
                                                               
    C:\ti\ccsv7\tools\compiler\ti-cgt-arm_16.9.1.LTS\lib\rtsv7M4_T_le_v4SPD16_eabi.lib
       _printfi.obj                   4414    0         0      
       ull_div_t2.obj                 500     0         0      
       fd_add_t2.obj                  438     0         0      
       fd_div_t2.obj                  310     0         0      
       fd_cmp_t2.obj                  268     0         0      
       ctype.obj                      0       257       0      
       fd_mul_t2.obj                  252     0         0      
       s_scalbn.obj                   252     0         0      
       memcpy_t2.obj                  156     0         0      
       vsnprintf.obj                  136     0         0      
       memset_t2.obj                  122     0         0      
       autoinit.obj                   112     0         0      
       copy_decompress_lzss.obj       104     0         0      
       s_frexp.obj                    100     0         0      
       exit.obj                       84      0         12     
       boot.obj                       84      0         0      
       ltoa.obj                       84      0         0      
       atoi.obj                       76      0         0      
       cpy_tbl.obj                    76      0         0      
       fd_toi_t2.obj                  72      0         0      
       i_tofd_t2.obj                  46      0         0      
       _lock.obj                      20      0         8      
       memccpy.obj                    28      0         0      
       args_main.obj                  24      0         0      
       strcmp.obj                     24      0         0      
       strchr.obj                     22      0         0      
       s_copysign.obj                 20      0         0      
       strcpy.obj                     20      0         0      
       strlen.obj                     20      0         0      
       copy_decompress_none.obj       14      0         0      
       copy_zero_init.obj             12      0         0      
       errno.obj                      0       0         4      
       pre_init.obj                   4       0         0      
       stkdepth_vars.obj              0       0         4      
       mpu_init.obj                   2       0         0      
       startup.obj                    2       0         0      
    +--+------------------------------+-------+---------+---------+
       Total:                         7898    257       28     
                                                               
       Stack:                         0       0         1024   
       Linker Generated:              0       53        0      
    +--+------------------------------+-------+---------+---------+
       Grand Total:                   10066   979       1138   


LINKER GENERATED COPY TABLES

__TI_cinit_table @ 00002b20 records: 2, size/record: 8, table size: 16
	.data: load addr=00002af8, load size=00000011 bytes, run addr=20000458, run size=0000001d bytes, compression=lzss
	.bss: load addr=00002b18, load size=00000008 bytes, run addr=20000400, run size=00000055 bytes, compression=zero_init


LINKER GENERATED HANDLER TABLE

__TI_handler_table @ 00002b0c records: 3, size/record: 4, table size: 12
	index: 0, handler: __TI_decompress_lzss
	index: 1, handler: __TI_decompress_none
	index: 2, handler: __TI_zero_init


GLOBAL SYMBOLS: SORTED ALPHABETICALLY BY Name 

address   name                           
-------   ----                           
00002721  C$$EXIT                        
000029b7  ResetISR                       
UNDEFED   SHT$$INIT_ARRAY$$Base          
UNDEFED   SHT$$INIT_ARRAY$$Limit         
20000400  __STACK_END                    
00000400  __STACK_SIZE                   
20000200  __STACK_TOP                    
00002b20  __TI_CINIT_Base                
00002b30  __TI_CINIT_Limit               
00002b0c  __TI_Handler_Table_Base        
00002b18  __TI_Handler_Table_Limit       
00002591  __TI_auto_init                 
20000458  __TI_cleanup_ptr               
00002601  __TI_decompress_lzss           
0000299d  __TI_decompress_none           
2000045c  __TI_dtors_ptr                 
20000460  __TI_enable_exit_profile_output
ffffffff  __TI_pprof_out_hndl            
00000ab1  __TI_printfi                   
ffffffff  __TI_prof_data_size            
ffffffff  __TI_prof_data_start           
00000000  __TI_static_base__             
000029ab  __TI_zero_init                 
00002409  __aeabi_cdcmpeq                
00002409  __aeabi_cdcmple                
0000248f  __aeabi_cdrcmple               
00002861  __aeabi_d2iz                   
00001b1f  __aeabi_dadd                   
00001e25  __aeabi_ddiv                   
00002061  __aeabi_dmul                   
00001b15  __aeabi_dsub                   
000028a9  __aeabi_i2d                    
00002515  __aeabi_memclr                 
00002515  __aeabi_memclr4                
00002515  __aeabi_memclr8                
00002259  __aeabi_memcpy                 
00002259  __aeabi_memcpy4                
00002259  __aeabi_memcpy8                
00002517  __aeabi_memset                 
00002517  __aeabi_memset4                
00002517  __aeabi_memset8                
00001921  __aeabi_uldivmod               
ffffffff  __binit__                      
ffffffff  __c_args__                     
000013ab  __mpu_init                     
20000000  __stack                        
000028f5  _args_main                     
000026cd  _c_int00                       
000029c6  _ctypes_                       
20000464  _lock                          
0000294b  _nop                           
20000454  _prevButton                    
00002943  _register_lock                 
0000293d  _register_unlock               
00001ccb  _system_post_cinit             
000029c3  _system_pre_init               
20000468  _unlock                        
00002725  abort                          
000027c9  atoi                           
ffffffff  binit                          
00001f89  button_checkButtons            
00001f93  button_getButton               
00001ff5  button_getButtonBlocking       
00002009  button_getButtonChange         
00002033  button_getButtonChangeBlocking 
00001f5d  button_init                    
00002815  copy_in                        
00002951  copysign                       
00002951  copysignl                      
2000046c  errno                          
0000272d  exit                           
00002669  frexp                          
00002669  frexpl                         
00000000  g_pfnVectors                   
0000298d  lcd_clear                      
00001545  lcd_gotoLine                   
000013ad  lcd_init                       
000015ab  lcd_printf                     
0000146d  lcd_putc                       
000014a5  lcd_puts                       
000014c3  lcd_sendCommand                
00001501  lcd_sendNibble                 
0000156d  lcd_setCursorPos               
0000215d  ldexp                          
0000215d  ldexpl                         
00002775  ltoa                           
000022f5  main                           
20000470  main_func_sp                   
000028d7  memccpy                        
00002259  memcpy                         
0000251d  memset                         
0000215d  scalbn                         
0000215d  scalbnl                        
00002925  strchr                         
0000290d  strcmp                         
00002965  strcpy                         
00002979  strlen                         
00001ddd  timer_getClock                 
00001d91  timer_startClock               
00001d2b  timer_startTimer               
00001de3  timer_stopClock                
00001d7b  timer_stopTimer                
00001d01  timer_waitMicros               
00001ccd  timer_waitMillis               
00001699  uart_init                      
0000173d  uart_receive                   
00001721  uart_sendChar                  
00002381  vsnprintf                      


GLOBAL SYMBOLS: SORTED BY Symbol Address 

address   name                           
-------   ----                           
00000000  __TI_static_base__             
00000000  g_pfnVectors                   
00000400  __STACK_SIZE                   
00000ab1  __TI_printfi                   
000013ab  __mpu_init                     
000013ad  lcd_init                       
0000146d  lcd_putc                       
000014a5  lcd_puts                       
000014c3  lcd_sendCommand                
00001501  lcd_sendNibble                 
00001545  lcd_gotoLine                   
0000156d  lcd_setCursorPos               
000015ab  lcd_printf                     
00001699  uart_init                      
00001721  uart_sendChar                  
0000173d  uart_receive                   
00001921  __aeabi_uldivmod               
00001b15  __aeabi_dsub                   
00001b1f  __aeabi_dadd                   
00001ccb  _system_post_cinit             
00001ccd  timer_waitMillis               
00001d01  timer_waitMicros               
00001d2b  timer_startTimer               
00001d7b  timer_stopTimer                
00001d91  timer_startClock               
00001ddd  timer_getClock                 
00001de3  timer_stopClock                
00001e25  __aeabi_ddiv                   
00001f5d  button_init                    
00001f89  button_checkButtons            
00001f93  button_getButton               
00001ff5  button_getButtonBlocking       
00002009  button_getButtonChange         
00002033  button_getButtonChangeBlocking 
00002061  __aeabi_dmul                   
0000215d  ldexp                          
0000215d  ldexpl                         
0000215d  scalbn                         
0000215d  scalbnl                        
00002259  __aeabi_memcpy                 
00002259  __aeabi_memcpy4                
00002259  __aeabi_memcpy8                
00002259  memcpy                         
000022f5  main                           
00002381  vsnprintf                      
00002409  __aeabi_cdcmpeq                
00002409  __aeabi_cdcmple                
0000248f  __aeabi_cdrcmple               
00002515  __aeabi_memclr                 
00002515  __aeabi_memclr4                
00002515  __aeabi_memclr8                
00002517  __aeabi_memset                 
00002517  __aeabi_memset4                
00002517  __aeabi_memset8                
0000251d  memset                         
00002591  __TI_auto_init                 
00002601  __TI_decompress_lzss           
00002669  frexp                          
00002669  frexpl                         
000026cd  _c_int00                       
00002721  C$$EXIT                        
00002725  abort                          
0000272d  exit                           
00002775  ltoa                           
000027c9  atoi                           
00002815  copy_in                        
00002861  __aeabi_d2iz                   
000028a9  __aeabi_i2d                    
000028d7  memccpy                        
000028f5  _args_main                     
0000290d  strcmp                         
00002925  strchr                         
0000293d  _register_unlock               
00002943  _register_lock                 
0000294b  _nop                           
00002951  copysign                       
00002951  copysignl                      
00002965  strcpy                         
00002979  strlen                         
0000298d  lcd_clear                      
0000299d  __TI_decompress_none           
000029ab  __TI_zero_init                 
000029b7  ResetISR                       
000029c3  _system_pre_init               
000029c6  _ctypes_                       
00002b0c  __TI_Handler_Table_Base        
00002b18  __TI_Handler_Table_Limit       
00002b20  __TI_CINIT_Base                
00002b30  __TI_CINIT_Limit               
20000000  __stack                        
20000200  __STACK_TOP                    
20000400  __STACK_END                    
20000454  _prevButton                    
20000458  __TI_cleanup_ptr               
2000045c  __TI_dtors_ptr                 
20000460  __TI_enable_exit_profile_output
20000464  _lock                          
20000468  _unlock                        
2000046c  errno                          
20000470  main_func_sp                   
ffffffff  __TI_pprof_out_hndl            
ffffffff  __TI_prof_data_size            
ffffffff  __TI_prof_data_start           
ffffffff  __binit__                      
ffffffff  __c_args__                     
ffffffff  binit                          
UNDEFED   SHT$$INIT_ARRAY$$Base          
UNDEFED   SHT$$INIT_ARRAY$$Limit         

[108 symbols]
