******************************************************************************
                  TI ARM Linker PC v16.9.1                     
******************************************************************************
>> Linked Tue Oct 24 19:16:45 2017

OUTPUT FILE NAME:   <lab8.out>
ENTRY POINT SYMBOL: "_c_int00"  address: 00002729


MEMORY CONFIGURATION

         name            origin    length      used     unused   attr    fill
----------------------  --------  ---------  --------  --------  ----  --------
  FLASH                 00000000   00040000  00002bd7  0003d429  R  X
  SRAM                  20000000   00008000  00001082  00006f7e  RW X


SEGMENT ALLOCATION MAP

run origin  load origin   length   init length attrs members
----------  ----------- ---------- ----------- ----- -------
00000000    00000000    00002bd8   00002bd8    r-x
  00000000    00000000    0000026c   0000026c    r-- .intvecs
  0000026c    0000026c    0000281a   0000281a    r-x .text
  00002a86    00002a86    00000109   00000109    r-- .const
  00002b90    00002b90    00000048   00000048    r-- .cinit
20000000    20000000    00001085   00000000    rw-
  20000000    20000000    00001000   00000000    rw- .stack
  20001000    20001000    00000059   00000000    rw- .bss
  2000105c    2000105c    00000029   00000000    rw- .data


SECTION ALLOCATION MAP

 output                                  attributes/
section   page    origin      length       input sections
--------  ----  ----------  ----------   ----------------
.intvecs   0    00000000    0000026c     
                  00000000    0000026c     tm4c123gh6pm_startup_ccs.obj (.intvecs)

.text      0    0000026c    0000281a     
                  0000026c    0000113e     rtsv7M4_T_le_v4SPD16_eabi.lib : _printfi.obj (.text)
                  000013aa    00000002                                   : mpu_init.obj (.text)
                  000013ac    00000370     lab8.obj (.text)
                  0000171c    000002ec     lcd.obj (.text)
                  00001a08    000001f4     rtsv7M4_T_le_v4SPD16_eabi.lib : ull_div_t2.obj (.text)
                  00001bfc    000001b6                                   : fd_add_t2.obj (.text)
                  00001db2    00000002                                   : startup.obj (.text)
                  00001db4    00000158     timer.obj (.text)
                  00001f0c    00000136     rtsv7M4_T_le_v4SPD16_eabi.lib : fd_div_t2.obj (.text)
                  00002042    00000002     --HOLE-- [fill = 0]
                  00002044    00000104     button.obj (.text)
                  00002148    000000fc     rtsv7M4_T_le_v4SPD16_eabi.lib : fd_mul_t2.obj (.text)
                  00002244    000000fc                                   : s_scalbn.obj (.text)
                  00002340    0000009c                                   : memcpy_t2.obj (.text)
                  000023dc    00000088                                   : vsnprintf.obj (.text)
                  00002464    00000086                                   : fd_cmp_t2.obj (.text:__aeabi_cdcmple)
                  000024ea    00000086                                   : fd_cmp_t2.obj (.text:__aeabi_cdrcmple)
                  00002570    0000007a                                   : memset_t2.obj (.text)
                  000025ea    00000002     --HOLE-- [fill = 0]
                  000025ec    00000070                                   : autoinit.obj (.text)
                  0000265c    00000068                                   : copy_decompress_lzss.obj (.text:decompress:lzss)
                  000026c4    00000064                                   : s_frexp.obj (.text)
                  00002728    00000054                                   : boot.obj (.text)
                  0000277c    00000054                                   : exit.obj (.text)
                  000027d0    00000054                                   : ltoa.obj (.text)
                  00002824    0000004c                                   : atoi.obj (.text)
                  00002870    0000004c                                   : cpy_tbl.obj (.text)
                  000028bc    00000048                                   : fd_toi_t2.obj (.text)
                  00002904    00000044                                   : fd_tou_t2.obj (.text)
                  00002948    0000002e                                   : i_tofd_t2.obj (.text)
                  00002976    00000020                                   : u_tofd_t2.obj (.text)
                  00002996    0000001c                                   : memccpy.obj (.text)
                  000029b2    00000002     --HOLE-- [fill = 0]
                  000029b4    00000018                                   : args_main.obj (.text)
                  000029cc    00000018                                   : strcmp.obj (.text)
                  000029e4    00000016                                   : strchr.obj (.text)
                  000029fa    00000002     --HOLE-- [fill = 0]
                  000029fc    00000014                                   : _lock.obj (.text)
                  00002a10    00000014                                   : s_copysign.obj (.text)
                  00002a24    00000014                                   : strcpy.obj (.text)
                  00002a38    00000014                                   : strlen.obj (.text)
                  00002a4c    00000010     lcd.obj (.text:lcd_clear)
                  00002a5c    0000000e     rtsv7M4_T_le_v4SPD16_eabi.lib : copy_decompress_none.obj (.text:decompress:none)
                  00002a6a    0000000c                                   : copy_zero_init.obj (.text:decompress:ZI)
                  00002a76    0000000c     tm4c123gh6pm_startup_ccs.obj (.text)
                  00002a82    00000004     rtsv7M4_T_le_v4SPD16_eabi.lib : pre_init.obj (.text)

.const     0    00002a86    00000109     
                  00002a86    00000101     rtsv7M4_T_le_v4SPD16_eabi.lib : ctype.obj (.const:.string:_ctypes_)
                  00002b87    00000004     lcd.obj (.const:.string:lineAddress$1)
                  00002b8b    00000004     lcd.obj (.const:.string:lineAddresses$2)

.cinit     0    00002b90    00000048     
                  00002b90    0000001d     (.cinit..data.load) [load image, compression = lzss]
                  00002bad    00000003     --HOLE-- [fill = 0]
                  00002bb0    0000000c     (__TI_handler_table)
                  00002bbc    00000004     --HOLE-- [fill = 0]
                  00002bc0    00000008     (.cinit..bss.load) [load image, compression = zero_init]
                  00002bc8    00000010     (__TI_cinit_table)

.init_array 
*          0    00000000    00000000     UNINITIALIZED

.stack     0    20000000    00001000     UNINITIALIZED
                  20000000    00001000     --HOLE--

.bss       0    20001000    00000059     UNINITIALIZED
                  20001000    00000054     lcd.obj (.bss:lastbuffer$3)
                  20001054    00000004     (.common:pulse_width)
                  20001058    00000001     (.common:_prevButton)

.data      0    2000105c    00000029     UNINITIALIZED
                  2000105c    0000000c     rtsv7M4_T_le_v4SPD16_eabi.lib : exit.obj (.data:$O1$$)
                  20001068    0000000c     lab8.obj (.data)
                  20001074    00000008     rtsv7M4_T_le_v4SPD16_eabi.lib : _lock.obj (.data:$O1$$)
                  2000107c    00000004                                   : errno.obj (.data)
                  20001080    00000004                                   : stkdepth_vars.obj (.data)
                  20001084    00000001     button.obj (.data)

MODULE SUMMARY

       Module                         code    ro data   rw data
       ------                         ----    -------   -------
    .\
       lab8.obj                       880     0         16     
       lcd.obj                        764     8         84     
       tm4c123gh6pm_startup_ccs.obj   12      620       0      
       timer.obj                      344     0         0      
       button.obj                     260     0         2      
    +--+------------------------------+-------+---------+---------+
       Total:                         2260    628       102    
                                                               
    C:\ti\ccsv7\tools\compiler\ti-cgt-arm_16.9.1.LTS\lib\rtsv7M4_T_le_v4SPD16_eabi.lib
       _printfi.obj                   4414    0         0      
       ull_div_t2.obj                 500     0         0      
       fd_add_t2.obj                  438     0         0      
       fd_div_t2.obj                  310     0         0      
       fd_cmp_t2.obj                  268     0         0      
       ctype.obj                      0       257       0      
       fd_mul_t2.obj                  252     0         0      
       s_scalbn.obj                   252     0         0      
       memcpy_t2.obj                  156     0         0      
       vsnprintf.obj                  136     0         0      
       memset_t2.obj                  122     0         0      
       autoinit.obj                   112     0         0      
       copy_decompress_lzss.obj       104     0         0      
       s_frexp.obj                    100     0         0      
       exit.obj                       84      0         12     
       boot.obj                       84      0         0      
       ltoa.obj                       84      0         0      
       atoi.obj                       76      0         0      
       cpy_tbl.obj                    76      0         0      
       fd_toi_t2.obj                  72      0         0      
       fd_tou_t2.obj                  68      0         0      
       i_tofd_t2.obj                  46      0         0      
       u_tofd_t2.obj                  32      0         0      
       _lock.obj                      20      0         8      
       memccpy.obj                    28      0         0      
       args_main.obj                  24      0         0      
       strcmp.obj                     24      0         0      
       strchr.obj                     22      0         0      
       s_copysign.obj                 20      0         0      
       strcpy.obj                     20      0         0      
       strlen.obj                     20      0         0      
       copy_decompress_none.obj       14      0         0      
       copy_zero_init.obj             12      0         0      
       errno.obj                      0       0         4      
       pre_init.obj                   4       0         0      
       stkdepth_vars.obj              0       0         4      
       mpu_init.obj                   2       0         0      
       startup.obj                    2       0         0      
    +--+------------------------------+-------+---------+---------+
       Total:                         7998    257       28     
                                                               
       Stack:                         0       0         4096   
       Linker Generated:              0       65        0      
    +--+------------------------------+-------+---------+---------+
       Grand Total:                   10258   950       4226   


LINKER GENERATED COPY TABLES

__TI_cinit_table @ 00002bc8 records: 2, size/record: 8, table size: 16
	.data: load addr=00002b90, load size=0000001d bytes, run addr=2000105c, run size=00000029 bytes, compression=lzss
	.bss: load addr=00002bc0, load size=00000008 bytes, run addr=20001000, run size=00000059 bytes, compression=zero_init


LINKER GENERATED HANDLER TABLE

__TI_handler_table @ 00002bb0 records: 3, size/record: 4, table size: 12
	index: 0, handler: __TI_decompress_lzss
	index: 1, handler: __TI_decompress_none
	index: 2, handler: __TI_zero_init


GLOBAL SYMBOLS: SORTED ALPHABETICALLY BY Name 

address   name                           
-------   ----                           
0000277d  C$$EXIT                        
00002a77  ResetISR                       
UNDEFED   SHT$$INIT_ARRAY$$Base          
UNDEFED   SHT$$INIT_ARRAY$$Limit         
20001000  __STACK_END                    
00001000  __STACK_SIZE                   
20000200  __STACK_TOP                    
00002bc8  __TI_CINIT_Base                
00002bd8  __TI_CINIT_Limit               
00002bb0  __TI_Handler_Table_Base        
00002bbc  __TI_Handler_Table_Limit       
000025ed  __TI_auto_init                 
2000105c  __TI_cleanup_ptr               
0000265d  __TI_decompress_lzss           
00002a5d  __TI_decompress_none           
20001060  __TI_dtors_ptr                 
20001064  __TI_enable_exit_profile_output
ffffffff  __TI_pprof_out_hndl            
00000ab1  __TI_printfi                   
ffffffff  __TI_prof_data_size            
ffffffff  __TI_prof_data_start           
00000000  __TI_static_base__             
00002a6b  __TI_zero_init                 
00002465  __aeabi_cdcmpeq                
00002465  __aeabi_cdcmple                
000024eb  __aeabi_cdrcmple               
000028bd  __aeabi_d2iz                   
00002905  __aeabi_d2uiz                  
00001c07  __aeabi_dadd                   
00001f0d  __aeabi_ddiv                   
00002149  __aeabi_dmul                   
00001bfd  __aeabi_dsub                   
00002949  __aeabi_i2d                    
00002571  __aeabi_memclr                 
00002571  __aeabi_memclr4                
00002571  __aeabi_memclr8                
00002341  __aeabi_memcpy                 
00002341  __aeabi_memcpy4                
00002341  __aeabi_memcpy8                
00002573  __aeabi_memset                 
00002573  __aeabi_memset4                
00002573  __aeabi_memset8                
00002977  __aeabi_ui2d                   
00001a09  __aeabi_uldivmod               
ffffffff  __binit__                      
ffffffff  __c_args__                     
000013ab  __mpu_init                     
20000000  __stack                        
000029b5  _args_main                     
00002729  _c_int00                       
00002a86  _ctypes_                       
20001074  _lock                          
00002a0b  _nop                           
20001058  _prevButton                    
00002a03  _register_lock                 
000029fd  _register_unlock               
00001db3  _system_post_cinit             
00002a83  _system_pre_init               
20001078  _unlock                        
00002781  abort                          
00002825  atoi                           
ffffffff  binit                          
00002071  button_checkButtons            
0000207b  button_getButton               
000020dd  button_getButtonBlocking       
000020f1  button_getButtonChange         
0000211b  button_getButtonChangeBlocking 
00002045  button_init                    
00002871  copy_in                        
00002a11  copysign                       
00002a11  copysignl                      
2000107c  errno                          
00002789  exit                           
000026c5  frexp                          
000026c5  frexpl                         
00000000  g_pfnVectors                   
00002a4d  lcd_clear                      
000018b5  lcd_gotoLine                   
0000171d  lcd_init                       
0000191b  lcd_printf                     
000017dd  lcd_putc                       
00001815  lcd_puts                       
00001833  lcd_sendCommand                
00001871  lcd_sendNibble                 
000018dd  lcd_setCursorPos               
00002245  ldexp                          
00002245  ldexpl                         
000027d1  ltoa                           
000014e5  main                           
20001080  main_func_sp                   
00002997  memccpy                        
00002341  memcpy                         
00002579  memset                         
00001431  move_servo                     
2000106c  pulse_max                      
20001070  pulse_min                      
20001068  pulse_period                   
20001054  pulse_width                    
00002245  scalbn                         
00002245  scalbnl                        
000029e5  strchr                         
000029cd  strcmp                         
00002a25  strcpy                         
00002a39  strlen                         
00001ec5  timer_getClock                 
000013ad  timer_init                     
00001e79  timer_startClock               
00001e13  timer_startTimer               
00001ecb  timer_stopClock                
00001e63  timer_stopTimer                
00001de9  timer_waitMicros               
00001db5  timer_waitMillis               
000023dd  vsnprintf                      


GLOBAL SYMBOLS: SORTED BY Symbol Address 

address   name                           
-------   ----                           
00000000  __TI_static_base__             
00000000  g_pfnVectors                   
00000ab1  __TI_printfi                   
00001000  __STACK_SIZE                   
000013ab  __mpu_init                     
000013ad  timer_init                     
00001431  move_servo                     
000014e5  main                           
0000171d  lcd_init                       
000017dd  lcd_putc                       
00001815  lcd_puts                       
00001833  lcd_sendCommand                
00001871  lcd_sendNibble                 
000018b5  lcd_gotoLine                   
000018dd  lcd_setCursorPos               
0000191b  lcd_printf                     
00001a09  __aeabi_uldivmod               
00001bfd  __aeabi_dsub                   
00001c07  __aeabi_dadd                   
00001db3  _system_post_cinit             
00001db5  timer_waitMillis               
00001de9  timer_waitMicros               
00001e13  timer_startTimer               
00001e63  timer_stopTimer                
00001e79  timer_startClock               
00001ec5  timer_getClock                 
00001ecb  timer_stopClock                
00001f0d  __aeabi_ddiv                   
00002045  button_init                    
00002071  button_checkButtons            
0000207b  button_getButton               
000020dd  button_getButtonBlocking       
000020f1  button_getButtonChange         
0000211b  button_getButtonChangeBlocking 
00002149  __aeabi_dmul                   
00002245  ldexp                          
00002245  ldexpl                         
00002245  scalbn                         
00002245  scalbnl                        
00002341  __aeabi_memcpy                 
00002341  __aeabi_memcpy4                
00002341  __aeabi_memcpy8                
00002341  memcpy                         
000023dd  vsnprintf                      
00002465  __aeabi_cdcmpeq                
00002465  __aeabi_cdcmple                
000024eb  __aeabi_cdrcmple               
00002571  __aeabi_memclr                 
00002571  __aeabi_memclr4                
00002571  __aeabi_memclr8                
00002573  __aeabi_memset                 
00002573  __aeabi_memset4                
00002573  __aeabi_memset8                
00002579  memset                         
000025ed  __TI_auto_init                 
0000265d  __TI_decompress_lzss           
000026c5  frexp                          
000026c5  frexpl                         
00002729  _c_int00                       
0000277d  C$$EXIT                        
00002781  abort                          
00002789  exit                           
000027d1  ltoa                           
00002825  atoi                           
00002871  copy_in                        
000028bd  __aeabi_d2iz                   
00002905  __aeabi_d2uiz                  
00002949  __aeabi_i2d                    
00002977  __aeabi_ui2d                   
00002997  memccpy                        
000029b5  _args_main                     
000029cd  strcmp                         
000029e5  strchr                         
000029fd  _register_unlock               
00002a03  _register_lock                 
00002a0b  _nop                           
00002a11  copysign                       
00002a11  copysignl                      
00002a25  strcpy                         
00002a39  strlen                         
00002a4d  lcd_clear                      
00002a5d  __TI_decompress_none           
00002a6b  __TI_zero_init                 
00002a77  ResetISR                       
00002a83  _system_pre_init               
00002a86  _ctypes_                       
00002bb0  __TI_Handler_Table_Base        
00002bbc  __TI_Handler_Table_Limit       
00002bc8  __TI_CINIT_Base                
00002bd8  __TI_CINIT_Limit               
20000000  __stack                        
20000200  __STACK_TOP                    
20001000  __STACK_END                    
20001054  pulse_width                    
20001058  _prevButton                    
2000105c  __TI_cleanup_ptr               
20001060  __TI_dtors_ptr                 
20001064  __TI_enable_exit_profile_output
20001068  pulse_period                   
2000106c  pulse_max                      
20001070  pulse_min                      
20001074  _lock                          
20001078  _unlock                        
2000107c  errno                          
20001080  main_func_sp                   
ffffffff  __TI_pprof_out_hndl            
ffffffff  __TI_prof_data_size            
ffffffff  __TI_prof_data_start           
ffffffff  __binit__                      
ffffffff  __c_args__                     
ffffffff  binit                          
UNDEFED   SHT$$INIT_ARRAY$$Base          
UNDEFED   SHT$$INIT_ARRAY$$Limit         

[113 symbols]
