******************************************************************************
                  TI ARM Linker PC v16.9.4                     
******************************************************************************
>> Linked Sat Dec 02 00:39:57 2017

OUTPUT FILE NAME:   <lab9.out>
ENTRY POINT SYMBOL: "_c_int00"  address: 00005d39


MEMORY CONFIGURATION

         name            origin    length      used     unused   attr    fill
----------------------  --------  ---------  --------  --------  ----  --------
  FLASH                 00000000   00040000  00006413  00039bed  R  X
  SRAM                  20000000   00008000  00002324  00005cdc  RW X


SEGMENT ALLOCATION MAP

run origin  load origin   length   init length attrs members
----------  ----------- ---------- ----------- ----- -------
00000000    00000000    00006420   00006420    r-x
  00000000    00000000    0000026c   0000026c    r-- .intvecs
  0000026c    0000026c    00005e86   00005e86    r-x .text
  000060f8    000060f8    000002c9   000002c9    r-- .const
  000063c8    000063c8    00000058   00000058    r-- .cinit
20000000    20000000    00002328   00000000    rw-
  20000000    20000000    0000026c   00000000    rw- .vtable
  2000026c    2000026c    00001000   00000000    rw- .stack
  20001270    20001270    00001000   00000000    rw- .sysmem
  20002270    20002270    0000006c   00000000    rw- .bss
  200022dc    200022dc    0000004c   00000000    rw- .data


SECTION ALLOCATION MAP

 output                                  attributes/
section   page    origin      length       input sections
--------  ----  ----------  ----------   ----------------
.intvecs   0    00000000    0000026c     
                  00000000    0000026c     tm4c123gh6pm_startup_ccs.obj (.intvecs)

.text      0    0000026c    00005e86     
                  0000026c    0000113e     rtsv7M4_T_le_v4SPD16_eabi.lib : _printfi.obj (.text)
                  000013aa    00000002                                   : mpu_init.obj (.text)
                  000013ac    00000a84     open_interface.obj (.text)
                  00001e30    000009ac     rtsv7M4_T_le_v4SPD16_eabi.lib : e_pow.obj (.text)
                  000027dc    00000738                                   : k_rem_pio2.obj (.text)
                  00002f14    000005dc                                   : s_cos.obj (.text)
                  000034f0    0000049c     lab9.obj (.text)
                  0000398c    0000047c     fayezmovement.obj (.text)
                  00003e08    000003d0     rtsv7M4_T_le_v4SPD16_eabi.lib : memory.obj (.text)
                  000041d8    000002ec     lcd.obj (.text)
                  000044c4    00000218     ping.obj (.text)
                  000046dc    000001f4     rtsv7M4_T_le_v4SPD16_eabi.lib : ull_div_t2.obj (.text)
                  000048d0    000001b6                                   : fd_add_t2.obj (.text)
                  00004a86    00000002                                   : startup.obj (.text)
                  00004a88    00000180     UART_Comms.obj (.text)
                  00004c08    00000174     rtsv7M4_T_le_v4SPD16_eabi.lib : k_sin.obj (.text)
                  00004d7c    00000170                                   : e_sqrt.obj (.text)
                  00004eec    0000016c                                   : k_cos.obj (.text)
                  00005058    00000158     timer.obj (.text)
                  000051b0    00000136     rtsv7M4_T_le_v4SPD16_eabi.lib : fd_div_t2.obj (.text)
                  000052e6    00000002     --HOLE-- [fill = 0]
                  000052e8    00000130     ir.obj (.text)
                  00005418    0000011e     Final_Compile.obj (.text)
                  00005536    000000fc     rtsv7M4_T_le_v4SPD16_eabi.lib : fd_mul_t2.obj (.text)
                  00005632    00000002     --HOLE-- [fill = 0]
                  00005634    000000fc                                   : s_scalbn.obj (.text)
                  00005730    000000f8                                   : s_floor.obj (.text)
                  00005828    0000009c                                   : memcpy_t2.obj (.text)
                  000058c4    00000088                                   : vsnprintf.obj (.text)
                  0000594c    00000086                                   : fd_cmp_t2.obj (.text:__aeabi_cdcmple)
                  000059d2    00000086                                   : fd_cmp_t2.obj (.text:__aeabi_cdrcmple)
                  00005a58    0000007a                                   : memset_t2.obj (.text)
                  00005ad2    00000002     --HOLE-- [fill = 0]
                  00005ad4    00000070                                   : autoinit.obj (.text)
                  00005b44    0000006e                                   : fd_tos_t2.obj (.text)
                  00005bb2    00000068                                   : copy_decompress_lzss.obj (.text:decompress:lzss)
                  00005c1a    00000002     --HOLE-- [fill = 0]
                  00005c1c    00000064                                   : s_frexp.obj (.text)
                  00005c80    00000060                                   : sprintf.obj (.text)
                  00005ce0    00000058     music.obj (.text)
                  00005d38    00000054     rtsv7M4_T_le_v4SPD16_eabi.lib : boot.obj (.text)
                  00005d8c    00000054                                   : exit.obj (.text)
                  00005de0    00000054                                   : ltoa.obj (.text)
                  00005e34    0000004c                                   : atoi.obj (.text)
                  00005e80    0000004c                                   : cpy_tbl.obj (.text)
                  00005ecc    00000048                                   : fd_toi_t2.obj (.text)
                  00005f14    00000038                                   : fs_tod_t2.obj (.text)
                  00005f4c    00000034     driverlib.lib : interrupt.obj (.text:IntRegister)
                  00005f80    0000002e     rtsv7M4_T_le_v4SPD16_eabi.lib : i_tofd_t2.obj (.text)
                  00005fae    00000020                                   : u_tofd_t2.obj (.text)
                  00005fce    0000001c                                   : memccpy.obj (.text)
                  00005fea    00000018     open_interface.obj (.text:oi_parseInt)
                  00006002    00000002     --HOLE-- [fill = 0]
                  00006004    00000018     rtsv7M4_T_le_v4SPD16_eabi.lib : args_main.obj (.text)
                  0000601c    00000018                                   : strcmp.obj (.text)
                  00006034    00000016                                   : strchr.obj (.text)
                  0000604a    00000002     --HOLE-- [fill = 0]
                  0000604c    00000014                                   : _lock.obj (.text)
                  00006060    00000014                                   : s_copysign.obj (.text)
                  00006074    00000014                                   : strcpy.obj (.text)
                  00006088    00000014                                   : strlen.obj (.text)
                  0000609c    00000010     driverlib.lib : interrupt.obj (.text:IntMasterEnable)
                  000060ac    00000010     lcd.obj (.text:lcd_clear)
                  000060bc    0000000e     rtsv7M4_T_le_v4SPD16_eabi.lib : copy_decompress_none.obj (.text:decompress:none)
                  000060ca    0000000c     driverlib.lib : cpu.obj (.text:CPUcpsie)
                  000060d6    0000000c     rtsv7M4_T_le_v4SPD16_eabi.lib : copy_zero_init.obj (.text:decompress:ZI)
                  000060e2    0000000c     tm4c123gh6pm_startup_ccs.obj (.text)
                  000060ee    00000004     rtsv7M4_T_le_v4SPD16_eabi.lib : pre_init.obj (.text)

.const     0    000060f8    000002c9     
                  000060f8    00000158     rtsv7M4_T_le_v4SPD16_eabi.lib : k_rem_pio2.obj (.const:$O1$$)
                  00006250    00000101                                   : ctype.obj (.const:.string:_ctypes_)
                  00006351    00000004     lcd.obj (.const:.string:lineAddress$1)
                  00006355    00000003     --HOLE-- [fill = 0]
                  00006358    00000030     rtsv7M4_T_le_v4SPD16_eabi.lib : e_pow.obj (.const:$O1$$)
                  00006388    00000013     music.obj (.const:.string:$P$T0$1)
                  0000639b    00000013     music.obj (.const:.string:$P$T1$2)
                  000063ae    0000000f     open_interface.obj (.const:.string:$P$T0$3)
                  000063bd    00000004     lcd.obj (.const:.string:lineAddresses$2)

.cinit     0    000063c8    00000058     
                  000063c8    00000020     (.cinit..data.load) [load image, compression = lzss]
                  000063e8    0000000c     (__TI_handler_table)
                  000063f4    00000004     --HOLE-- [fill = 0]
                  000063f8    00000008     (.cinit..bss.load) [load image, compression = zero_init]
                  00006400    00000008     (.cinit..vtable.load) [load image, compression = zero_init]
                  00006408    00000018     (__TI_cinit_table)

.init_array 
*          0    00000000    00000000     UNINITIALIZED

.vtable    0    20000000    0000026c     UNINITIALIZED
                  20000000    0000026c     driverlib.lib : interrupt.obj (.vtable)

.stack     0    2000026c    00001000     UNINITIALIZED
                  2000026c    00001000     --HOLE--

.sysmem    0    20001270    00001000     UNINITIALIZED
                  20001270    00000008     rtsv7M4_T_le_v4SPD16_eabi.lib : memory.obj (.sysmem)
                  20001278    00000ff8     --HOLE--

.bss       0    20002270    0000006c     UNINITIALIZED
                  20002270    00000054     lcd.obj (.bss:lastbuffer$3)
                  200022c4    00000018     open_interface.obj (.bss:firmware$2)

.data      0    200022dc    0000004c     UNINITIALIZED
                  200022dc    00000014     ping.obj (.data)
                  200022f0    00000010     open_interface.obj (.data)
                  20002300    0000000c     rtsv7M4_T_le_v4SPD16_eabi.lib : exit.obj (.data:$O1$$)
                  2000230c    0000000c                                   : memory.obj (.data:$O1$$)
                  20002318    00000008                                   : _lock.obj (.data:$O1$$)
                  20002320    00000004                                   : errno.obj (.data)
                  20002324    00000004                                   : stkdepth_vars.obj (.data)

MODULE SUMMARY

       Module                         code    ro data   rw data
       ------                         ----    -------   -------
    .\
       open_interface.obj             2716    15        40     
       lab9.obj                       1180    0         0      
       fayezmovement.obj              1148    0         0      
       lcd.obj                        764     8         84     
       tm4c123gh6pm_startup_ccs.obj   12      620       0      
       ping.obj                       536     0         20     
       UART_Comms.obj                 384     0         0      
       timer.obj                      344     0         0      
       ir.obj                         304     0         0      
       Final_Compile.obj              286     0         0      
       music.obj                      88      38        0      
    +--+------------------------------+-------+---------+---------+
       Total:                         7762    681       144    
                                                               
    C:/ti/TivaWare_C_Series-2.1.2.111/driverlib/ccs/Debug/driverlib.lib
       interrupt.obj                  68      0         620    
       cpu.obj                        12      0         0      
    +--+------------------------------+-------+---------+---------+
       Total:                         80      0         620    
                                                               
    C:\ti\ccsv7\tools\compiler\ti-cgt-arm_16.9.4.LTS\lib\rtsv7M4_T_le_v4SPD16_eabi.lib
       _printfi.obj                   4414    0         0      
       e_pow.obj                      2476    48        0      
       k_rem_pio2.obj                 1848    344       0      
       s_cos.obj                      1500    0         0      
       memory.obj                     976     0         12     
       ull_div_t2.obj                 500     0         0      
       fd_add_t2.obj                  438     0         0      
       k_sin.obj                      372     0         0      
       e_sqrt.obj                     368     0         0      
       k_cos.obj                      364     0         0      
       fd_div_t2.obj                  310     0         0      
       fd_cmp_t2.obj                  268     0         0      
       ctype.obj                      0       257       0      
       fd_mul_t2.obj                  252     0         0      
       s_scalbn.obj                   252     0         0      
       s_floor.obj                    248     0         0      
       memcpy_t2.obj                  156     0         0      
       vsnprintf.obj                  136     0         0      
       memset_t2.obj                  122     0         0      
       autoinit.obj                   112     0         0      
       fd_tos_t2.obj                  110     0         0      
       copy_decompress_lzss.obj       104     0         0      
       s_frexp.obj                    100     0         0      
       exit.obj                       84      0         12     
       sprintf.obj                    96      0         0      
       boot.obj                       84      0         0      
       ltoa.obj                       84      0         0      
       atoi.obj                       76      0         0      
       cpy_tbl.obj                    76      0         0      
       fd_toi_t2.obj                  72      0         0      
       fs_tod_t2.obj                  56      0         0      
       i_tofd_t2.obj                  46      0         0      
       u_tofd_t2.obj                  32      0         0      
       _lock.obj                      20      0         8      
       memccpy.obj                    28      0         0      
       args_main.obj                  24      0         0      
       strcmp.obj                     24      0         0      
       strchr.obj                     22      0         0      
       s_copysign.obj                 20      0         0      
       strcpy.obj                     20      0         0      
       strlen.obj                     20      0         0      
       copy_decompress_none.obj       14      0         0      
       copy_zero_init.obj             12      0         0      
       errno.obj                      0       0         4      
       pre_init.obj                   4       0         0      
       stkdepth_vars.obj              0       0         4      
       mpu_init.obj                   2       0         0      
       startup.obj                    2       0         0      
    +--+------------------------------+-------+---------+---------+
       Total:                         16344   649       40     
                                                               
       Heap:                          0       0         4096   
       Stack:                         0       0         4096   
       Linker Generated:              0       84        0      
    +--+------------------------------+-------+---------+---------+
       Grand Total:                   24186   1414      8996   


LINKER GENERATED COPY TABLES

__TI_cinit_table @ 00006408 records: 3, size/record: 8, table size: 24
	.data: load addr=000063c8, load size=00000020 bytes, run addr=200022dc, run size=0000004c bytes, compression=lzss
	.bss: load addr=000063f8, load size=00000008 bytes, run addr=20002270, run size=0000006c bytes, compression=zero_init
	.vtable: load addr=00006400, load size=00000008 bytes, run addr=20000000, run size=0000026c bytes, compression=zero_init


LINKER GENERATED HANDLER TABLE

__TI_handler_table @ 000063e8 records: 3, size/record: 4, table size: 12
	index: 0, handler: __TI_zero_init
	index: 1, handler: __TI_decompress_lzss
	index: 2, handler: __TI_decompress_none


GLOBAL SYMBOLS: SORTED ALPHABETICALLY BY Name 

address   name                           
-------   ----                           
00005d8d  C$$EXIT                        
000060cb  CPUcpsie                       
00001ca3  GPIOF_Handler                  
00003801  GPIO_init                      
0000609d  IntMasterEnable                
00005f4d  IntRegister                    
000060e3  ResetISR                       
UNDEFED   SHT$$INIT_ARRAY$$Base          
UNDEFED   SHT$$INIT_ARRAY$$Limit         
000034f1  Scan1                          
0000451f  TIMER3B_Handler                
00004b11  Wifi_start                     
2000126c  __STACK_END                    
00001000  __STACK_SIZE                   
2000046c  __STACK_TOP                    
00001000  __SYSMEM_SIZE                  
00006408  __TI_CINIT_Base                
00006420  __TI_CINIT_Limit               
000063e8  __TI_Handler_Table_Base        
000063f4  __TI_Handler_Table_Limit       
00005ad5  __TI_auto_init                 
20002300  __TI_cleanup_ptr               
00005bb3  __TI_decompress_lzss           
000060bd  __TI_decompress_none           
20002304  __TI_dtors_ptr                 
20002308  __TI_enable_exit_profile_output
ffffffff  __TI_pprof_out_hndl            
00000ab1  __TI_printfi                   
ffffffff  __TI_prof_data_size            
ffffffff  __TI_prof_data_start           
00000000  __TI_static_base__             
000060d7  __TI_zero_init                 
0000594d  __aeabi_cdcmpeq                
0000594d  __aeabi_cdcmple                
000059d3  __aeabi_cdrcmple               
00005b45  __aeabi_d2f                    
00005ecd  __aeabi_d2iz                   
000048db  __aeabi_dadd                   
000051b1  __aeabi_ddiv                   
00005537  __aeabi_dmul                   
000048d1  __aeabi_dsub                   
00005f15  __aeabi_f2d                    
00005f81  __aeabi_i2d                    
00005a59  __aeabi_memclr                 
00005a59  __aeabi_memclr4                
00005a59  __aeabi_memclr8                
00005829  __aeabi_memcpy                 
00005829  __aeabi_memcpy4                
00005829  __aeabi_memcpy8                
00005a5b  __aeabi_memset                 
00005a5b  __aeabi_memset4                
00005a5b  __aeabi_memset8                
00005faf  __aeabi_ui2d                   
000046dd  __aeabi_uldivmod               
ffffffff  __binit__                      
ffffffff  __c_args__                     
00004eed  __kernel_cos                   
000027dd  __kernel_rem_pio2              
00004c09  __kernel_sin                   
000013ab  __mpu_init                     
2000026c  __stack                        
00006005  _args_main                     
00005d39  _c_int00                       
00006250  _ctypes_                       
20002318  _lock                          
0000605b  _nop                           
00006053  _register_lock                 
0000604d  _register_unlock               
20001270  _sys_memory                    
00004a87  _system_post_cinit             
000060ef  _system_pre_init               
2000231c  _unlock                        
00005d91  abort                          
00005e35  atoi                           
00003a59  back                           
ffffffff  binit                          
000041a9  calloc                         
00005e81  copy_in                        
00006061  copysign                       
00006061  copysignl                      
00002f15  cos                            
00002f15  cosl                           
20002320  errno                          
00005d99  exit                           
200022e4  falling                        
00005419  flash                          
00005731  floor                          
00005731  floorl                         
0000398d  forward                        
00003ef3  free                           
00005c1d  frexp                          
00005c1d  frexpl                         
00003ae7  full                           
20000000  g_pfnRAMVectors                
00000000  g_pfnVectors                   
00001cc5  getDegrees                     
00001a51  go_charge                      
00005361  ir_getDistance                 
000052e9  ir_init                        
200022e8  isRisingEdge                   
000060ad  lcd_clear                      
00004371  lcd_gotoLine                   
000041d9  lcd_init                       
000043d7  lcd_printf                     
00004299  lcd_putc                       
000042d1  lcd_puts                       
000042ef  lcd_sendCommand                
0000432d  lcd_sendNibble                 
00004399  lcd_setCursorPos               
00005635  ldexp                          
00005635  ldexpl                         
00003b2b  left                           
00003ba1  linedetector                   
00005ce1  load_songs                     
00005de1  ltoa                           
00005465  main                           
20002324  main_func_sp                   
00003e89  malloc                         
000040bd  memalign                       
00005fcf  memccpy                        
00005829  memcpy                         
00005a61  memset                         
00003e09  minit                          
000013ad  oi_alloc                       
00001b7b  oi_checkFirmware               
00001403  oi_close                       
000013b9  oi_free                        
000013ed  oi_init                        
000013c9  oi_init_noupdate               
000019e7  oi_loadSong                    
00005feb  oi_parseInt                    
00001467  oi_parsePacket                 
00001a3d  oi_play_song                   
00001961  oi_setLeds                     
000019a5  oi_setWheels                   
00001c31  oi_shutoff_init                
00001a5f  oi_uartInit                    
00001b03  oi_uartReceive                 
00001b49  oi_uartSendBuff                
00001ae7  oi_uartSendChar                
00001b2b  oi_uartSendStr                 
00001415  oi_update                      
0000461b  ping_getDistance               
00004587  ping_init                      
00001e31  pow                            
00001e31  powl                           
200022dc  pulseW                         
200022ec  reNumedge                      
00003fb5  realloc                        
00003aa1  right                          
200022e0  rising                         
00005635  scalbn                         
00005635  scalbnl                        
00004b4d  send_helper                    
000044c5  send_pulse                     
00005c81  sprintf                        
00004d7d  sqrt                           
00004d7d  sqrtl                          
00006035  strchr                         
0000601d  strcmp                         
00006075  strcpy                         
00006089  strlen                         
00003835  timer1_init                    
00005169  timer_getClock                 
0000511d  timer_startClock               
000050b7  timer_startTimer               
0000516f  timer_stopClock                
00005107  timer_stopTimer                
0000508d  timer_waitMicros               
00005059  timer_waitMillis               
00003889  two_degrees                    
00004a89  uart_init                      
00004b9d  uart_recieve                   
00004b81  uart_send                      
000058c5  vsnprintf                      


GLOBAL SYMBOLS: SORTED BY Symbol Address 

address   name                           
-------   ----                           
00000000  __TI_static_base__             
00000000  g_pfnVectors                   
00000ab1  __TI_printfi                   
00001000  __STACK_SIZE                   
00001000  __SYSMEM_SIZE                  
000013ab  __mpu_init                     
000013ad  oi_alloc                       
000013b9  oi_free                        
000013c9  oi_init_noupdate               
000013ed  oi_init                        
00001403  oi_close                       
00001415  oi_update                      
00001467  oi_parsePacket                 
00001961  oi_setLeds                     
000019a5  oi_setWheels                   
000019e7  oi_loadSong                    
00001a3d  oi_play_song                   
00001a51  go_charge                      
00001a5f  oi_uartInit                    
00001ae7  oi_uartSendChar                
00001b03  oi_uartReceive                 
00001b2b  oi_uartSendStr                 
00001b49  oi_uartSendBuff                
00001b7b  oi_checkFirmware               
00001c31  oi_shutoff_init                
00001ca3  GPIOF_Handler                  
00001cc5  getDegrees                     
00001e31  pow                            
00001e31  powl                           
000027dd  __kernel_rem_pio2              
00002f15  cos                            
00002f15  cosl                           
000034f1  Scan1                          
00003801  GPIO_init                      
00003835  timer1_init                    
00003889  two_degrees                    
0000398d  forward                        
00003a59  back                           
00003aa1  right                          
00003ae7  full                           
00003b2b  left                           
00003ba1  linedetector                   
00003e09  minit                          
00003e89  malloc                         
00003ef3  free                           
00003fb5  realloc                        
000040bd  memalign                       
000041a9  calloc                         
000041d9  lcd_init                       
00004299  lcd_putc                       
000042d1  lcd_puts                       
000042ef  lcd_sendCommand                
0000432d  lcd_sendNibble                 
00004371  lcd_gotoLine                   
00004399  lcd_setCursorPos               
000043d7  lcd_printf                     
000044c5  send_pulse                     
0000451f  TIMER3B_Handler                
00004587  ping_init                      
0000461b  ping_getDistance               
000046dd  __aeabi_uldivmod               
000048d1  __aeabi_dsub                   
000048db  __aeabi_dadd                   
00004a87  _system_post_cinit             
00004a89  uart_init                      
00004b11  Wifi_start                     
00004b4d  send_helper                    
00004b81  uart_send                      
00004b9d  uart_recieve                   
00004c09  __kernel_sin                   
00004d7d  sqrt                           
00004d7d  sqrtl                          
00004eed  __kernel_cos                   
00005059  timer_waitMillis               
0000508d  timer_waitMicros               
000050b7  timer_startTimer               
00005107  timer_stopTimer                
0000511d  timer_startClock               
00005169  timer_getClock                 
0000516f  timer_stopClock                
000051b1  __aeabi_ddiv                   
000052e9  ir_init                        
00005361  ir_getDistance                 
00005419  flash                          
00005465  main                           
00005537  __aeabi_dmul                   
00005635  ldexp                          
00005635  ldexpl                         
00005635  scalbn                         
00005635  scalbnl                        
00005731  floor                          
00005731  floorl                         
00005829  __aeabi_memcpy                 
00005829  __aeabi_memcpy4                
00005829  __aeabi_memcpy8                
00005829  memcpy                         
000058c5  vsnprintf                      
0000594d  __aeabi_cdcmpeq                
0000594d  __aeabi_cdcmple                
000059d3  __aeabi_cdrcmple               
00005a59  __aeabi_memclr                 
00005a59  __aeabi_memclr4                
00005a59  __aeabi_memclr8                
00005a5b  __aeabi_memset                 
00005a5b  __aeabi_memset4                
00005a5b  __aeabi_memset8                
00005a61  memset                         
00005ad5  __TI_auto_init                 
00005b45  __aeabi_d2f                    
00005bb3  __TI_decompress_lzss           
00005c1d  frexp                          
00005c1d  frexpl                         
00005c81  sprintf                        
00005ce1  load_songs                     
00005d39  _c_int00                       
00005d8d  C$$EXIT                        
00005d91  abort                          
00005d99  exit                           
00005de1  ltoa                           
00005e35  atoi                           
00005e81  copy_in                        
00005ecd  __aeabi_d2iz                   
00005f15  __aeabi_f2d                    
00005f4d  IntRegister                    
00005f81  __aeabi_i2d                    
00005faf  __aeabi_ui2d                   
00005fcf  memccpy                        
00005feb  oi_parseInt                    
00006005  _args_main                     
0000601d  strcmp                         
00006035  strchr                         
0000604d  _register_unlock               
00006053  _register_lock                 
0000605b  _nop                           
00006061  copysign                       
00006061  copysignl                      
00006075  strcpy                         
00006089  strlen                         
0000609d  IntMasterEnable                
000060ad  lcd_clear                      
000060bd  __TI_decompress_none           
000060cb  CPUcpsie                       
000060d7  __TI_zero_init                 
000060e3  ResetISR                       
000060ef  _system_pre_init               
00006250  _ctypes_                       
000063e8  __TI_Handler_Table_Base        
000063f4  __TI_Handler_Table_Limit       
00006408  __TI_CINIT_Base                
00006420  __TI_CINIT_Limit               
20000000  g_pfnRAMVectors                
2000026c  __stack                        
2000046c  __STACK_TOP                    
2000126c  __STACK_END                    
20001270  _sys_memory                    
200022dc  pulseW                         
200022e0  rising                         
200022e4  falling                        
200022e8  isRisingEdge                   
200022ec  reNumedge                      
20002300  __TI_cleanup_ptr               
20002304  __TI_dtors_ptr                 
20002308  __TI_enable_exit_profile_output
20002318  _lock                          
2000231c  _unlock                        
20002320  errno                          
20002324  main_func_sp                   
ffffffff  __TI_pprof_out_hndl            
ffffffff  __TI_prof_data_size            
ffffffff  __TI_prof_data_start           
ffffffff  __binit__                      
ffffffff  __c_args__                     
ffffffff  binit                          
UNDEFED   SHT$$INIT_ARRAY$$Base          
UNDEFED   SHT$$INIT_ARRAY$$Limit         

[175 symbols]
