<?xml version="1.0"?>
<link_info>
   <banner>TI ARM Linker PC v16.9.4.LTS</banner>
   <copyright>Copyright (c) 1996-2017 Texas Instruments Incorporated</copyright>
   <link_time>0x5a224abd</link_time>
   <link_errors>0x0</link_errors>
   <output_file>lab9.out</output_file>
   <entry_point>
      <name>_c_int00</name>
      <address>0x5d39</address>
   </entry_point>
   <input_file_list>
      <input_file id="fl-2">
         <path>.\</path>
         <kind>object</kind>
         <file>ADC_CONV.obj</file>
         <name>ADC_CONV.obj</name>
      </input_file>
      <input_file id="fl-3">
         <path>.\</path>
         <kind>object</kind>
         <file>Final_Compile.obj</file>
         <name>Final_Compile.obj</name>
      </input_file>
      <input_file id="fl-4">
         <path>.\</path>
         <kind>object</kind>
         <file>UART_Comms.obj</file>
         <name>UART_Comms.obj</name>
      </input_file>
      <input_file id="fl-5">
         <path>.\</path>
         <kind>object</kind>
         <file>button.obj</file>
         <name>button.obj</name>
      </input_file>
      <input_file id="fl-6">
         <path>.\</path>
         <kind>object</kind>
         <file>fayezmovement.obj</file>
         <name>fayezmovement.obj</name>
      </input_file>
      <input_file id="fl-7">
         <path>.\</path>
         <kind>object</kind>
         <file>ir.obj</file>
         <name>ir.obj</name>
      </input_file>
      <input_file id="fl-8">
         <path>.\</path>
         <kind>object</kind>
         <file>lab9.obj</file>
         <name>lab9.obj</name>
      </input_file>
      <input_file id="fl-9">
         <path>.\</path>
         <kind>object</kind>
         <file>lcd.obj</file>
         <name>lcd.obj</name>
      </input_file>
      <input_file id="fl-a">
         <path>.\</path>
         <kind>object</kind>
         <file>music.obj</file>
         <name>music.obj</name>
      </input_file>
      <input_file id="fl-b">
         <path>.\</path>
         <kind>object</kind>
         <file>open_interface.obj</file>
         <name>open_interface.obj</name>
      </input_file>
      <input_file id="fl-c">
         <path>.\</path>
         <kind>object</kind>
         <file>ping.obj</file>
         <name>ping.obj</name>
      </input_file>
      <input_file id="fl-d">
         <path>.\</path>
         <kind>object</kind>
         <file>timer.obj</file>
         <name>timer.obj</name>
      </input_file>
      <input_file id="fl-e">
         <path>.\</path>
         <kind>object</kind>
         <file>tm4c123gh6pm_startup_ccs.obj</file>
         <name>tm4c123gh6pm_startup_ccs.obj</name>
      </input_file>
      <input_file id="fl-13">
         <kind>object</kind>
         <file>&lt;internal&gt;</file>
         <name>&lt;internal&gt;</name>
      </input_file>
      <input_file id="fl-c9">
         <path>C:\ti\ccsv7\tools\compiler\ti-cgt-arm_16.9.4.LTS\lib\</path>
         <kind>archive</kind>
         <file>rtsv7M4_T_le_v4SPD16_eabi.lib</file>
         <name>boot.obj</name>
      </input_file>
      <input_file id="fl-ca">
         <path>C:\ti\ccsv7\tools\compiler\ti-cgt-arm_16.9.4.LTS\lib\</path>
         <kind>archive</kind>
         <file>rtsv7M4_T_le_v4SPD16_eabi.lib</file>
         <name>copy_decompress_lzss.obj</name>
      </input_file>
      <input_file id="fl-cb">
         <path>C:\ti\ccsv7\tools\compiler\ti-cgt-arm_16.9.4.LTS\lib\</path>
         <kind>archive</kind>
         <file>rtsv7M4_T_le_v4SPD16_eabi.lib</file>
         <name>copy_decompress_none.obj</name>
      </input_file>
      <input_file id="fl-cc">
         <path>C:\ti\ccsv7\tools\compiler\ti-cgt-arm_16.9.4.LTS\lib\</path>
         <kind>archive</kind>
         <file>rtsv7M4_T_le_v4SPD16_eabi.lib</file>
         <name>copy_zero_init.obj</name>
      </input_file>
      <input_file id="fl-cd">
         <path>C:\ti\ccsv7\tools\compiler\ti-cgt-arm_16.9.4.LTS\lib\</path>
         <kind>archive</kind>
         <file>rtsv7M4_T_le_v4SPD16_eabi.lib</file>
         <name>e_pow.obj</name>
      </input_file>
      <input_file id="fl-ce">
         <path>C:\ti\ccsv7\tools\compiler\ti-cgt-arm_16.9.4.LTS\lib\</path>
         <kind>archive</kind>
         <file>rtsv7M4_T_le_v4SPD16_eabi.lib</file>
         <name>e_sqrt.obj</name>
      </input_file>
      <input_file id="fl-cf">
         <path>C:\ti\ccsv7\tools\compiler\ti-cgt-arm_16.9.4.LTS\lib\</path>
         <kind>archive</kind>
         <file>rtsv7M4_T_le_v4SPD16_eabi.lib</file>
         <name>errno.obj</name>
      </input_file>
      <input_file id="fl-d0">
         <path>C:\ti\ccsv7\tools\compiler\ti-cgt-arm_16.9.4.LTS\lib\</path>
         <kind>archive</kind>
         <file>rtsv7M4_T_le_v4SPD16_eabi.lib</file>
         <name>exit.obj</name>
      </input_file>
      <input_file id="fl-d1">
         <path>C:\ti\ccsv7\tools\compiler\ti-cgt-arm_16.9.4.LTS\lib\</path>
         <kind>archive</kind>
         <file>rtsv7M4_T_le_v4SPD16_eabi.lib</file>
         <name>fd_add_t2.obj</name>
      </input_file>
      <input_file id="fl-d2">
         <path>C:\ti\ccsv7\tools\compiler\ti-cgt-arm_16.9.4.LTS\lib\</path>
         <kind>archive</kind>
         <file>rtsv7M4_T_le_v4SPD16_eabi.lib</file>
         <name>fd_cmp_t2.obj</name>
      </input_file>
      <input_file id="fl-d3">
         <path>C:\ti\ccsv7\tools\compiler\ti-cgt-arm_16.9.4.LTS\lib\</path>
         <kind>archive</kind>
         <file>rtsv7M4_T_le_v4SPD16_eabi.lib</file>
         <name>fd_div_t2.obj</name>
      </input_file>
      <input_file id="fl-d4">
         <path>C:\ti\ccsv7\tools\compiler\ti-cgt-arm_16.9.4.LTS\lib\</path>
         <kind>archive</kind>
         <file>rtsv7M4_T_le_v4SPD16_eabi.lib</file>
         <name>fd_mul_t2.obj</name>
      </input_file>
      <input_file id="fl-d5">
         <path>C:\ti\ccsv7\tools\compiler\ti-cgt-arm_16.9.4.LTS\lib\</path>
         <kind>archive</kind>
         <file>rtsv7M4_T_le_v4SPD16_eabi.lib</file>
         <name>fd_toi_t2.obj</name>
      </input_file>
      <input_file id="fl-d6">
         <path>C:\ti\ccsv7\tools\compiler\ti-cgt-arm_16.9.4.LTS\lib\</path>
         <kind>archive</kind>
         <file>rtsv7M4_T_le_v4SPD16_eabi.lib</file>
         <name>fd_tos_t2.obj</name>
      </input_file>
      <input_file id="fl-d7">
         <path>C:\ti\ccsv7\tools\compiler\ti-cgt-arm_16.9.4.LTS\lib\</path>
         <kind>archive</kind>
         <file>rtsv7M4_T_le_v4SPD16_eabi.lib</file>
         <name>fs_tod_t2.obj</name>
      </input_file>
      <input_file id="fl-d8">
         <path>C:\ti\ccsv7\tools\compiler\ti-cgt-arm_16.9.4.LTS\lib\</path>
         <kind>archive</kind>
         <file>rtsv7M4_T_le_v4SPD16_eabi.lib</file>
         <name>i_tofd_t2.obj</name>
      </input_file>
      <input_file id="fl-d9">
         <path>C:\ti\ccsv7\tools\compiler\ti-cgt-arm_16.9.4.LTS\lib\</path>
         <kind>archive</kind>
         <file>rtsv7M4_T_le_v4SPD16_eabi.lib</file>
         <name>memcpy_t2.obj</name>
      </input_file>
      <input_file id="fl-da">
         <path>C:\ti\ccsv7\tools\compiler\ti-cgt-arm_16.9.4.LTS\lib\</path>
         <kind>archive</kind>
         <file>rtsv7M4_T_le_v4SPD16_eabi.lib</file>
         <name>memory.obj</name>
      </input_file>
      <input_file id="fl-db">
         <path>C:\ti\ccsv7\tools\compiler\ti-cgt-arm_16.9.4.LTS\lib\</path>
         <kind>archive</kind>
         <file>rtsv7M4_T_le_v4SPD16_eabi.lib</file>
         <name>memset_t2.obj</name>
      </input_file>
      <input_file id="fl-dc">
         <path>C:\ti\ccsv7\tools\compiler\ti-cgt-arm_16.9.4.LTS\lib\</path>
         <kind>archive</kind>
         <file>rtsv7M4_T_le_v4SPD16_eabi.lib</file>
         <name>mpu_init.obj</name>
      </input_file>
      <input_file id="fl-dd">
         <path>C:\ti\ccsv7\tools\compiler\ti-cgt-arm_16.9.4.LTS\lib\</path>
         <kind>archive</kind>
         <file>rtsv7M4_T_le_v4SPD16_eabi.lib</file>
         <name>pre_init.obj</name>
      </input_file>
      <input_file id="fl-de">
         <path>C:\ti\ccsv7\tools\compiler\ti-cgt-arm_16.9.4.LTS\lib\</path>
         <kind>archive</kind>
         <file>rtsv7M4_T_le_v4SPD16_eabi.lib</file>
         <name>s_cos.obj</name>
      </input_file>
      <input_file id="fl-df">
         <path>C:\ti\ccsv7\tools\compiler\ti-cgt-arm_16.9.4.LTS\lib\</path>
         <kind>archive</kind>
         <file>rtsv7M4_T_le_v4SPD16_eabi.lib</file>
         <name>s_scalbn.obj</name>
      </input_file>
      <input_file id="fl-e0">
         <path>C:\ti\ccsv7\tools\compiler\ti-cgt-arm_16.9.4.LTS\lib\</path>
         <kind>archive</kind>
         <file>rtsv7M4_T_le_v4SPD16_eabi.lib</file>
         <name>sprintf.obj</name>
      </input_file>
      <input_file id="fl-e1">
         <path>C:\ti\ccsv7\tools\compiler\ti-cgt-arm_16.9.4.LTS\lib\</path>
         <kind>archive</kind>
         <file>rtsv7M4_T_le_v4SPD16_eabi.lib</file>
         <name>stkdepth_vars.obj</name>
      </input_file>
      <input_file id="fl-e2">
         <path>C:\ti\ccsv7\tools\compiler\ti-cgt-arm_16.9.4.LTS\lib\</path>
         <kind>archive</kind>
         <file>rtsv7M4_T_le_v4SPD16_eabi.lib</file>
         <name>strcmp.obj</name>
      </input_file>
      <input_file id="fl-e3">
         <path>C:\ti\ccsv7\tools\compiler\ti-cgt-arm_16.9.4.LTS\lib\</path>
         <kind>archive</kind>
         <file>rtsv7M4_T_le_v4SPD16_eabi.lib</file>
         <name>strcpy.obj</name>
      </input_file>
      <input_file id="fl-e4">
         <path>C:\ti\ccsv7\tools\compiler\ti-cgt-arm_16.9.4.LTS\lib\</path>
         <kind>archive</kind>
         <file>rtsv7M4_T_le_v4SPD16_eabi.lib</file>
         <name>strlen.obj</name>
      </input_file>
      <input_file id="fl-e5">
         <path>C:\ti\ccsv7\tools\compiler\ti-cgt-arm_16.9.4.LTS\lib\</path>
         <kind>archive</kind>
         <file>rtsv7M4_T_le_v4SPD16_eabi.lib</file>
         <name>u_tofd_t2.obj</name>
      </input_file>
      <input_file id="fl-e6">
         <path>C:\ti\ccsv7\tools\compiler\ti-cgt-arm_16.9.4.LTS\lib\</path>
         <kind>archive</kind>
         <file>rtsv7M4_T_le_v4SPD16_eabi.lib</file>
         <name>vsnprintf.obj</name>
      </input_file>
      <input_file id="fl-e7">
         <path>C:\ti\ccsv7\tools\compiler\ti-cgt-arm_16.9.4.LTS\lib\</path>
         <kind>archive</kind>
         <file>rtsv7M4_T_le_v4SPD16_eabi.lib</file>
         <name>_lock.obj</name>
      </input_file>
      <input_file id="fl-e8">
         <path>C:\ti\ccsv7\tools\compiler\ti-cgt-arm_16.9.4.LTS\lib\</path>
         <kind>archive</kind>
         <file>rtsv7M4_T_le_v4SPD16_eabi.lib</file>
         <name>_printfi.obj</name>
      </input_file>
      <input_file id="fl-e9">
         <path>C:\ti\ccsv7\tools\compiler\ti-cgt-arm_16.9.4.LTS\lib\</path>
         <kind>archive</kind>
         <file>rtsv7M4_T_le_v4SPD16_eabi.lib</file>
         <name>args_main.obj</name>
      </input_file>
      <input_file id="fl-ea">
         <path>C:\ti\ccsv7\tools\compiler\ti-cgt-arm_16.9.4.LTS\lib\</path>
         <kind>archive</kind>
         <file>rtsv7M4_T_le_v4SPD16_eabi.lib</file>
         <name>atoi.obj</name>
      </input_file>
      <input_file id="fl-eb">
         <path>C:\ti\ccsv7\tools\compiler\ti-cgt-arm_16.9.4.LTS\lib\</path>
         <kind>archive</kind>
         <file>rtsv7M4_T_le_v4SPD16_eabi.lib</file>
         <name>autoinit.obj</name>
      </input_file>
      <input_file id="fl-ec">
         <path>C:\ti\ccsv7\tools\compiler\ti-cgt-arm_16.9.4.LTS\lib\</path>
         <kind>archive</kind>
         <file>rtsv7M4_T_le_v4SPD16_eabi.lib</file>
         <name>cpy_tbl.obj</name>
      </input_file>
      <input_file id="fl-ed">
         <path>C:\ti\ccsv7\tools\compiler\ti-cgt-arm_16.9.4.LTS\lib\</path>
         <kind>archive</kind>
         <file>rtsv7M4_T_le_v4SPD16_eabi.lib</file>
         <name>ctype.obj</name>
      </input_file>
      <input_file id="fl-ee">
         <path>C:\ti\ccsv7\tools\compiler\ti-cgt-arm_16.9.4.LTS\lib\</path>
         <kind>archive</kind>
         <file>rtsv7M4_T_le_v4SPD16_eabi.lib</file>
         <name>k_cos.obj</name>
      </input_file>
      <input_file id="fl-ef">
         <path>C:\ti\ccsv7\tools\compiler\ti-cgt-arm_16.9.4.LTS\lib\</path>
         <kind>archive</kind>
         <file>rtsv7M4_T_le_v4SPD16_eabi.lib</file>
         <name>k_rem_pio2.obj</name>
      </input_file>
      <input_file id="fl-f0">
         <path>C:\ti\ccsv7\tools\compiler\ti-cgt-arm_16.9.4.LTS\lib\</path>
         <kind>archive</kind>
         <file>rtsv7M4_T_le_v4SPD16_eabi.lib</file>
         <name>k_sin.obj</name>
      </input_file>
      <input_file id="fl-f1">
         <path>C:\ti\ccsv7\tools\compiler\ti-cgt-arm_16.9.4.LTS\lib\</path>
         <kind>archive</kind>
         <file>rtsv7M4_T_le_v4SPD16_eabi.lib</file>
         <name>ltoa.obj</name>
      </input_file>
      <input_file id="fl-f2">
         <path>C:\ti\ccsv7\tools\compiler\ti-cgt-arm_16.9.4.LTS\lib\</path>
         <kind>archive</kind>
         <file>rtsv7M4_T_le_v4SPD16_eabi.lib</file>
         <name>memccpy.obj</name>
      </input_file>
      <input_file id="fl-f3">
         <path>C:\ti\ccsv7\tools\compiler\ti-cgt-arm_16.9.4.LTS\lib\</path>
         <kind>archive</kind>
         <file>rtsv7M4_T_le_v4SPD16_eabi.lib</file>
         <name>s_copysign.obj</name>
      </input_file>
      <input_file id="fl-f4">
         <path>C:\ti\ccsv7\tools\compiler\ti-cgt-arm_16.9.4.LTS\lib\</path>
         <kind>archive</kind>
         <file>rtsv7M4_T_le_v4SPD16_eabi.lib</file>
         <name>s_floor.obj</name>
      </input_file>
      <input_file id="fl-f5">
         <path>C:\ti\ccsv7\tools\compiler\ti-cgt-arm_16.9.4.LTS\lib\</path>
         <kind>archive</kind>
         <file>rtsv7M4_T_le_v4SPD16_eabi.lib</file>
         <name>s_frexp.obj</name>
      </input_file>
      <input_file id="fl-f6">
         <path>C:\ti\ccsv7\tools\compiler\ti-cgt-arm_16.9.4.LTS\lib\</path>
         <kind>archive</kind>
         <file>rtsv7M4_T_le_v4SPD16_eabi.lib</file>
         <name>startup.obj</name>
      </input_file>
      <input_file id="fl-f7">
         <path>C:\ti\ccsv7\tools\compiler\ti-cgt-arm_16.9.4.LTS\lib\</path>
         <kind>archive</kind>
         <file>rtsv7M4_T_le_v4SPD16_eabi.lib</file>
         <name>strchr.obj</name>
      </input_file>
      <input_file id="fl-f8">
         <path>C:\ti\ccsv7\tools\compiler\ti-cgt-arm_16.9.4.LTS\lib\</path>
         <kind>archive</kind>
         <file>rtsv7M4_T_le_v4SPD16_eabi.lib</file>
         <name>ull_div_t2.obj</name>
      </input_file>
      <input_file id="fl-f9">
         <path>C:\ti\TivaWare_C_Series-2.1.2.111\driverlib\ccs\Debug\</path>
         <kind>archive</kind>
         <file>driverlib.lib</file>
         <name>interrupt.obj</name>
      </input_file>
      <input_file id="fl-fa">
         <path>C:\ti\TivaWare_C_Series-2.1.2.111\driverlib\ccs\Debug\</path>
         <kind>archive</kind>
         <file>driverlib.lib</file>
         <name>cpu.obj</name>
      </input_file>
   </input_file_list>
   <object_component_list>
      <object_component id="oc-f">
         <name>.intvecs</name>
         <load_address>0x0</load_address>
         <run_address>0x0</run_address>
         <size>0x26c</size>
         <input_file_ref idref="fl-e"/>
      </object_component>
      <object_component id="oc-207">
         <name>.text</name>
         <load_address>0x26c</load_address>
         <run_address>0x26c</run_address>
         <size>0x113e</size>
         <input_file_ref idref="fl-e8"/>
      </object_component>
      <object_component id="oc-5a">
         <name>.text</name>
         <load_address>0x13aa</load_address>
         <run_address>0x13aa</run_address>
         <size>0x2</size>
         <input_file_ref idref="fl-dc"/>
      </object_component>
      <object_component id="oc-de">
         <name>.text</name>
         <load_address>0x13ac</load_address>
         <run_address>0x13ac</run_address>
         <size>0xa84</size>
         <input_file_ref idref="fl-b"/>
      </object_component>
      <object_component id="oc-188">
         <name>.text</name>
         <load_address>0x1e30</load_address>
         <run_address>0x1e30</run_address>
         <size>0x9ac</size>
         <input_file_ref idref="fl-cd"/>
      </object_component>
      <object_component id="oc-21a">
         <name>.text</name>
         <load_address>0x27dc</load_address>
         <run_address>0x27dc</run_address>
         <size>0x738</size>
         <input_file_ref idref="fl-ef"/>
      </object_component>
      <object_component id="oc-17d">
         <name>.text</name>
         <load_address>0x2f14</load_address>
         <run_address>0x2f14</run_address>
         <size>0x5dc</size>
         <input_file_ref idref="fl-de"/>
      </object_component>
      <object_component id="oc-ea">
         <name>.text</name>
         <load_address>0x34f0</load_address>
         <run_address>0x34f0</run_address>
         <size>0x49c</size>
         <input_file_ref idref="fl-8"/>
      </object_component>
      <object_component id="oc-10e">
         <name>.text</name>
         <load_address>0x398c</load_address>
         <run_address>0x398c</run_address>
         <size>0x47c</size>
         <input_file_ref idref="fl-6"/>
      </object_component>
      <object_component id="oc-137">
         <name>.text</name>
         <load_address>0x3e08</load_address>
         <run_address>0x3e08</run_address>
         <size>0x3d0</size>
         <input_file_ref idref="fl-da"/>
      </object_component>
      <object_component id="oc-102">
         <name>.text</name>
         <load_address>0x41d8</load_address>
         <run_address>0x41d8</run_address>
         <size>0x2ec</size>
         <input_file_ref idref="fl-9"/>
      </object_component>
      <object_component id="oc-f0">
         <name>.text</name>
         <load_address>0x44c4</load_address>
         <run_address>0x44c4</run_address>
         <size>0x218</size>
         <input_file_ref idref="fl-c"/>
      </object_component>
      <object_component id="oc-272">
         <name>.text</name>
         <load_address>0x46dc</load_address>
         <run_address>0x46dc</run_address>
         <size>0x1f4</size>
         <input_file_ref idref="fl-f8"/>
      </object_component>
      <object_component id="oc-18e">
         <name>.text</name>
         <load_address>0x48d0</load_address>
         <run_address>0x48d0</run_address>
         <size>0x1b6</size>
         <input_file_ref idref="fl-d1"/>
      </object_component>
      <object_component id="oc-a6">
         <name>.text</name>
         <load_address>0x4a86</load_address>
         <run_address>0x4a86</run_address>
         <size>0x2</size>
         <input_file_ref idref="fl-f6"/>
      </object_component>
      <object_component id="oc-fc">
         <name>.text</name>
         <load_address>0x4a88</load_address>
         <run_address>0x4a88</run_address>
         <size>0x180</size>
         <input_file_ref idref="fl-4"/>
      </object_component>
      <object_component id="oc-220">
         <name>.text</name>
         <load_address>0x4c08</load_address>
         <run_address>0x4c08</run_address>
         <size>0x174</size>
         <input_file_ref idref="fl-f0"/>
      </object_component>
      <object_component id="oc-198">
         <name>.text</name>
         <load_address>0x4d7c</load_address>
         <run_address>0x4d7c</run_address>
         <size>0x170</size>
         <input_file_ref idref="fl-ce"/>
      </object_component>
      <object_component id="oc-20f">
         <name>.text</name>
         <load_address>0x4eec</load_address>
         <run_address>0x4eec</run_address>
         <size>0x16c</size>
         <input_file_ref idref="fl-ee"/>
      </object_component>
      <object_component id="oc-e4">
         <name>.text</name>
         <load_address>0x5058</load_address>
         <run_address>0x5058</run_address>
         <size>0x158</size>
         <input_file_ref idref="fl-d"/>
      </object_component>
      <object_component id="oc-165">
         <name>.text</name>
         <load_address>0x51b0</load_address>
         <run_address>0x51b0</run_address>
         <size>0x136</size>
         <input_file_ref idref="fl-d3"/>
      </object_component>
      <object_component id="oc-f6">
         <name>.text</name>
         <load_address>0x52e8</load_address>
         <run_address>0x52e8</run_address>
         <size>0x130</size>
         <input_file_ref idref="fl-7"/>
      </object_component>
      <object_component id="oc-ae">
         <name>.text</name>
         <load_address>0x5418</load_address>
         <run_address>0x5418</run_address>
         <size>0x11e</size>
         <input_file_ref idref="fl-3"/>
      </object_component>
      <object_component id="oc-15b">
         <name>.text</name>
         <load_address>0x5536</load_address>
         <run_address>0x5536</run_address>
         <size>0xfc</size>
         <input_file_ref idref="fl-d4"/>
      </object_component>
      <object_component id="oc-239">
         <name>.text</name>
         <load_address>0x5634</load_address>
         <run_address>0x5634</run_address>
         <size>0xfc</size>
         <input_file_ref idref="fl-df"/>
      </object_component>
      <object_component id="oc-2a6">
         <name>.text</name>
         <load_address>0x5730</load_address>
         <run_address>0x5730</run_address>
         <size>0xf8</size>
         <input_file_ref idref="fl-f4"/>
      </object_component>
      <object_component id="oc-42">
         <name>.text</name>
         <load_address>0x5828</load_address>
         <run_address>0x5828</run_address>
         <size>0x9c</size>
         <input_file_ref idref="fl-d9"/>
      </object_component>
      <object_component id="oc-1be">
         <name>.text</name>
         <load_address>0x58c4</load_address>
         <run_address>0x58c4</run_address>
         <size>0x88</size>
         <input_file_ref idref="fl-e6"/>
      </object_component>
      <object_component id="oc-215">
         <name>.text:__aeabi_cdcmple</name>
         <load_address>0x594c</load_address>
         <run_address>0x594c</run_address>
         <size>0x86</size>
         <input_file_ref idref="fl-d2"/>
      </object_component>
      <object_component id="oc-234">
         <name>.text:__aeabi_cdrcmple</name>
         <load_address>0x59d2</load_address>
         <run_address>0x59d2</run_address>
         <size>0x86</size>
         <input_file_ref idref="fl-d2"/>
      </object_component>
      <object_component id="oc-4e">
         <name>.text</name>
         <load_address>0x5a58</load_address>
         <run_address>0x5a58</run_address>
         <size>0x7a</size>
         <input_file_ref idref="fl-db"/>
      </object_component>
      <object_component id="oc-66">
         <name>.text</name>
         <load_address>0x5ad4</load_address>
         <run_address>0x5ad4</run_address>
         <size>0x70</size>
         <input_file_ref idref="fl-eb"/>
      </object_component>
      <object_component id="oc-183">
         <name>.text</name>
         <load_address>0x5b44</load_address>
         <run_address>0x5b44</run_address>
         <size>0x6e</size>
         <input_file_ref idref="fl-d6"/>
      </object_component>
      <object_component id="oc-12">
         <name>.text:decompress:lzss</name>
         <load_address>0x5bb2</load_address>
         <run_address>0x5bb2</run_address>
         <size>0x68</size>
         <input_file_ref idref="fl-ca"/>
      </object_component>
      <object_component id="oc-27d">
         <name>.text</name>
         <load_address>0x5c1c</load_address>
         <run_address>0x5c1c</run_address>
         <size>0x64</size>
         <input_file_ref idref="fl-f5"/>
      </object_component>
      <object_component id="oc-177">
         <name>.text</name>
         <load_address>0x5c80</load_address>
         <run_address>0x5c80</run_address>
         <size>0x60</size>
         <input_file_ref idref="fl-e0"/>
      </object_component>
      <object_component id="oc-108">
         <name>.text</name>
         <load_address>0x5ce0</load_address>
         <run_address>0x5ce0</run_address>
         <size>0x58</size>
         <input_file_ref idref="fl-a"/>
      </object_component>
      <object_component id="oc-24">
         <name>.text</name>
         <load_address>0x5d38</load_address>
         <run_address>0x5d38</run_address>
         <size>0x54</size>
         <input_file_ref idref="fl-c9"/>
      </object_component>
      <object_component id="oc-72">
         <name>.text</name>
         <load_address>0x5d8c</load_address>
         <run_address>0x5d8c</run_address>
         <size>0x54</size>
         <input_file_ref idref="fl-d0"/>
      </object_component>
      <object_component id="oc-277">
         <name>.text</name>
         <load_address>0x5de0</load_address>
         <run_address>0x5de0</run_address>
         <size>0x54</size>
         <input_file_ref idref="fl-f1"/>
      </object_component>
      <object_component id="oc-289">
         <name>.text</name>
         <load_address>0x5e34</load_address>
         <run_address>0x5e34</run_address>
         <size>0x4c</size>
         <input_file_ref idref="fl-ea"/>
      </object_component>
      <object_component id="oc-a0">
         <name>.text</name>
         <load_address>0x5e80</load_address>
         <run_address>0x5e80</run_address>
         <size>0x4c</size>
         <input_file_ref idref="fl-ec"/>
      </object_component>
      <object_component id="oc-160">
         <name>.text</name>
         <load_address>0x5ecc</load_address>
         <run_address>0x5ecc</run_address>
         <size>0x48</size>
         <input_file_ref idref="fl-d5"/>
      </object_component>
      <object_component id="oc-193">
         <name>.text</name>
         <load_address>0x5f14</load_address>
         <run_address>0x5f14</run_address>
         <size>0x38</size>
         <input_file_ref idref="fl-d7"/>
      </object_component>
      <object_component id="oc-14a">
         <name>.text:IntRegister</name>
         <load_address>0x5f4c</load_address>
         <run_address>0x5f4c</run_address>
         <size>0x34</size>
         <input_file_ref idref="fl-f9"/>
      </object_component>
      <object_component id="oc-156">
         <name>.text</name>
         <load_address>0x5f80</load_address>
         <run_address>0x5f80</run_address>
         <size>0x2e</size>
         <input_file_ref idref="fl-d8"/>
      </object_component>
      <object_component id="oc-1a9">
         <name>.text</name>
         <load_address>0x5fae</load_address>
         <run_address>0x5fae</run_address>
         <size>0x20</size>
         <input_file_ref idref="fl-e5"/>
      </object_component>
      <object_component id="oc-28f">
         <name>.text</name>
         <load_address>0x5fce</load_address>
         <run_address>0x5fce</run_address>
         <size>0x1c</size>
         <input_file_ref idref="fl-f2"/>
      </object_component>
      <object_component id="oc-13d">
         <name>.text:oi_parseInt</name>
         <load_address>0x5fea</load_address>
         <run_address>0x5fea</run_address>
         <size>0x18</size>
         <input_file_ref idref="fl-b"/>
      </object_component>
      <object_component id="oc-6c">
         <name>.text</name>
         <load_address>0x6004</load_address>
         <run_address>0x6004</run_address>
         <size>0x18</size>
         <input_file_ref idref="fl-e9"/>
      </object_component>
      <object_component id="oc-144">
         <name>.text</name>
         <load_address>0x601c</load_address>
         <run_address>0x601c</run_address>
         <size>0x18</size>
         <input_file_ref idref="fl-e2"/>
      </object_component>
      <object_component id="oc-283">
         <name>.text</name>
         <load_address>0x6034</load_address>
         <run_address>0x6034</run_address>
         <size>0x16</size>
         <input_file_ref idref="fl-f7"/>
      </object_component>
      <object_component id="oc-11f">
         <name>.text</name>
         <load_address>0x604c</load_address>
         <run_address>0x604c</run_address>
         <size>0x14</size>
         <input_file_ref idref="fl-e7"/>
      </object_component>
      <object_component id="oc-2c0">
         <name>.text</name>
         <load_address>0x6060</load_address>
         <run_address>0x6060</run_address>
         <size>0x14</size>
         <input_file_ref idref="fl-f3"/>
      </object_component>
      <object_component id="oc-1c4">
         <name>.text</name>
         <load_address>0x6074</load_address>
         <run_address>0x6074</run_address>
         <size>0x14</size>
         <input_file_ref idref="fl-e3"/>
      </object_component>
      <object_component id="oc-1af">
         <name>.text</name>
         <load_address>0x6088</load_address>
         <run_address>0x6088</run_address>
         <size>0x14</size>
         <input_file_ref idref="fl-e4"/>
      </object_component>
      <object_component id="oc-150">
         <name>.text:IntMasterEnable</name>
         <load_address>0x609c</load_address>
         <run_address>0x609c</run_address>
         <size>0x10</size>
         <input_file_ref idref="fl-f9"/>
      </object_component>
      <object_component id="oc-1b7">
         <name>.text:lcd_clear</name>
         <load_address>0x60ac</load_address>
         <run_address>0x60ac</run_address>
         <size>0x10</size>
         <input_file_ref idref="fl-9"/>
      </object_component>
      <object_component id="oc-18">
         <name>.text:decompress:none</name>
         <load_address>0x60bc</load_address>
         <run_address>0x60bc</run_address>
         <size>0xe</size>
         <input_file_ref idref="fl-cb"/>
      </object_component>
      <object_component id="oc-1f3">
         <name>.text:CPUcpsie</name>
         <load_address>0x60ca</load_address>
         <run_address>0x60ca</run_address>
         <size>0xc</size>
         <input_file_ref idref="fl-fa"/>
      </object_component>
      <object_component id="oc-1e">
         <name>.text:decompress:ZI</name>
         <load_address>0x60d6</load_address>
         <run_address>0x60d6</run_address>
         <size>0xc</size>
         <input_file_ref idref="fl-cc"/>
      </object_component>
      <object_component id="oc-2e">
         <name>.text</name>
         <load_address>0x60e2</load_address>
         <run_address>0x60e2</run_address>
         <size>0xc</size>
         <input_file_ref idref="fl-e"/>
      </object_component>
      <object_component id="oc-60">
         <name>.text</name>
         <load_address>0x60ee</load_address>
         <run_address>0x60ee</run_address>
         <size>0x4</size>
         <input_file_ref idref="fl-dd"/>
      </object_component>
      <object_component id="oc-2ac">
         <name>.const:$O1$$</name>
         <load_address>0x60f8</load_address>
         <run_address>0x60f8</run_address>
         <size>0x158</size>
         <input_file_ref idref="fl-ef"/>
      </object_component>
      <object_component id="oc-2dd">
         <name>.const:.string:_ctypes_</name>
         <load_address>0x6250</load_address>
         <run_address>0x6250</run_address>
         <size>0x101</size>
         <input_file_ref idref="fl-ed"/>
      </object_component>
      <object_component id="oc-1ca">
         <name>.const:.string:lineAddress$1</name>
         <load_address>0x6351</load_address>
         <run_address>0x6351</run_address>
         <size>0x4</size>
         <input_file_ref idref="fl-9"/>
      </object_component>
      <object_component id="oc-231">
         <name>.const:$O1$$</name>
         <load_address>0x6358</load_address>
         <run_address>0x6358</run_address>
         <size>0x30</size>
         <input_file_ref idref="fl-cd"/>
      </object_component>
      <object_component id="oc-1d4">
         <name>.const:.string:$P$T0$1</name>
         <load_address>0x6388</load_address>
         <run_address>0x6388</run_address>
         <size>0x13</size>
         <input_file_ref idref="fl-a"/>
      </object_component>
      <object_component id="oc-1d7">
         <name>.const:.string:$P$T1$2</name>
         <load_address>0x639b</load_address>
         <run_address>0x639b</run_address>
         <size>0x13</size>
         <input_file_ref idref="fl-a"/>
      </object_component>
      <object_component id="oc-16b">
         <name>.const:.string:$P$T0$3</name>
         <load_address>0x63ae</load_address>
         <run_address>0x63ae</run_address>
         <size>0xf</size>
         <input_file_ref idref="fl-b"/>
      </object_component>
      <object_component id="oc-1cb">
         <name>.const:.string:lineAddresses$2</name>
         <load_address>0x63bd</load_address>
         <run_address>0x63bd</run_address>
         <size>0x4</size>
         <input_file_ref idref="fl-9"/>
      </object_component>
      <object_component id="oc-32b">
         <name>.cinit..data.load</name>
         <load_address>0x63c8</load_address>
         <run_address>0x63c8</run_address>
         <size>0x20</size>
      </object_component>
      <object_component id="oc-328">
         <name>__TI_handler_table</name>
         <load_address>0x63e8</load_address>
         <run_address>0x63e8</run_address>
         <size>0xc</size>
      </object_component>
      <object_component id="oc-32c">
         <name>.cinit..bss.load</name>
         <load_address>0x63f8</load_address>
         <run_address>0x63f8</run_address>
         <size>0x8</size>
      </object_component>
      <object_component id="oc-32a">
         <name>.cinit..vtable.load</name>
         <load_address>0x6400</load_address>
         <run_address>0x6400</run_address>
         <size>0x8</size>
      </object_component>
      <object_component id="oc-329">
         <name>__TI_cinit_table</name>
         <load_address>0x6408</load_address>
         <run_address>0x6408</run_address>
         <size>0x18</size>
      </object_component>
      <object_component id="oc-1ee">
         <name>.vtable</name>
         <uninitialized>true</uninitialized>
         <run_address>0x20000000</run_address>
         <size>0x26c</size>
         <input_file_ref idref="fl-f9"/>
      </object_component>
      <object_component id="oc-16a">
         <name>.data</name>
         <load_address>0x200022f0</load_address>
         <run_address>0x200022f0</run_address>
         <size>0x10</size>
         <input_file_ref idref="fl-b"/>
      </object_component>
      <object_component id="oc-1a0">
         <name>.data</name>
         <load_address>0x200022dc</load_address>
         <run_address>0x200022dc</run_address>
         <size>0x14</size>
         <input_file_ref idref="fl-c"/>
      </object_component>
      <object_component id="oc-22e">
         <name>.data</name>
         <load_address>0x20002320</load_address>
         <run_address>0x20002320</run_address>
         <size>0x4</size>
         <input_file_ref idref="fl-cf"/>
      </object_component>
      <object_component id="oc-b6">
         <name>.data:$O1$$</name>
         <load_address>0x20002300</load_address>
         <run_address>0x20002300</run_address>
         <size>0xc</size>
         <input_file_ref idref="fl-d0"/>
      </object_component>
      <object_component id="oc-1e8">
         <name>.data:$O1$$</name>
         <load_address>0x2000230c</load_address>
         <run_address>0x2000230c</run_address>
         <size>0xc</size>
         <input_file_ref idref="fl-da"/>
      </object_component>
      <object_component id="oc-78">
         <name>.data</name>
         <load_address>0x20002324</load_address>
         <run_address>0x20002324</run_address>
         <size>0x4</size>
         <input_file_ref idref="fl-e1"/>
      </object_component>
      <object_component id="oc-b9">
         <name>.data:$O1$$</name>
         <load_address>0x20002318</load_address>
         <run_address>0x20002318</run_address>
         <size>0x8</size>
         <input_file_ref idref="fl-e7"/>
      </object_component>
      <object_component id="oc-1cc">
         <name>.bss:lastbuffer$3</name>
         <uninitialized>true</uninitialized>
         <run_address>0x20002270</run_address>
         <size>0x54</size>
         <input_file_ref idref="fl-9"/>
      </object_component>
      <object_component id="oc-16e">
         <name>.bss:firmware$2</name>
         <uninitialized>true</uninitialized>
         <run_address>0x200022c4</run_address>
         <size>0x18</size>
         <input_file_ref idref="fl-b"/>
      </object_component>
      <object_component id="oc-2b">
         <name>.sysmem</name>
         <uninitialized>true</uninitialized>
         <run_address>0x20001270</run_address>
         <size>0x8</size>
         <input_file_ref idref="fl-da"/>
      </object_component>
      <object_component id="oc-32e">
         <name>.sysmem</name>
         <uninitialized>true</uninitialized>
         <run_address>0x20001270</run_address>
         <size>0x0</size>
      </object_component>
      <object_component id="oc-2a">
         <name>.stack</name>
         <uninitialized>true</uninitialized>
         <run_address>0x2000026c</run_address>
         <size>0x0</size>
         <input_file_ref idref="fl-c9"/>
      </object_component>
      <object_component id="oc-32d">
         <name>.stack</name>
         <uninitialized>true</uninitialized>
         <run_address>0x2000026c</run_address>
         <size>0x0</size>
      </object_component>
      <object_component id="oc-260">
         <name>.debug_info</name>
         <load_address>0x0</load_address>
         <run_address>0x0</run_address>
         <size>0x2ac</size>
         <input_file_ref idref="fl-2"/>
      </object_component>
      <object_component id="oc-202">
         <name>.debug_info</name>
         <load_address>0x2ac</load_address>
         <run_address>0x2ac</run_address>
         <size>0xc8</size>
         <input_file_ref idref="fl-2"/>
      </object_component>
      <object_component id="oc-3d">
         <name>.debug_info</name>
         <load_address>0x374</load_address>
         <run_address>0x374</run_address>
         <size>0x84</size>
         <input_file_ref idref="fl-2"/>
      </object_component>
      <object_component id="oc-83">
         <name>.debug_info</name>
         <load_address>0x3f8</load_address>
         <run_address>0x3f8</run_address>
         <size>0x18b</size>
         <input_file_ref idref="fl-2"/>
      </object_component>
      <object_component id="oc-1cf">
         <name>.debug_info</name>
         <load_address>0x583</load_address>
         <run_address>0x583</run_address>
         <size>0x4e</size>
         <input_file_ref idref="fl-2"/>
      </object_component>
      <object_component id="oc-115">
         <name>.debug_info</name>
         <load_address>0x5d1</load_address>
         <run_address>0x5d1</run_address>
         <size>0x572</size>
         <input_file_ref idref="fl-3"/>
      </object_component>
      <object_component id="oc-b0">
         <name>.debug_info</name>
         <load_address>0xb43</load_address>
         <run_address>0xb43</run_address>
         <size>0x2e5</size>
         <input_file_ref idref="fl-3"/>
      </object_component>
      <object_component id="oc-1e0">
         <name>.debug_info</name>
         <load_address>0xe28</load_address>
         <run_address>0xe28</run_address>
         <size>0x5aa</size>
         <input_file_ref idref="fl-3"/>
      </object_component>
      <object_component id="oc-1b6">
         <name>.debug_info</name>
         <load_address>0x13d2</load_address>
         <run_address>0x13d2</run_address>
         <size>0x2a3</size>
         <input_file_ref idref="fl-4"/>
      </object_component>
      <object_component id="oc-100">
         <name>.debug_info</name>
         <load_address>0x1675</load_address>
         <run_address>0x1675</run_address>
         <size>0x332</size>
         <input_file_ref idref="fl-4"/>
      </object_component>
      <object_component id="oc-172">
         <name>.debug_info</name>
         <load_address>0x19a7</load_address>
         <run_address>0x19a7</run_address>
         <size>0x2c</size>
         <input_file_ref idref="fl-4"/>
      </object_component>
      <object_component id="oc-1dd">
         <name>.debug_info</name>
         <load_address>0x19d3</load_address>
         <run_address>0x19d3</run_address>
         <size>0x36e</size>
         <input_file_ref idref="fl-6"/>
      </object_component>
      <object_component id="oc-110">
         <name>.debug_info</name>
         <load_address>0x1d41</load_address>
         <run_address>0x1d41</run_address>
         <size>0x7f9</size>
         <input_file_ref idref="fl-6"/>
      </object_component>
      <object_component id="oc-f7">
         <name>.debug_info</name>
         <load_address>0x253a</load_address>
         <run_address>0x253a</run_address>
         <size>0x190</size>
         <input_file_ref idref="fl-7"/>
      </object_component>
      <object_component id="oc-19f">
         <name>.debug_info</name>
         <load_address>0x26ca</load_address>
         <run_address>0x26ca</run_address>
         <size>0x426</size>
         <input_file_ref idref="fl-8"/>
      </object_component>
      <object_component id="oc-ed">
         <name>.debug_info</name>
         <load_address>0x2af0</load_address>
         <run_address>0x2af0</run_address>
         <size>0x5d8</size>
         <input_file_ref idref="fl-8"/>
      </object_component>
      <object_component id="oc-1ce">
         <name>.debug_info</name>
         <load_address>0x30c8</load_address>
         <run_address>0x30c8</run_address>
         <size>0x357</size>
         <input_file_ref idref="fl-9"/>
      </object_component>
      <object_component id="oc-1b9">
         <name>.debug_info</name>
         <load_address>0x341f</load_address>
         <run_address>0x341f</run_address>
         <size>0x108</size>
         <input_file_ref idref="fl-9"/>
      </object_component>
      <object_component id="oc-103">
         <name>.debug_info</name>
         <load_address>0x3527</load_address>
         <run_address>0x3527</run_address>
         <size>0x826</size>
         <input_file_ref idref="fl-9"/>
      </object_component>
      <object_component id="oc-1db">
         <name>.debug_info</name>
         <load_address>0x3d4d</load_address>
         <run_address>0x3d4d</run_address>
         <size>0x34f</size>
         <input_file_ref idref="fl-a"/>
      </object_component>
      <object_component id="oc-1d5">
         <name>.debug_info</name>
         <load_address>0x409c</load_address>
         <run_address>0x409c</run_address>
         <size>0xb0</size>
         <input_file_ref idref="fl-a"/>
      </object_component>
      <object_component id="oc-1d8">
         <name>.debug_info</name>
         <load_address>0x414c</load_address>
         <run_address>0x414c</run_address>
         <size>0xb0</size>
         <input_file_ref idref="fl-a"/>
      </object_component>
      <object_component id="oc-10a">
         <name>.debug_info</name>
         <load_address>0x41fc</load_address>
         <run_address>0x41fc</run_address>
         <size>0x1c4</size>
         <input_file_ref idref="fl-a"/>
      </object_component>
      <object_component id="oc-170">
         <name>.debug_info</name>
         <load_address>0x43c0</load_address>
         <run_address>0x43c0</run_address>
         <size>0x408</size>
         <input_file_ref idref="fl-b"/>
      </object_component>
      <object_component id="oc-16c">
         <name>.debug_info</name>
         <load_address>0x47c8</load_address>
         <run_address>0x47c8</run_address>
         <size>0xba</size>
         <input_file_ref idref="fl-b"/>
      </object_component>
      <object_component id="oc-13e">
         <name>.debug_info</name>
         <load_address>0x4882</load_address>
         <run_address>0x4882</run_address>
         <size>0x132</size>
         <input_file_ref idref="fl-b"/>
      </object_component>
      <object_component id="oc-df">
         <name>.debug_info</name>
         <load_address>0x49b4</load_address>
         <run_address>0x49b4</run_address>
         <size>0x14cc</size>
         <input_file_ref idref="fl-b"/>
      </object_component>
      <object_component id="oc-24a">
         <name>.debug_info</name>
         <load_address>0x5e80</load_address>
         <run_address>0x5e80</run_address>
         <size>0x2c1</size>
         <input_file_ref idref="fl-c"/>
      </object_component>
      <object_component id="oc-1a1">
         <name>.debug_info</name>
         <load_address>0x6141</load_address>
         <run_address>0x6141</run_address>
         <size>0x136</size>
         <input_file_ref idref="fl-c"/>
      </object_component>
      <object_component id="oc-f3">
         <name>.debug_info</name>
         <load_address>0x6277</load_address>
         <run_address>0x6277</run_address>
         <size>0x262</size>
         <input_file_ref idref="fl-c"/>
      </object_component>
      <object_component id="oc-1a4">
         <name>.debug_info</name>
         <load_address>0x64d9</load_address>
         <run_address>0x64d9</run_address>
         <size>0x8b</size>
         <input_file_ref idref="fl-c"/>
      </object_component>
      <object_component id="oc-e5">
         <name>.debug_info</name>
         <load_address>0x6564</load_address>
         <run_address>0x6564</run_address>
         <size>0x3d8</size>
         <input_file_ref idref="fl-d"/>
      </object_component>
      <object_component id="oc-36">
         <name>.debug_info</name>
         <load_address>0x693c</load_address>
         <run_address>0x693c</run_address>
         <size>0xe3</size>
         <input_file_ref idref="fl-e"/>
      </object_component>
      <object_component id="oc-10">
         <name>.debug_info</name>
         <load_address>0x6a1f</load_address>
         <run_address>0x6a1f</run_address>
         <size>0xce</size>
         <input_file_ref idref="fl-e"/>
      </object_component>
      <object_component id="oc-32">
         <name>.debug_info</name>
         <load_address>0x6aed</load_address>
         <run_address>0x6aed</run_address>
         <size>0x24a</size>
         <input_file_ref idref="fl-e"/>
      </object_component>
      <object_component id="oc-26">
         <name>.debug_info</name>
         <load_address>0x6d37</load_address>
         <run_address>0x6d37</run_address>
         <size>0x160</size>
         <input_file_ref idref="fl-c9"/>
      </object_component>
      <object_component id="oc-8d">
         <name>.debug_info</name>
         <load_address>0x6e97</load_address>
         <run_address>0x6e97</run_address>
         <size>0x293</size>
         <input_file_ref idref="fl-ca"/>
      </object_component>
      <object_component id="oc-13">
         <name>.debug_info</name>
         <load_address>0x712a</load_address>
         <run_address>0x712a</run_address>
         <size>0x245</size>
         <input_file_ref idref="fl-ca"/>
      </object_component>
      <object_component id="oc-38">
         <name>.debug_info</name>
         <load_address>0x736f</load_address>
         <run_address>0x736f</run_address>
         <size>0x60</size>
         <input_file_ref idref="fl-ca"/>
      </object_component>
      <object_component id="oc-88">
         <name>.debug_info</name>
         <load_address>0x73cf</load_address>
         <run_address>0x73cf</run_address>
         <size>0x46</size>
         <input_file_ref idref="fl-ca"/>
      </object_component>
      <object_component id="oc-4d">
         <name>.debug_info</name>
         <load_address>0x7415</load_address>
         <run_address>0x7415</run_address>
         <size>0x2da</size>
         <input_file_ref idref="fl-cb"/>
      </object_component>
      <object_component id="oc-19">
         <name>.debug_info</name>
         <load_address>0x76ef</load_address>
         <run_address>0x76ef</run_address>
         <size>0x1df</size>
         <input_file_ref idref="fl-cb"/>
      </object_component>
      <object_component id="oc-48">
         <name>.debug_info</name>
         <load_address>0x78ce</load_address>
         <run_address>0x78ce</run_address>
         <size>0x46</size>
         <input_file_ref idref="fl-cb"/>
      </object_component>
      <object_component id="oc-8f">
         <name>.debug_info</name>
         <load_address>0x7914</load_address>
         <run_address>0x7914</run_address>
         <size>0x2c</size>
         <input_file_ref idref="fl-cb"/>
      </object_component>
      <object_component id="oc-59">
         <name>.debug_info</name>
         <load_address>0x7940</load_address>
         <run_address>0x7940</run_address>
         <size>0x2c9</size>
         <input_file_ref idref="fl-cc"/>
      </object_component>
      <object_component id="oc-1f">
         <name>.debug_info</name>
         <load_address>0x7c09</load_address>
         <run_address>0x7c09</run_address>
         <size>0x1aa</size>
         <input_file_ref idref="fl-cc"/>
      </object_component>
      <object_component id="oc-54">
         <name>.debug_info</name>
         <load_address>0x7db3</load_address>
         <run_address>0x7db3</run_address>
         <size>0x46</size>
         <input_file_ref idref="fl-cc"/>
      </object_component>
      <object_component id="oc-97">
         <name>.debug_info</name>
         <load_address>0x7df9</load_address>
         <run_address>0x7df9</run_address>
         <size>0x2c</size>
         <input_file_ref idref="fl-cc"/>
      </object_component>
      <object_component id="oc-240">
         <name>.debug_info</name>
         <load_address>0x7e25</load_address>
         <run_address>0x7e25</run_address>
         <size>0x39b</size>
         <input_file_ref idref="fl-cd"/>
      </object_component>
      <object_component id="oc-232">
         <name>.debug_info</name>
         <load_address>0x81c0</load_address>
         <run_address>0x81c0</run_address>
         <size>0x11d</size>
         <input_file_ref idref="fl-cd"/>
      </object_component>
      <object_component id="oc-189">
         <name>.debug_info</name>
         <load_address>0x82dd</load_address>
         <run_address>0x82dd</run_address>
         <size>0xb75</size>
         <input_file_ref idref="fl-cd"/>
      </object_component>
      <object_component id="oc-228">
         <name>.debug_info</name>
         <load_address>0x8e52</load_address>
         <run_address>0x8e52</run_address>
         <size>0x39</size>
         <input_file_ref idref="fl-cd"/>
      </object_component>
      <object_component id="oc-245">
         <name>.debug_info</name>
         <load_address>0x8e8b</load_address>
         <run_address>0x8e8b</run_address>
         <size>0x2e3</size>
         <input_file_ref idref="fl-ce"/>
      </object_component>
      <object_component id="oc-199">
         <name>.debug_info</name>
         <load_address>0x916e</load_address>
         <run_address>0x916e</run_address>
         <size>0x240</size>
         <input_file_ref idref="fl-ce"/>
      </object_component>
      <object_component id="oc-22f">
         <name>.debug_info</name>
         <load_address>0x93ae</load_address>
         <run_address>0x93ae</run_address>
         <size>0xf3</size>
         <input_file_ref idref="fl-cf"/>
      </object_component>
      <object_component id="oc-bd">
         <name>.debug_info</name>
         <load_address>0x94a1</load_address>
         <run_address>0x94a1</run_address>
         <size>0x3ce</size>
         <input_file_ref idref="fl-d0"/>
      </object_component>
      <object_component id="oc-b7">
         <name>.debug_info</name>
         <load_address>0x986f</load_address>
         <run_address>0x986f</run_address>
         <size>0x185</size>
         <input_file_ref idref="fl-d0"/>
      </object_component>
      <object_component id="oc-76">
         <name>.debug_info</name>
         <load_address>0x99f4</load_address>
         <run_address>0x99f4</run_address>
         <size>0x214</size>
         <input_file_ref idref="fl-d0"/>
      </object_component>
      <object_component id="oc-18f">
         <name>.debug_info</name>
         <load_address>0x9c08</load_address>
         <run_address>0x9c08</run_address>
         <size>0x144</size>
         <input_file_ref idref="fl-d1"/>
      </object_component>
      <object_component id="oc-216">
         <name>.debug_info</name>
         <load_address>0x9d4c</load_address>
         <run_address>0x9d4c</run_address>
         <size>0x120</size>
         <input_file_ref idref="fl-d2"/>
      </object_component>
      <object_component id="oc-235">
         <name>.debug_info</name>
         <load_address>0x9e6c</load_address>
         <run_address>0x9e6c</run_address>
         <size>0x122</size>
         <input_file_ref idref="fl-d2"/>
      </object_component>
      <object_component id="oc-166">
         <name>.debug_info</name>
         <load_address>0x9f8e</load_address>
         <run_address>0x9f8e</run_address>
         <size>0x132</size>
         <input_file_ref idref="fl-d3"/>
      </object_component>
      <object_component id="oc-15c">
         <name>.debug_info</name>
         <load_address>0xa0c0</load_address>
         <run_address>0xa0c0</run_address>
         <size>0x132</size>
         <input_file_ref idref="fl-d4"/>
      </object_component>
      <object_component id="oc-163">
         <name>.debug_info</name>
         <load_address>0xa1f2</load_address>
         <run_address>0xa1f2</run_address>
         <size>0x126</size>
         <input_file_ref idref="fl-d5"/>
      </object_component>
      <object_component id="oc-185">
         <name>.debug_info</name>
         <load_address>0xa318</load_address>
         <run_address>0xa318</run_address>
         <size>0x136</size>
         <input_file_ref idref="fl-d6"/>
      </object_component>
      <object_component id="oc-194">
         <name>.debug_info</name>
         <load_address>0xa44e</load_address>
         <run_address>0xa44e</run_address>
         <size>0x124</size>
         <input_file_ref idref="fl-d7"/>
      </object_component>
      <object_component id="oc-158">
         <name>.debug_info</name>
         <load_address>0xa572</load_address>
         <run_address>0xa572</run_address>
         <size>0x124</size>
         <input_file_ref idref="fl-d8"/>
      </object_component>
      <object_component id="oc-45">
         <name>.debug_info</name>
         <load_address>0xa696</load_address>
         <run_address>0xa696</run_address>
         <size>0x111</size>
         <input_file_ref idref="fl-d9"/>
      </object_component>
      <object_component id="oc-7e">
         <name>.debug_info</name>
         <load_address>0xa7a7</load_address>
         <run_address>0xa7a7</run_address>
         <size>0x3bc</size>
         <input_file_ref idref="fl-da"/>
      </object_component>
      <object_component id="oc-2c">
         <name>.debug_info</name>
         <load_address>0xab63</load_address>
         <run_address>0xab63</run_address>
         <size>0x101</size>
         <input_file_ref idref="fl-da"/>
      </object_component>
      <object_component id="oc-1e9">
         <name>.debug_info</name>
         <load_address>0xac64</load_address>
         <run_address>0xac64</run_address>
         <size>0x14c</size>
         <input_file_ref idref="fl-da"/>
      </object_component>
      <object_component id="oc-13b">
         <name>.debug_info</name>
         <load_address>0xadb0</load_address>
         <run_address>0xadb0</run_address>
         <size>0x885</size>
         <input_file_ref idref="fl-da"/>
      </object_component>
      <object_component id="oc-c3">
         <name>.debug_info</name>
         <load_address>0xb635</load_address>
         <run_address>0xb635</run_address>
         <size>0x2c</size>
         <input_file_ref idref="fl-da"/>
      </object_component>
      <object_component id="oc-c8">
         <name>.debug_info</name>
         <load_address>0xb661</load_address>
         <run_address>0xb661</run_address>
         <size>0x62</size>
         <input_file_ref idref="fl-da"/>
      </object_component>
      <object_component id="oc-50">
         <name>.debug_info</name>
         <load_address>0xb6c3</load_address>
         <run_address>0xb6c3</run_address>
         <size>0x13f</size>
         <input_file_ref idref="fl-db"/>
      </object_component>
      <object_component id="oc-5c">
         <name>.debug_info</name>
         <load_address>0xb802</load_address>
         <run_address>0xb802</run_address>
         <size>0x138</size>
         <input_file_ref idref="fl-dc"/>
      </object_component>
      <object_component id="oc-63">
         <name>.debug_info</name>
         <load_address>0xb93a</load_address>
         <run_address>0xb93a</run_address>
         <size>0x148</size>
         <input_file_ref idref="fl-dd"/>
      </object_component>
      <object_component id="oc-227">
         <name>.debug_info</name>
         <load_address>0xba82</load_address>
         <run_address>0xba82</run_address>
         <size>0x3a5</size>
         <input_file_ref idref="fl-de"/>
      </object_component>
      <object_component id="oc-180">
         <name>.debug_info</name>
         <load_address>0xbe27</load_address>
         <run_address>0xbe27</run_address>
         <size>0x790</size>
         <input_file_ref idref="fl-de"/>
      </object_component>
      <object_component id="oc-2c7">
         <name>.debug_info</name>
         <load_address>0xc5b7</load_address>
         <run_address>0xc5b7</run_address>
         <size>0x316</size>
         <input_file_ref idref="fl-df"/>
      </object_component>
      <object_component id="oc-23d">
         <name>.debug_info</name>
         <load_address>0xc8cd</load_address>
         <run_address>0xc8cd</run_address>
         <size>0x1d5</size>
         <input_file_ref idref="fl-df"/>
      </object_component>
      <object_component id="oc-2b2">
         <name>.debug_info</name>
         <load_address>0xcaa2</load_address>
         <run_address>0xcaa2</run_address>
         <size>0x2c</size>
         <input_file_ref idref="fl-df"/>
      </object_component>
      <object_component id="oc-20e">
         <name>.debug_info</name>
         <load_address>0xcace</load_address>
         <run_address>0xcace</run_address>
         <size>0x355</size>
         <input_file_ref idref="fl-e0"/>
      </object_component>
      <object_component id="oc-178">
         <name>.debug_info</name>
         <load_address>0xce23</load_address>
         <run_address>0xce23</run_address>
         <size>0x2e4</size>
         <input_file_ref idref="fl-e0"/>
      </object_component>
      <object_component id="oc-252">
         <name>.debug_info</name>
         <load_address>0xd107</load_address>
         <run_address>0xd107</run_address>
         <size>0x2c</size>
         <input_file_ref idref="fl-e0"/>
      </object_component>
      <object_component id="oc-79">
         <name>.debug_info</name>
         <load_address>0xd133</load_address>
         <run_address>0xd133</run_address>
         <size>0x109</size>
         <input_file_ref idref="fl-e1"/>
      </object_component>
      <object_component id="oc-1ed">
         <name>.debug_info</name>
         <load_address>0xd23c</load_address>
         <run_address>0xd23c</run_address>
         <size>0x27f</size>
         <input_file_ref idref="fl-e2"/>
      </object_component>
      <object_component id="oc-145">
         <name>.debug_info</name>
         <load_address>0xd4bb</load_address>
         <run_address>0xd4bb</run_address>
         <size>0x258</size>
         <input_file_ref idref="fl-e2"/>
      </object_component>
      <object_component id="oc-25d">
         <name>.debug_info</name>
         <load_address>0xd713</load_address>
         <run_address>0xd713</run_address>
         <size>0x28a</size>
         <input_file_ref idref="fl-e3"/>
      </object_component>
      <object_component id="oc-1c8">
         <name>.debug_info</name>
         <load_address>0xd99d</load_address>
         <run_address>0xd99d</run_address>
         <size>0x231</size>
         <input_file_ref idref="fl-e3"/>
      </object_component>
      <object_component id="oc-24d">
         <name>.debug_info</name>
         <load_address>0xdbce</load_address>
         <run_address>0xdbce</run_address>
         <size>0x284</size>
         <input_file_ref idref="fl-e4"/>
      </object_component>
      <object_component id="oc-1b2">
         <name>.debug_info</name>
         <load_address>0xde52</load_address>
         <run_address>0xde52</run_address>
         <size>0x22a</size>
         <input_file_ref idref="fl-e4"/>
      </object_component>
      <object_component id="oc-1aa">
         <name>.debug_info</name>
         <load_address>0xe07c</load_address>
         <run_address>0xe07c</run_address>
         <size>0x126</size>
         <input_file_ref idref="fl-e5"/>
      </object_component>
      <object_component id="oc-251">
         <name>.debug_info</name>
         <load_address>0xe1a2</load_address>
         <run_address>0xe1a2</run_address>
         <size>0x362</size>
         <input_file_ref idref="fl-e6"/>
      </object_component>
      <object_component id="oc-1c2">
         <name>.debug_info</name>
         <load_address>0xe504</load_address>
         <run_address>0xe504</run_address>
         <size>0x35c</size>
         <input_file_ref idref="fl-e6"/>
      </object_component>
      <object_component id="oc-257">
         <name>.debug_info</name>
         <load_address>0xe860</load_address>
         <run_address>0xe860</run_address>
         <size>0x69</size>
         <input_file_ref idref="fl-e6"/>
      </object_component>
      <object_component id="oc-127">
         <name>.debug_info</name>
         <load_address>0xe8c9</load_address>
         <run_address>0xe8c9</run_address>
         <size>0x2be</size>
         <input_file_ref idref="fl-e7"/>
      </object_component>
      <object_component id="oc-ba">
         <name>.debug_info</name>
         <load_address>0xeb87</load_address>
         <run_address>0xeb87</run_address>
         <size>0x113</size>
         <input_file_ref idref="fl-e7"/>
      </object_component>
      <object_component id="oc-121">
         <name>.debug_info</name>
         <load_address>0xec9a</load_address>
         <run_address>0xec9a</run_address>
         <size>0x21f</size>
         <input_file_ref idref="fl-e7"/>
      </object_component>
      <object_component id="oc-296">
         <name>.debug_info</name>
         <load_address>0xeeb9</load_address>
         <run_address>0xeeb9</run_address>
         <size>0x51f</size>
         <input_file_ref idref="fl-e8"/>
      </object_component>
      <object_component id="oc-20a">
         <name>.debug_info</name>
         <load_address>0xf3d8</load_address>
         <run_address>0xf3d8</run_address>
         <size>0x1543</size>
         <input_file_ref idref="fl-e8"/>
      </object_component>
      <object_component id="oc-297">
         <name>.debug_info</name>
         <load_address>0x1091b</load_address>
         <run_address>0x1091b</run_address>
         <size>0x86</size>
         <input_file_ref idref="fl-e8"/>
      </object_component>
      <object_component id="oc-2e6">
         <name>.debug_info</name>
         <load_address>0x109a1</load_address>
         <run_address>0x109a1</run_address>
         <size>0x46</size>
         <input_file_ref idref="fl-e8"/>
      </object_component>
      <object_component id="oc-29c">
         <name>.debug_info</name>
         <load_address>0x109e7</load_address>
         <run_address>0x109e7</run_address>
         <size>0x39</size>
         <input_file_ref idref="fl-e8"/>
      </object_component>
      <object_component id="oc-b5">
         <name>.debug_info</name>
         <load_address>0x10a20</load_address>
         <run_address>0x10a20</run_address>
         <size>0x300</size>
         <input_file_ref idref="fl-e9"/>
      </object_component>
      <object_component id="oc-6e">
         <name>.debug_info</name>
         <load_address>0x10d20</load_address>
         <run_address>0x10d20</run_address>
         <size>0x167</size>
         <input_file_ref idref="fl-e9"/>
      </object_component>
      <object_component id="oc-118">
         <name>.debug_info</name>
         <load_address>0x10e87</load_address>
         <run_address>0x10e87</run_address>
         <size>0x5e</size>
         <input_file_ref idref="fl-e9"/>
      </object_component>
      <object_component id="oc-2e1">
         <name>.debug_info</name>
         <load_address>0x10ee5</load_address>
         <run_address>0x10ee5</run_address>
         <size>0x2ae</size>
         <input_file_ref idref="fl-ea"/>
      </object_component>
      <object_component id="oc-28a">
         <name>.debug_info</name>
         <load_address>0x11193</load_address>
         <run_address>0x11193</run_address>
         <size>0x171</size>
         <input_file_ref idref="fl-ea"/>
      </object_component>
      <object_component id="oc-ad">
         <name>.debug_info</name>
         <load_address>0x11304</load_address>
         <run_address>0x11304</run_address>
         <size>0x483</size>
         <input_file_ref idref="fl-eb"/>
      </object_component>
      <object_component id="oc-67">
         <name>.debug_info</name>
         <load_address>0x11787</load_address>
         <run_address>0x11787</run_address>
         <size>0x190</size>
         <input_file_ref idref="fl-eb"/>
      </object_component>
      <object_component id="oc-d4">
         <name>.debug_info</name>
         <load_address>0x11917</load_address>
         <run_address>0x11917</run_address>
         <size>0x39</size>
         <input_file_ref idref="fl-eb"/>
      </object_component>
      <object_component id="oc-132">
         <name>.debug_info</name>
         <load_address>0x11950</load_address>
         <run_address>0x11950</run_address>
         <size>0x39</size>
         <input_file_ref idref="fl-eb"/>
      </object_component>
      <object_component id="oc-d9">
         <name>.debug_info</name>
         <load_address>0x11989</load_address>
         <run_address>0x11989</run_address>
         <size>0xcd</size>
         <input_file_ref idref="fl-eb"/>
      </object_component>
      <object_component id="oc-d0">
         <name>.debug_info</name>
         <load_address>0x11a56</load_address>
         <run_address>0x11a56</run_address>
         <size>0x37a</size>
         <input_file_ref idref="fl-ec"/>
      </object_component>
      <object_component id="oc-a3">
         <name>.debug_info</name>
         <load_address>0x11dd0</load_address>
         <run_address>0x11dd0</run_address>
         <size>0x183</size>
         <input_file_ref idref="fl-ec"/>
      </object_component>
      <object_component id="oc-12d">
         <name>.debug_info</name>
         <load_address>0x11f53</load_address>
         <run_address>0x11f53</run_address>
         <size>0x2c</size>
         <input_file_ref idref="fl-ec"/>
      </object_component>
      <object_component id="oc-300">
         <name>.debug_info</name>
         <load_address>0x11f7f</load_address>
         <run_address>0x11f7f</run_address>
         <size>0xee</size>
         <input_file_ref idref="fl-ed"/>
      </object_component>
      <object_component id="oc-2de">
         <name>.debug_info</name>
         <load_address>0x1206d</load_address>
         <run_address>0x1206d</run_address>
         <size>0xfa</size>
         <input_file_ref idref="fl-ed"/>
      </object_component>
      <object_component id="oc-2a4">
         <name>.debug_info</name>
         <load_address>0x12167</load_address>
         <run_address>0x12167</run_address>
         <size>0x278</size>
         <input_file_ref idref="fl-ee"/>
      </object_component>
      <object_component id="oc-212">
         <name>.debug_info</name>
         <load_address>0x123df</load_address>
         <run_address>0x123df</run_address>
         <size>0x31c</size>
         <input_file_ref idref="fl-ee"/>
      </object_component>
      <object_component id="oc-2b0">
         <name>.debug_info</name>
         <load_address>0x126fb</load_address>
         <run_address>0x126fb</run_address>
         <size>0x39a</size>
         <input_file_ref idref="fl-ef"/>
      </object_component>
      <object_component id="oc-2ad">
         <name>.debug_info</name>
         <load_address>0x12a95</load_address>
         <run_address>0x12a95</run_address>
         <size>0x12f</size>
         <input_file_ref idref="fl-ef"/>
      </object_component>
      <object_component id="oc-21b">
         <name>.debug_info</name>
         <load_address>0x12bc4</load_address>
         <run_address>0x12bc4</run_address>
         <size>0x724</size>
         <input_file_ref idref="fl-ef"/>
      </object_component>
      <object_component id="oc-2b8">
         <name>.debug_info</name>
         <load_address>0x132e8</load_address>
         <run_address>0x132e8</run_address>
         <size>0x27d</size>
         <input_file_ref idref="fl-f0"/>
      </object_component>
      <object_component id="oc-221">
         <name>.debug_info</name>
         <load_address>0x13565</load_address>
         <run_address>0x13565</run_address>
         <size>0x375</size>
         <input_file_ref idref="fl-f0"/>
      </object_component>
      <object_component id="oc-2d8">
         <name>.debug_info</name>
         <load_address>0x138da</load_address>
         <run_address>0x138da</run_address>
         <size>0x2e6</size>
         <input_file_ref idref="fl-f1"/>
      </object_component>
      <object_component id="oc-27a">
         <name>.debug_info</name>
         <load_address>0x13bc0</load_address>
         <run_address>0x13bc0</run_address>
         <size>0x1c2</size>
         <input_file_ref idref="fl-f1"/>
      </object_component>
      <object_component id="oc-2e3">
         <name>.debug_info</name>
         <load_address>0x13d82</load_address>
         <run_address>0x13d82</run_address>
         <size>0x28b</size>
         <input_file_ref idref="fl-f2"/>
      </object_component>
      <object_component id="oc-293">
         <name>.debug_info</name>
         <load_address>0x1400d</load_address>
         <run_address>0x1400d</run_address>
         <size>0x1ab</size>
         <input_file_ref idref="fl-f2"/>
      </object_component>
      <object_component id="oc-2c2">
         <name>.debug_info</name>
         <load_address>0x141b8</load_address>
         <run_address>0x141b8</run_address>
         <size>0x156</size>
         <input_file_ref idref="fl-f3"/>
      </object_component>
      <object_component id="oc-2ee">
         <name>.debug_info</name>
         <load_address>0x1430e</load_address>
         <run_address>0x1430e</run_address>
         <size>0x2ce</size>
         <input_file_ref idref="fl-f4"/>
      </object_component>
      <object_component id="oc-2a8">
         <name>.debug_info</name>
         <load_address>0x145dc</load_address>
         <run_address>0x145dc</run_address>
         <size>0x21f</size>
         <input_file_ref idref="fl-f4"/>
      </object_component>
      <object_component id="oc-2da">
         <name>.debug_info</name>
         <load_address>0x147fb</load_address>
         <run_address>0x147fb</run_address>
         <size>0x2d9</size>
         <input_file_ref idref="fl-f5"/>
      </object_component>
      <object_component id="oc-27e">
         <name>.debug_info</name>
         <load_address>0x14ad4</load_address>
         <run_address>0x14ad4</run_address>
         <size>0x18a</size>
         <input_file_ref idref="fl-f5"/>
      </object_component>
      <object_component id="oc-a7">
         <name>.debug_info</name>
         <load_address>0x14c5e</load_address>
         <run_address>0x14c5e</run_address>
         <size>0x145</size>
         <input_file_ref idref="fl-f6"/>
      </object_component>
      <object_component id="oc-2dc">
         <name>.debug_info</name>
         <load_address>0x14da3</load_address>
         <run_address>0x14da3</run_address>
         <size>0x28f</size>
         <input_file_ref idref="fl-f7"/>
      </object_component>
      <object_component id="oc-287">
         <name>.debug_info</name>
         <load_address>0x15032</load_address>
         <run_address>0x15032</run_address>
         <size>0x244</size>
         <input_file_ref idref="fl-f7"/>
      </object_component>
      <object_component id="oc-274">
         <name>.debug_info</name>
         <load_address>0x15276</load_address>
         <run_address>0x15276</run_address>
         <size>0x17d</size>
         <input_file_ref idref="fl-f8"/>
      </object_component>
      <object_component id="oc-1f2">
         <name>.debug_info</name>
         <load_address>0x153f3</load_address>
         <run_address>0x153f3</run_address>
         <size>0x20e</size>
         <input_file_ref idref="fl-f9"/>
      </object_component>
      <object_component id="oc-1ef">
         <name>.debug_info</name>
         <load_address>0x15601</load_address>
         <run_address>0x15601</run_address>
         <size>0x157</size>
         <input_file_ref idref="fl-f9"/>
      </object_component>
      <object_component id="oc-14e">
         <name>.debug_info</name>
         <load_address>0x15758</load_address>
         <run_address>0x15758</run_address>
         <size>0x2c1</size>
         <input_file_ref idref="fl-f9"/>
      </object_component>
      <object_component id="oc-154">
         <name>.debug_info</name>
         <load_address>0x15a19</load_address>
         <run_address>0x15a19</run_address>
         <size>0x23e</size>
         <input_file_ref idref="fl-f9"/>
      </object_component>
      <object_component id="oc-1f5">
         <name>.debug_info</name>
         <load_address>0x15c57</load_address>
         <run_address>0x15c57</run_address>
         <size>0x212</size>
         <input_file_ref idref="fl-fa"/>
      </object_component>
      <object_component id="oc-32f">
         <name>.debug_info</name>
         <load_address>0x15e69</load_address>
         <run_address>0x15e69</run_address>
         <size>0x84</size>
      </object_component>
      <object_component id="oc-2d5">
         <name>.debug_line</name>
         <load_address>0x0</load_address>
         <run_address>0x0</run_address>
         <size>0x63</size>
         <input_file_ref idref="fl-2"/>
      </object_component>
      <object_component id="oc-205">
         <name>.debug_line</name>
         <load_address>0x63</load_address>
         <run_address>0x63</run_address>
         <size>0x64</size>
         <input_file_ref idref="fl-2"/>
      </object_component>
      <object_component id="oc-40">
         <name>.debug_line</name>
         <load_address>0xc7</load_address>
         <run_address>0xc7</run_address>
         <size>0x20</size>
         <input_file_ref idref="fl-2"/>
      </object_component>
      <object_component id="oc-86">
         <name>.debug_line</name>
         <load_address>0xe7</load_address>
         <run_address>0xe7</run_address>
         <size>0x65</size>
         <input_file_ref idref="fl-2"/>
      </object_component>
      <object_component id="oc-1d2">
         <name>.debug_line</name>
         <load_address>0x14c</load_address>
         <run_address>0x14c</run_address>
         <size>0x65</size>
         <input_file_ref idref="fl-2"/>
      </object_component>
      <object_component id="oc-1df">
         <name>.debug_line</name>
         <load_address>0x1b1</load_address>
         <run_address>0x1b1</run_address>
         <size>0xcb</size>
         <input_file_ref idref="fl-3"/>
      </object_component>
      <object_component id="oc-af">
         <name>.debug_line</name>
         <load_address>0x27c</load_address>
         <run_address>0x27c</run_address>
         <size>0xcf</size>
         <input_file_ref idref="fl-3"/>
      </object_component>
      <object_component id="oc-1e3">
         <name>.debug_line</name>
         <load_address>0x34b</load_address>
         <run_address>0x34b</run_address>
         <size>0x37</size>
         <input_file_ref idref="fl-3"/>
      </object_component>
      <object_component id="oc-24f">
         <name>.debug_line</name>
         <load_address>0x382</load_address>
         <run_address>0x382</run_address>
         <size>0x65</size>
         <input_file_ref idref="fl-4"/>
      </object_component>
      <object_component id="oc-fd">
         <name>.debug_line</name>
         <load_address>0x3e7</load_address>
         <run_address>0x3e7</run_address>
         <size>0xdb</size>
         <input_file_ref idref="fl-4"/>
      </object_component>
      <object_component id="oc-175">
         <name>.debug_line</name>
         <load_address>0x4c2</load_address>
         <run_address>0x4c2</run_address>
         <size>0x2e</size>
         <input_file_ref idref="fl-4"/>
      </object_component>
      <object_component id="oc-268">
         <name>.debug_line</name>
         <load_address>0x4f0</load_address>
         <run_address>0x4f0</run_address>
         <size>0x4a</size>
         <input_file_ref idref="fl-6"/>
      </object_component>
      <object_component id="oc-112">
         <name>.debug_line</name>
         <load_address>0x53a</load_address>
         <run_address>0x53a</run_address>
         <size>0x1ca</size>
         <input_file_ref idref="fl-6"/>
      </object_component>
      <object_component id="oc-fa">
         <name>.debug_line</name>
         <load_address>0x704</load_address>
         <run_address>0x704</run_address>
         <size>0x74</size>
         <input_file_ref idref="fl-7"/>
      </object_component>
      <object_component id="oc-247">
         <name>.debug_line</name>
         <load_address>0x778</load_address>
         <run_address>0x778</run_address>
         <size>0xe0</size>
         <input_file_ref idref="fl-8"/>
      </object_component>
      <object_component id="oc-eb">
[...]
         <name>oi_parseInt</name>
         <value>0x5feb</value>
         <object_component_ref idref="oc-13d"/>
      </symbol>
      <symbol id="sm-234">
         <name>oi_uartSendStr</name>
         <value>0x1b2b</value>
         <object_component_ref idref="oc-de"/>
      </symbol>
      <symbol id="sm-235">
         <name>oi_close</name>
         <value>0x1403</value>
         <object_component_ref idref="oc-de"/>
      </symbol>
      <symbol id="sm-236">
         <name>oi_uartSendBuff</name>
         <value>0x1b49</value>
         <object_component_ref idref="oc-de"/>
      </symbol>
      <symbol id="sm-237">
         <name>oi_checkFirmware</name>
         <value>0x1b7b</value>
         <object_component_ref idref="oc-de"/>
      </symbol>
      <symbol id="sm-238">
         <name>oi_init_noupdate</name>
         <value>0x13c9</value>
         <object_component_ref idref="oc-de"/>
      </symbol>
      <symbol id="sm-239">
         <name>oi_uartSendChar</name>
         <value>0x1ae7</value>
         <object_component_ref idref="oc-de"/>
      </symbol>
      <symbol id="sm-23a">
         <name>oi_alloc</name>
         <value>0x13ad</value>
         <object_component_ref idref="oc-de"/>
      </symbol>
      <symbol id="sm-23b">
         <name>oi_loadSong</name>
         <value>0x19e7</value>
         <object_component_ref idref="oc-de"/>
      </symbol>
      <symbol id="sm-23c">
         <name>oi_play_song</name>
         <value>0x1a3d</value>
         <object_component_ref idref="oc-de"/>
      </symbol>
      <symbol id="sm-23d">
         <name>oi_parsePacket</name>
         <value>0x1467</value>
         <object_component_ref idref="oc-de"/>
      </symbol>
      <symbol id="sm-23e">
         <name>oi_setLeds</name>
         <value>0x1961</value>
         <object_component_ref idref="oc-de"/>
      </symbol>
      <symbol id="sm-23f">
         <name>oi_init</name>
         <value>0x13ed</value>
         <object_component_ref idref="oc-de"/>
      </symbol>
      <symbol id="sm-240">
         <name>oi_update</name>
         <value>0x1415</value>
         <object_component_ref idref="oc-de"/>
      </symbol>
      <symbol id="sm-241">
         <name>oi_uartInit</name>
         <value>0x1a5f</value>
         <object_component_ref idref="oc-de"/>
      </symbol>
      <symbol id="sm-282">
         <name>rising</name>
         <value>0x200022e0</value>
         <object_component_ref idref="oc-1a0"/>
      </symbol>
      <symbol id="sm-283">
         <name>send_pulse</name>
         <value>0x44c5</value>
         <object_component_ref idref="oc-f0"/>
      </symbol>
      <symbol id="sm-284">
         <name>isRisingEdge</name>
         <value>0x200022e8</value>
         <object_component_ref idref="oc-1a0"/>
      </symbol>
      <symbol id="sm-285">
         <name>pulseW</name>
         <value>0x200022dc</value>
         <object_component_ref idref="oc-1a0"/>
      </symbol>
      <symbol id="sm-286">
         <name>falling</name>
         <value>0x200022e4</value>
         <object_component_ref idref="oc-1a0"/>
      </symbol>
      <symbol id="sm-287">
         <name>reNumedge</name>
         <value>0x200022ec</value>
         <object_component_ref idref="oc-1a0"/>
      </symbol>
      <symbol id="sm-288">
         <name>TIMER3B_Handler</name>
         <value>0x451f</value>
         <object_component_ref idref="oc-f0"/>
      </symbol>
      <symbol id="sm-289">
         <name>ping_init</name>
         <value>0x4587</value>
         <object_component_ref idref="oc-f0"/>
      </symbol>
      <symbol id="sm-28a">
         <name>ping_getDistance</name>
         <value>0x461b</value>
         <object_component_ref idref="oc-f0"/>
      </symbol>
      <symbol id="sm-2ab">
         <name>timer_startClock</name>
         <value>0x511d</value>
         <object_component_ref idref="oc-e4"/>
      </symbol>
      <symbol id="sm-2ac">
         <name>timer_stopClock</name>
         <value>0x516f</value>
         <object_component_ref idref="oc-e4"/>
      </symbol>
      <symbol id="sm-2ad">
         <name>timer_getClock</name>
         <value>0x5169</value>
         <object_component_ref idref="oc-e4"/>
      </symbol>
      <symbol id="sm-2ae">
         <name>timer_stopTimer</name>
         <value>0x5107</value>
         <object_component_ref idref="oc-e4"/>
      </symbol>
      <symbol id="sm-2af">
         <name>timer_startTimer</name>
         <value>0x50b7</value>
         <object_component_ref idref="oc-e4"/>
      </symbol>
      <symbol id="sm-2b0">
         <name>timer_waitMillis</name>
         <value>0x5059</value>
         <object_component_ref idref="oc-e4"/>
      </symbol>
      <symbol id="sm-2b1">
         <name>timer_waitMicros</name>
         <value>0x508d</value>
         <object_component_ref idref="oc-e4"/>
      </symbol>
      <symbol id="sm-2cd">
         <name>ResetISR</name>
         <value>0x60e3</value>
         <object_component_ref idref="oc-2e"/>
      </symbol>
      <symbol id="sm-2ce">
         <name>g_pfnVectors</name>
         <value>0x0</value>
         <object_component_ref idref="oc-f"/>
      </symbol>
      <symbol id="sm-2df">
         <name>_c_int00</name>
         <value>0x5d39</value>
         <object_component_ref idref="oc-24"/>
      </symbol>
      <symbol id="sm-2e0">
         <name>__stack</name>
         <value>0x2000026c</value>
         <object_component_ref idref="oc-2a"/>
      </symbol>
      <symbol id="sm-2fe">
         <name>__TI_decompress_lzss</name>
         <value>0x5bb3</value>
         <object_component_ref idref="oc-12"/>
      </symbol>
      <symbol id="sm-315">
         <name>__TI_decompress_none</name>
         <value>0x60bd</value>
         <object_component_ref idref="oc-18"/>
      </symbol>
      <symbol id="sm-32c">
         <name>__TI_zero_init</name>
         <value>0x60d7</value>
         <object_component_ref idref="oc-1e"/>
      </symbol>
      <symbol id="sm-3bc">
         <name>pow</name>
         <value>0x1e31</value>
         <object_component_ref idref="oc-188"/>
      </symbol>
      <symbol id="sm-3bd">
         <name>powl</name>
         <value>0x1e31</value>
         <object_component_ref idref="oc-188"/>
      </symbol>
      <symbol id="sm-3e1">
         <name>sqrtl</name>
         <value>0x4d7d</value>
         <object_component_ref idref="oc-198"/>
      </symbol>
      <symbol id="sm-3e2">
         <name>sqrt</name>
         <value>0x4d7d</value>
         <object_component_ref idref="oc-198"/>
      </symbol>
      <symbol id="sm-3ea">
         <name>errno</name>
         <value>0x20002320</value>
         <object_component_ref idref="oc-22e"/>
      </symbol>
      <symbol id="sm-40b">
         <name>C$$EXIT</name>
         <value>0x5d8d</value>
         <object_component_ref idref="oc-72"/>
      </symbol>
      <symbol id="sm-40c">
         <name>abort</name>
         <value>0x5d91</value>
         <object_component_ref idref="oc-72"/>
      </symbol>
      <symbol id="sm-40d">
         <name>exit</name>
         <value>0x5d99</value>
         <object_component_ref idref="oc-72"/>
      </symbol>
      <symbol id="sm-40e">
         <name>__TI_dtors_ptr</name>
         <value>0x20002304</value>
         <object_component_ref idref="oc-b6"/>
      </symbol>
      <symbol id="sm-40f">
         <name>__TI_cleanup_ptr</name>
         <value>0x20002300</value>
         <object_component_ref idref="oc-b6"/>
      </symbol>
      <symbol id="sm-410">
         <name>__TI_enable_exit_profile_output</name>
         <value>0x20002308</value>
         <object_component_ref idref="oc-b6"/>
      </symbol>
      <symbol id="sm-427">
         <name>__aeabi_dsub</name>
         <value>0x48d1</value>
         <object_component_ref idref="oc-18e"/>
      </symbol>
      <symbol id="sm-428">
         <name>__aeabi_dadd</name>
         <value>0x48db</value>
         <object_component_ref idref="oc-18e"/>
      </symbol>
      <symbol id="sm-44a">
         <name>__aeabi_cdcmpeq</name>
         <value>0x594d</value>
         <object_component_ref idref="oc-215"/>
      </symbol>
      <symbol id="sm-44b">
         <name>__aeabi_cdcmple</name>
         <value>0x594d</value>
         <object_component_ref idref="oc-215"/>
      </symbol>
      <symbol id="sm-44c">
         <name>__aeabi_cdrcmple</name>
         <value>0x59d3</value>
         <object_component_ref idref="oc-234"/>
      </symbol>
      <symbol id="sm-460">
         <name>__aeabi_ddiv</name>
         <value>0x51b1</value>
         <object_component_ref idref="oc-165"/>
      </symbol>
      <symbol id="sm-46b">
         <name>__aeabi_dmul</name>
         <value>0x5537</value>
         <object_component_ref idref="oc-15b"/>
      </symbol>
      <symbol id="sm-475">
         <name>__aeabi_d2iz</name>
         <value>0x5ecd</value>
         <object_component_ref idref="oc-160"/>
      </symbol>
      <symbol id="sm-481">
         <name>__aeabi_d2f</name>
         <value>0x5b45</value>
         <object_component_ref idref="oc-183"/>
      </symbol>
      <symbol id="sm-48c">
         <name>__aeabi_f2d</name>
         <value>0x5f15</value>
         <object_component_ref idref="oc-193"/>
      </symbol>
      <symbol id="sm-496">
         <name>__aeabi_i2d</name>
         <value>0x5f81</value>
         <object_component_ref idref="oc-156"/>
      </symbol>
      <symbol id="sm-4b1">
         <name>memcpy</name>
         <value>0x5829</value>
         <object_component_ref idref="oc-42"/>
      </symbol>
      <symbol id="sm-4b2">
         <name>__aeabi_memcpy</name>
         <value>0x5829</value>
         <object_component_ref idref="oc-42"/>
      </symbol>
      <symbol id="sm-4b3">
         <name>__aeabi_memcpy8</name>
         <value>0x5829</value>
         <object_component_ref idref="oc-42"/>
      </symbol>
      <symbol id="sm-4b4">
         <name>__aeabi_memcpy4</name>
         <value>0x5829</value>
         <object_component_ref idref="oc-42"/>
      </symbol>
      <symbol id="sm-528">
         <name>_sys_memory</name>
         <value>0x20001270</value>
         <object_component_ref idref="oc-2b"/>
      </symbol>
      <symbol id="sm-529">
         <name>free</name>
         <value>0x3ef3</value>
         <object_component_ref idref="oc-137"/>
      </symbol>
      <symbol id="sm-52a">
         <name>realloc</name>
         <value>0x3fb5</value>
         <object_component_ref idref="oc-137"/>
      </symbol>
      <symbol id="sm-52b">
         <name>memalign</name>
         <value>0x40bd</value>
         <object_component_ref idref="oc-137"/>
      </symbol>
      <symbol id="sm-52c">
         <name>calloc</name>
         <value>0x41a9</value>
         <object_component_ref idref="oc-137"/>
      </symbol>
      <symbol id="sm-52d">
         <name>malloc</name>
         <value>0x3e89</value>
         <object_component_ref idref="oc-137"/>
      </symbol>
      <symbol id="sm-52e">
         <name>minit</name>
         <value>0x3e09</value>
         <object_component_ref idref="oc-137"/>
      </symbol>
      <symbol id="sm-53d">
         <name>__aeabi_memset</name>
         <value>0x5a5b</value>
         <object_component_ref idref="oc-4e"/>
      </symbol>
      <symbol id="sm-53e">
         <name>memset</name>
         <value>0x5a61</value>
         <object_component_ref idref="oc-4e"/>
      </symbol>
      <symbol id="sm-53f">
         <name>__aeabi_memset8</name>
         <value>0x5a5b</value>
         <object_component_ref idref="oc-4e"/>
      </symbol>
      <symbol id="sm-540">
         <name>__aeabi_memset4</name>
         <value>0x5a5b</value>
         <object_component_ref idref="oc-4e"/>
      </symbol>
      <symbol id="sm-541">
         <name>__aeabi_memclr8</name>
         <value>0x5a59</value>
         <object_component_ref idref="oc-4e"/>
      </symbol>
      <symbol id="sm-542">
         <name>__aeabi_memclr4</name>
         <value>0x5a59</value>
         <object_component_ref idref="oc-4e"/>
      </symbol>
      <symbol id="sm-543">
         <name>__aeabi_memclr</name>
         <value>0x5a59</value>
         <object_component_ref idref="oc-4e"/>
      </symbol>
      <symbol id="sm-54d">
         <name>__mpu_init</name>
         <value>0x13ab</value>
         <object_component_ref idref="oc-5a"/>
      </symbol>
      <symbol id="sm-557">
         <name>_system_pre_init</name>
         <value>0x60ef</value>
         <object_component_ref idref="oc-60"/>
      </symbol>
      <symbol id="sm-5a8">
         <name>cosl</name>
         <value>0x2f15</value>
         <object_component_ref idref="oc-17d"/>
      </symbol>
      <symbol id="sm-5a9">
         <name>cos</name>
         <value>0x2f15</value>
         <object_component_ref idref="oc-17d"/>
      </symbol>
      <symbol id="sm-5cb">
         <name>scalbn</name>
         <value>0x5635</value>
         <object_component_ref idref="oc-239"/>
      </symbol>
      <symbol id="sm-5cc">
         <name>scalbnl</name>
         <value>0x5635</value>
         <object_component_ref idref="oc-239"/>
      </symbol>
      <symbol id="sm-5cd">
         <name>ldexpl</name>
         <value>0x5635</value>
         <object_component_ref idref="oc-239"/>
      </symbol>
      <symbol id="sm-5ce">
         <name>ldexp</name>
         <value>0x5635</value>
         <object_component_ref idref="oc-239"/>
      </symbol>
      <symbol id="sm-5e7">
         <name>sprintf</name>
         <value>0x5c81</value>
         <object_component_ref idref="oc-177"/>
      </symbol>
      <symbol id="sm-5ef">
         <name>main_func_sp</name>
         <value>0x20002324</value>
         <object_component_ref idref="oc-78"/>
      </symbol>
      <symbol id="sm-5fe">
         <name>strcmp</name>
         <value>0x601d</value>
         <object_component_ref idref="oc-144"/>
      </symbol>
      <symbol id="sm-60c">
         <name>strcpy</name>
         <value>0x6075</value>
         <object_component_ref idref="oc-1c4"/>
      </symbol>
      <symbol id="sm-61a">
         <name>strlen</name>
         <value>0x6089</value>
         <object_component_ref idref="oc-1af"/>
      </symbol>
      <symbol id="sm-624">
         <name>__aeabi_ui2d</name>
         <value>0x5faf</value>
         <object_component_ref idref="oc-1a9"/>
      </symbol>
      <symbol id="sm-640">
         <name>vsnprintf</name>
         <value>0x58c5</value>
         <object_component_ref idref="oc-1be"/>
      </symbol>
      <symbol id="sm-659">
         <name>_nop</name>
         <value>0x605b</value>
         <object_component_ref idref="oc-11f"/>
      </symbol>
      <symbol id="sm-65a">
         <name>_lock</name>
         <value>0x20002318</value>
         <object_component_ref idref="oc-b9"/>
      </symbol>
      <symbol id="sm-65b">
         <name>_unlock</name>
         <value>0x2000231c</value>
         <object_component_ref idref="oc-b9"/>
      </symbol>
      <symbol id="sm-65c">
         <name>_register_lock</name>
         <value>0x6053</value>
         <object_component_ref idref="oc-11f"/>
      </symbol>
      <symbol id="sm-65d">
         <name>_register_unlock</name>
         <value>0x604d</value>
         <object_component_ref idref="oc-11f"/>
      </symbol>
      <symbol id="sm-75e">
         <name>__TI_printfi</name>
         <value>0xab1</value>
         <object_component_ref idref="oc-207"/>
      </symbol>
      <symbol id="sm-772">
         <name>_args_main</name>
         <value>0x6005</value>
         <object_component_ref idref="oc-6c"/>
      </symbol>
      <symbol id="sm-788">
         <name>atoi</name>
         <value>0x5e35</value>
         <object_component_ref idref="oc-289"/>
      </symbol>
      <symbol id="sm-7b2">
         <name>__TI_auto_init</name>
         <value>0x5ad5</value>
         <object_component_ref idref="oc-66"/>
      </symbol>
      <symbol id="sm-7cc">
         <name>copy_in</name>
         <value>0x5e81</value>
         <object_component_ref idref="oc-a0"/>
      </symbol>
      <symbol id="sm-7d7">
         <name>_ctypes_</name>
         <value>0x6250</value>
         <object_component_ref idref="oc-2dd"/>
      </symbol>
      <symbol id="sm-7ed">
         <name>__kernel_cos</name>
         <value>0x4eed</value>
         <object_component_ref idref="oc-20f"/>
      </symbol>
      <symbol id="sm-851">
         <name>__kernel_rem_pio2</name>
         <value>0x27dd</value>
         <object_component_ref idref="oc-21a"/>
      </symbol>
      <symbol id="sm-868">
         <name>__kernel_sin</name>
         <value>0x4c09</value>
         <object_component_ref idref="oc-220"/>
      </symbol>
      <symbol id="sm-877">
         <name>ltoa</name>
         <value>0x5de1</value>
         <object_component_ref idref="oc-277"/>
      </symbol>
      <symbol id="sm-887">
         <name>memccpy</name>
         <value>0x5fcf</value>
         <object_component_ref idref="oc-28f"/>
      </symbol>
      <symbol id="sm-891">
         <name>copysign</name>
         <value>0x6061</value>
         <object_component_ref idref="oc-2c0"/>
      </symbol>
      <symbol id="sm-892">
         <name>copysignl</name>
         <value>0x6061</value>
         <object_component_ref idref="oc-2c0"/>
      </symbol>
      <symbol id="sm-8af">
         <name>floorl</name>
         <value>0x5731</value>
         <object_component_ref idref="oc-2a6"/>
      </symbol>
      <symbol id="sm-8b0">
         <name>floor</name>
         <value>0x5731</value>
         <object_component_ref idref="oc-2a6"/>
      </symbol>
      <symbol id="sm-8c6">
         <name>frexpl</name>
         <value>0x5c1d</value>
         <object_component_ref idref="oc-27d"/>
      </symbol>
      <symbol id="sm-8c7">
         <name>frexp</name>
         <value>0x5c1d</value>
         <object_component_ref idref="oc-27d"/>
      </symbol>
      <symbol id="sm-8d1">
         <name>_system_post_cinit</name>
         <value>0x4a87</value>
         <object_component_ref idref="oc-a6"/>
      </symbol>
      <symbol id="sm-8e1">
         <name>strchr</name>
         <value>0x6035</value>
         <object_component_ref idref="oc-283"/>
      </symbol>
      <symbol id="sm-8fd">
         <name>__aeabi_uldivmod</name>
         <value>0x46dd</value>
         <object_component_ref idref="oc-272"/>
      </symbol>
      <symbol id="sm-91d">
         <name>IntRegister</name>
         <value>0x5f4d</value>
         <object_component_ref idref="oc-14a"/>
      </symbol>
      <symbol id="sm-91e">
         <name>g_pfnRAMVectors</name>
         <value>0x20000000</value>
         <object_component_ref idref="oc-1ee"/>
      </symbol>
      <symbol id="sm-91f">
         <name>IntMasterEnable</name>
         <value>0x609d</value>
         <object_component_ref idref="oc-150"/>
      </symbol>
      <symbol id="sm-929">
         <name>CPUcpsie</name>
         <value>0x60cb</value>
         <object_component_ref idref="oc-1f3"/>
      </symbol>
      <symbol id="sm-92a">
         <name>__TI_static_base__</name>
         <value>0x0</value>
      </symbol>
      <symbol id="sm-92d">
         <name>SHT$$INIT_ARRAY$$Limit</name>
         <value>0x0</value>
      </symbol>
      <symbol id="sm-92e">
         <name>SHT$$INIT_ARRAY$$Base</name>
         <value>0x0</value>
      </symbol>
   </symbol_table>
   <title>Link successful</title>
</link_info>
